--------- beginning of main
09-29 18:23:59.158   457   457 D ProcessState: Binder ioctl to enable oneway spam detection failed: Invalid argument
09-29 18:23:59.158   456   456 D ProcessState: Binder ioctl to enable oneway spam detection failed: Invalid argument
09-29 18:23:59.158   457   457 I SELinux : SELinux: Loaded service_contexts from:
09-29 18:23:59.158   457   457 I SELinux :     /vendor/etc/selinux/vndservice_contexts
09-29 18:23:59.159   457   457 E SELinux : avc:  denied  { add } for pid=457 uid=0 name=manager scontext=u:r:recovery:s0 tcontext=u:object_r:service_manager_vndservice:s0 tclass=service_manager permissive=1
09-29 18:23:59.160   456   456 I SELinux : SELinux: Loaded service_contexts from:
09-29 18:23:59.160   456   456 I SELinux :     /system/etc/selinux/plat_service_contexts
09-29 18:23:59.168   461   461 D hw-ProcessState: Binder ioctl to enable oneway spam detection failed: Invalid argument
--------- beginning of kernel
09-29 18:23:59.170     0     0 I         : (0)[0:swapper][    0.000000]@0 Booting Linux on physical CPU 0x0000000000 [0x412fd050]
09-29 18:23:59.170     0     0 I         : (0)[0:swapper][    0.000000]@0 Linux version 5.4.210-qgki-gfb5d69633641 (root@dg02-pool03-kvm75) (Android (6877366 based on r383902b1) clang version 11.0.2 (https://android.googlesource.com/toolchain/llvm-project b397f81060ce6d701042b782172ed13bee898b79), LLD 11.0.2 (https://android.googlesource.com/toolchain/llvm-project b397f81060ce6d701042b782172ed13bee898b79)) #1 SMP PREEMPT Fri Sep 1 13:45:13 CST 2023
09-29 18:23:59.170     0     0 I (0)[0:swapper][    0.000000]@0 memblock_reserve: 0x180e1a setup_arch+0x64/0x1ec
09-29 18:23:59.170     0     0 I (0)[0:swapper][    0.000000]@0 random: crng init done
09-29 18:23:59.170     0     0 I         : (0)[0:swapper][    0.000000]@0 Machine model: Qualcomm Technologies, Inc. Lahaina MTP
09-29 18:23:59.170     0     0 I (0)[0:swapper][    0.000000]@0 earlycon: msm_geni_serial0 at MMIO 0x000000000098c000 (options '')
09-29 18:23:59.170     0     0 W         : (0)[0:swapper][    0.000000]@0 Malformed early option 'earlycon'
09-29 18:23:59.170     0     0 I (0)[0:swapper][    0.000000]@0 efi: Getting EFI parameters from FDT:
09-29 18:23:59.170     0     0 I (0)[0:swapper][    0.000000]@0 efi: UEFI not found.
09-29 18:23:59.170     0     0 I (0)[0:swapper][    0.000000]@0 OF: fdt: Reserved memory: failed to reserve memory for node 'demura_region_0': base 0x0000000000000000, size 0 MiB
09-29 18:23:59.170     0     0 I (0)[0:swapper][    0.000000]@0 OF: fdt: Reserved memory: failed to reserve memory for node 'demura_region_1': base 0x0000000000000000, size 0 MiB
09-29 18:23:59.170     0     0 I         : (0)[0:swapper][    0.000000]@0 Reserved memory: created CMA memory pool at 0x00000000fec00000, size 16 MiB
09-29 18:23:59.170     0     0 I (0)[0:swapper][    0.000000]@0 OF: reserved mem: initialized node user_contig_region, compatible id shared-dma-pool
09-29 18:23:59.170     0     0 I         : (0)[0:swapper][    0.000000]@0 Reserved memory: created CMA memory pool at 0x00000000fd800000, size 20 MiB
09-29 18:23:59.170     0     0 I (0)[0:swapper][    0.000000]@0 OF: reserved mem: initialized node qseecom_region, compatible id shared-dma-pool
09-29 18:23:59.170     0     0 I         : (0)[0:swapper][    0.000000]@0 Reserved memory: created CMA memory pool at 0x00000000fbc00000, size 28 MiB
09-29 18:23:59.170     0     0 I (0)[0:swapper][    0.000000]@0 OF: reserved mem: initialized node audio_cma_region, compatible id shared-dma-pool
09-29 18:23:59.170     0     0 I         : (0)[0:swapper][    0.000000]@0 Reserved memory: created CMA memory pool at 0x00000000f5800000, size 100 MiB
09-29 18:23:59.170     0     0 I (0)[0:swapper][    0.000000]@0 OF: reserved mem: initialized node non_secure_display_region, compatible id shared-dma-pool
09-29 18:23:59.170     0     0 I         : (0)[0:swapper][    0.000000]@0 Reserved memory: created CMA memory pool at 0x00000000f4c00000, size 12 MiB
09-29 18:23:59.170     0     0 I (0)[0:swapper][    0.000000]@0 OF: reserved mem: initialized node adsp_region, compatible id shared-dma-pool
09-29 18:23:59.170     0     0 I         : (0)[0:swapper][    0.000000]@0 Reserved memory: created DMA memory pool at 0x00000000d8000000, size 8 MiB
09-29 18:23:59.170     0     0 I (0)[0:swapper][    0.000000]@0 OF: reserved mem: initialized node memshare_region, compatible id shared-dma-pool
09-29 18:23:59.170     0     0 I         : (0)[0:swapper][    0.000000]@0 Reserved memory: created CMA memory pool at 0x00000000f4800000, size 4 MiB
09-29 18:23:59.170     0     0 I (0)[0:swapper][    0.000000]@0 OF: reserved mem: initialized node cdsp_region, compatible id shared-dma-pool
09-29 18:23:59.170     0     0 I         : (0)[0:swapper][    0.000000]@0 Reserved memory: created CMA memory pool at 0x00000000f3800000, size 16 MiB
09-29 18:23:59.170     0     0 I (0)[0:swapper][    0.000000]@0 OF: reserved mem: initialized node sp_region, compatible id shared-dma-pool
09-29 18:23:59.170     0     0 I         : (0)[0:swapper][    0.000000]@0 Reserved memory: created CMA memory pool at 0x00000000f3000000, size 8 MiB
09-29 18:23:59.170     0     0 I (0)[0:swapper][    0.000000]@0 OF: reserved mem: initialized node sdsp_region, compatible id shared-dma-pool
09-29 18:23:59.170     0     0 I         : (0)[0:swapper][    0.000000]@0 Reserved memory: created CMA memory pool at 0x00000000d5c00000, size 32 MiB
09-29 18:23:59.170     0     0 I (0)[0:swapper][    0.000000]@0 OF: reserved mem: initialized node linux,cma, compatible id shared-dma-pool
09-29 18:23:59.170     0     0 I         : (0)[0:swapper][    0.000000]@0 Reserved memory: created CMA memory pool at 0x00000000cb800000, size 164 MiB
09-29 18:23:59.170     0     0 I (0)[0:swapper][    0.000000]@0 OF: reserved mem: initialized node secure_display_region, compatible id shared-dma-pool
09-29 18:23:59.170     0     0 I         : (0)[0:swapper][    0.000000]@0 Reserved memory: created CMA memory pool at 0x00000000f2000000, size 16 MiB
09-29 18:23:59.170     0     0 I (0)[0:swapper][    0.000000]@0 OF: reserved mem: initialized node qseecom_ta_region, compatible id shared-dma-pool
09-29 18:23:59.170     0     0 I         : (0)[0:swapper][    0.000000]@0 Reserved memory: created CMA memory pool at 0x00000000ef000000, size 48 MiB
09-29 18:23:59.170     0     0 I (0)[0:swapper][    0.000000]@0 OF: reserved mem: initialized node mem_dump_region, compatible id shared-dma-pool
09-29 18:23:59.170     0     0 D         : (0)[0:swapper][    0.000000]@0 On node 0 totalpages: 2961735
09-29 18:23:59.170     0     0 D         : (0)[0:swapper][    0.000000]@0   Normal zone: 49128 pages used for memmap
09-29 18:23:59.170     0     0 D         : (0)[0:swapper][    0.000000]@0   Normal zone: 0 pages reserved
09-29 18:23:59.170     0     0 D         : (0)[0:swapper][    0.000000]@0   Normal zone: 2961735 pages, LIFO batch:63
09-29 18:23:59.171     0     0 I (0)[0:swapper][    0.000000]@0 psci: probing for conduit method from DT.
09-29 18:23:59.171     0     0 I (0)[0:swapper][    0.000000]@0 psci: PSCIv1.1 detected in firmware.
09-29 18:23:59.171     0     0 I (0)[0:swapper][    0.000000]@0 psci: Using standard PSCI v0.2 function IDs
09-29 18:23:59.171     0     0 I (0)[0:swapper][    0.000000]@0 psci: MIGRATE_INFO_TYPE not supported.
09-29 18:23:59.171     0     0 I (0)[0:swapper][    0.000000]@0 psci: SMC Calling Convention v1.0
09-29 18:23:59.171     0     0 I (0)[0:swapper][    0.000000]@0 psci: OSI mode supported.
09-29 18:23:59.171     0     0 I (0)[0:swapper][    0.000000]@0 psci: Switched to OSI mode.
09-29 18:23:59.171     0     0 I (0)[0:swapper][    0.000000]@0 percpu: Embedded 62 pages/cpu s213784 r8192 d31976 u253952
09-29 18:23:59.171     0     0 D (0)[0:swapper][    0.000000]@0 pcpu-alloc: s213784 r8192 d31976 u253952 alloc=62*4096
09-29 18:23:59.171     0     0 D (0)[0:swapper][    0.000000]@0 pcpu-alloc: [0] 0 [0] 1 [0] 2 [0] 3 [0] 4 [0] 5 [0] 6 [0] 7
09-29 18:23:59.171     0     0 I         : (0)[0:swapper][    0.000000]@0 Detected VIPT I-cache on CPU0
09-29 18:23:59.171     0     0 I         : (0)[0:swapper][    0.000000]@0 CPU features: detected: GIC system register CPU interface
09-29 18:23:59.171     0     0 I         : (0)[0:swapper][    0.000000]@0 CPU features: kernel page table isolation forced OFF by kpti command line option
09-29 18:23:59.171     0     0 I         : (0)[0:swapper][    0.000000]@0 CPU features: detected: Speculative Store Bypassing Safe (SSBS)
09-29 18:23:59.171     0     0 I         : (0)[0:swapper][    0.000000]@0 Built 1 zonelists, mobility grouping on.  Total pages: 2912607
09-29 18:23:59.171     0     0 I         : (0)[0:swapper][    0.000000]@0 Kernel command line: cgroup_disable=pressure log_buf_len=1M earlycon=msm_geni_serial,0x98c000 rcupdate.rcu_expedited=1 rcu_nocbs=0-7 console=ttyMSM0,115200n8 androidboot.hardware=qcom androidboot.console=ttyMSM0 androidboot.memcg=1 lpm_levels.sleep_disabled=1 video=vfb:640x400,bpp=32,memsize=3072000 msm_rtb.filter=0x237 service_locator.enable=1 androidboot.usbcontroller=a600000.dwc3 swiotlb=0 loop.max_part=7 cgroup.memory=nokmem,nosocket pcie_ports=compat loop.max_part=7 iptable_raw.raw_before_defrag=1 ip6table_raw.raw_before_defrag=1 kpti=off iptable_raw.raw_before_defrag=1 buildvariant=user twrpfastboot=1 lk_version=V1.0 androidboot.startupmode=hard_reset androidboot.mode=normal printk.disable_uart=1 short_c_feature_sw_status=0 phx_rus_conf.main_on=1 phx_rus_conf.recovery_method=2 phx_rus_conf.kernel_time=240 phx_rus_conf.android_time=250 smooth_soc_switch=0 simcardnum.doublesim=1 androidboot.opt_sim_count=2 androidboot.prjname=136883 esim.status=0 androidbo
09-29 18:23:59.171     0     0 I (0)[0:swapper]cgroup: Disabling pressure control group feature
09-29 18:23:59.171     0     0 E         : (0)[0:swapper][    0.000000]@0 [OPLUS_CHG][oplus_short_c_feature_sw_status_init]short_c_feature_sw_status[0]
09-29 18:23:59.171     0     0 I         : (0)[0:swapper][    0.000000]@0 hang_oplus_main_on 1
09-29 18:23:59.171     0     0 I         : (0)[0:swapper][    0.000000]@0 hang_oplus_recovery_method 2
09-29 18:23:59.171     0     0 I         : (0)[0:swapper][    0.000000]@0 phx_hlos_wd_pet_time 240
09-29 18:23:59.171     0     0 I         : (0)[0:swapper][    0.000000]@0 Dentry cache hash table entries: 2097152 (order: 12, 16777216 bytes, linear)
09-29 18:23:59.171     0     0 I         : (0)[0:swapper][    0.000000]@0 Inode-cache hash table entries: 1048576 (order: 11, 8388608 bytes, linear)
09-29 18:23:59.171     0     0 I         : (0)[0:swapper][    0.000000]@0 mem auto-init: stack:all(zero), heap alloc:on, heap free:off
09-29 18:23:59.171     0     0 I (0)[0:swapper][    0.000000]@0 Memory: 10977908K/11846940K available (23484K kernel code, 3480K rwdata, 15664K rodata, 4736K init, 4372K bss, 393896K reserved, 475136K cma-reserved)
09-29 18:23:59.171     0     0 I (0)[0:swapper][    0.000000]@0 SLUB: HWalign=64, Order=0-3, MinObjects=0, CPUs=8, Nodes=1
09-29 18:23:59.171     0     0 I         : (0)[0:swapper][    0.000000]@0 [PHOENIX] phx_klog_bootstage: KERNEL_MM_INIT_DONE
09-29 18:23:59.171     0     0 W         : (0)[0:swapper][    0.000000]@0
09-29 18:23:59.171     0     0 W         : (0)[0:swapper][    0.000000]@0 **********************************************************
09-29 18:23:59.171     0     0 W         : (0)[0:swapper][    0.000000]@0 **   NOTICE NOTICE NOTICE NOTICE NOTICE NOTICE NOTICE   **
09-29 18:23:59.171     0     0 W         : (0)[0:swapper][    0.000000]@0 **                                                      **
09-29 18:23:59.171     0     0 W         : (0)[0:swapper][    0.000000]@0 ** trace_printk() being used. Allocating extra memory.  **
09-29 18:23:59.171     0     0 W         : (0)[0:swapper][    0.000000]@0 **                                                      **
09-29 18:23:59.171     0     0 W         : (0)[0:swapper][    0.000000]@0 ** This means that this is a DEBUG kernel and it is     **
09-29 18:23:59.171     0     0 W         : (0)[0:swapper][    0.000000]@0 ** unsafe for production use.                           **
09-29 18:23:59.171     0     0 W         : (0)[0:swapper][    0.000000]@0 **                                                      **
09-29 18:23:59.171     0     0 W         : (0)[0:swapper][    0.000000]@0 ** If you see this message and you are not debugging    **
09-29 18:23:59.171     0     0 W         : (0)[0:swapper][    0.000000]@0 ** the kernel, report this immediately to your vendor!  **
09-29 18:23:59.171     0     0 W         : (0)[0:swapper][    0.000000]@0 **                                                      **
09-29 18:23:59.171     0     0 W         : (0)[0:swapper][    0.000000]@0 **   NOTICE NOTICE NOTICE NOTICE NOTICE NOTICE NOTICE   **
09-29 18:23:59.171     0     0 W         : (0)[0:swapper][    0.000000]@0 **********************************************************
09-29 18:23:59.171     0     0 I (0)[0:swapper/0][    0.000000]@0 rcu: Preemptible hierarchical RCU implementation.
09-29 18:23:59.171     0     0 I (0)[0:swapper/0][    0.000000]@0 rcu: RCU dyntick-idle grace-period acceleration is enabled.
09-29 18:23:59.171     0     0 I (0)[0:swapper/0][    0.000000]@0 rcu: RCU restricting CPUs from NR_CPUS=32 to nr_cpu_ids=8.
09-29 18:23:59.171     0     0 I         : (0)[0:swapper/0][    0.000000]@0 	All grace periods are expedited (rcu_expedited).
09-29 18:23:59.171     0     0 I         : (0)[0:swapper/0][    0.000000]@0 	Tasks RCU enabled.
09-29 18:23:59.171     0     0 I (0)[0:swapper/0][    0.000000]@0 rcu: RCU calculated value of scheduler-enlistment delay is 25 jiffies.
09-29 18:23:59.171     0     0 I (0)[0:swapper/0][    0.000000]@0 rcu: Adjusting geometry for rcu_fanout_leaf=16, nr_cpu_ids=8
09-29 18:23:59.171     0     0 I (0)[0:swapper/0][    0.000000]@0 NR_IRQS: 64, nr_irqs: 64, preallocated irqs: 0
09-29 18:23:59.171     0     0 I (0)[0:swapper/0][    0.000000]@0 GICv3: 988 SPIs implemented
09-29 18:23:59.171     0     0 I (0)[0:swapper/0][    0.000000]@0 GICv3: 0 Extended SPIs implemented
09-29 18:23:59.171     0     0 I (0)[0:swapper/0][    0.000000]@0 GICv3: Distributor has no Range Selector support
09-29 18:23:59.171     0     0 I (0)[0:swapper/0][    0.000000]@0 GICv3: 16 PPIs implemented
09-29 18:23:59.171     0     0 I (0)[0:swapper/0][    0.000000]@0 GICv3: no VLPI support, no direct LPI support
09-29 18:23:59.171     0     0 I (0)[0:swapper/0][    0.000000]@0 rcu: Offload RCU callbacks from CPUs: 0-7.
09-29 18:23:59.171     0     0 I (0)[0:swapper/0][    0.000000]@0 arch_timer: cp15 and mmio timer(s) running at 19.20MHz (virt/virt).
09-29 18:23:59.171     0     0 I (0)[0:swapper/0][    0.000000]@0 clocksource: arch_sys_counter: mask: 0xffffffffffffff max_cycles: 0x46d987e47, max_idle_ns: 440795202767 ns
09-29 18:23:59.171     0     0 I (0)[0:swapper/0][    0.000000]@0 sched_clock: 56 bits at 19MHz, resolution 52ns, wraps every 4398046511078ns
09-29 18:23:59.171     0     0 I (0)[0:swapper/0][    0.000016]@0 clocksource: Switched to clocksource arch_sys_counter
09-29 18:23:59.171     0     0 I         : (0)[0:swapper/0][    0.008898]@0 [PHOENIX] phx_klog_bootstage: KERNEL_LOCAL_IRQ_ENABLE
09-29 18:23:59.171     0     0 I         : (0)[0:swapper/0][    0.008990]@0 Calibrating delay loop (skipped), value calculated using timer frequency.. 38.40 BogoMIPS (lpj=76800)
09-29 18:23:59.171     0     0 I (0)[0:swapper/0][    0.008999]@0 pid_max: default: 32768 minimum: 301
09-29 18:23:59.171     0     0 I (0)[0:swapper/0][    0.009142]@0 LSM: Security Framework initializing
09-29 18:23:59.171     0     0 I (0)[0:swapper/0][    0.009190]@0 SELinux: Initializing.
09-29 18:23:59.171     0     0 I         : (0)[0:swapper/0][    0.009329]@0 Mount-cache hash table entries: 32768 (order: 6, 262144 bytes, linear)
09-29 18:23:59.171     0     0 I         : (0)[0:swapper/0][    0.009361]@0 Mountpoint-cache hash table entries: 32768 (order: 6, 262144 bytes, linear)
09-29 18:23:59.171     0     0 I         : (0)[0:swapper/0][    0.010038]@0 [PHOENIX] phx_klog_bootstage: KERNEL_DELAYACCT_INIT_DONE
09-29 18:23:59.171     1     1 I         : (0)[1:swapper/0][    0.011270]@0 ASID allocator initialised with 32768 entries
09-29 18:23:59.171     1     1 I (0)[1:swapper/0][    0.011406]@0 rcu: Hierarchical SRCU implementation.
09-29 18:23:59.171     1     1 I (0)[1:swapper/0][    0.011828]@0 dynamic_debug: dynamic_debug_init: Ignore empty _ddebug table in a CONFIG_DYNAMIC_DEBUG_CORE build
09-29 18:23:59.171     1     1 I (0)[1:swapper/0][    0.015140]@0 BOOTPROF: 15.139635: ON
09-29 18:23:59.171     1     1 E (0)[1:swapper/0][    0.015736]@0 scm_mem_protection_init_do: SCM call failed
09-29 18:23:59.171     1     1 I         : (0)[1:swapper/0][    0.015747]@0 EFI services will not be available.
09-29 18:23:59.171     1     1 I (0)[1:swapper/0][    0.016220]@0 smp: Bringing up secondary CPUs ...
09-29 18:23:59.171     0     0 I         : (1)[0:swapper/1][    0.018127]@1 Detected VIPT I-cache on CPU1
09-29 18:23:59.171     0     0 I (1)[0:swapper/1][    0.018258]@1 CPU1: Booted secondary processor 0x0000000100 [0x412fd050]
09-29 18:23:59.171     0     0 I         : (2)[0:swapper/2][    0.020495]@2 Detected VIPT I-cache on CPU2
09-29 18:23:59.171     0     0 I (2)[0:swapper/2][    0.020622]@2 CPU2: Booted secondary processor 0x0000000200 [0x412fd050]
09-29 18:23:59.171     0     0 I         : (3)[0:swapper/3][    0.022813]@3 Detected VIPT I-cache on CPU3
09-29 18:23:59.171     0     0 I (3)[0:swapper/3][    0.022925]@3 CPU3: Booted secondary processor 0x0000000300 [0x412fd050]
09-29 18:23:59.171     0     0 I         : (4)[0:swapper/4][    0.027159]@4 CPU features: detected: Spectre-BHB
09-29 18:23:59.171     0     0 I         : (4)[0:swapper/4][    0.027195]@4 Detected PIPT I-cache on CPU4
09-29 18:23:59.171     0     0 W         : (4)[0:swapper/4][    0.027221]@4 CPU features: SANITY CHECK: Unexpected variation in SYS_ID_ISAR4_EL1. Boot CPU: 0x00000000011142, CPU4: 0x00000000010142
09-29 18:23:59.171     0     0 W         : (4)[0:swapper/4][    0.027242]@4 CPU features: SANITY CHECK: Unexpected variation in SYS_ID_PFR0_EL1. Boot CPU: 0x00000010000131, CPU4: 0x00000010010131
09-29 18:23:59.171     0     0 W         : (4)[0:swapper/4][    0.027260]@4 CPU features: SANITY CHECK: Unexpected variation in SYS_ID_PFR1_EL1. Boot CPU: 0x00000010011011, CPU4: 0x00000010010000
09-29 18:23:59.171     0     0 W         : (4)[0:swapper/4][    0.027276]@4 CPU features: Unsupported CPU feature variation detected.
09-29 18:23:59.171     0     0 I (4)[0:swapper/4][    0.027420]@4 CPU4: Booted secondary processor 0x0000000400 [0x411fd410]
09-29 18:23:59.171     0     0 I         : (5)[0:swapper/5][    0.029920]@5 Detected PIPT I-cache on CPU5
09-29 18:23:59.171     0     0 W         : (5)[0:swapper/5][    0.029958]@5 CPU features: SANITY CHECK: Unexpected variation in SYS_ID_ISAR4_EL1. Boot CPU: 0x00000000011142, CPU5: 0x00000000010142
09-29 18:23:59.171     0     0 W         : (5)[0:swapper/5][    0.029984]@5 CPU features: SANITY CHECK: Unexpected variation in SYS_ID_PFR0_EL1. Boot CPU: 0x00000010000131, CPU5: 0x00000010010131
09-29 18:23:59.171     0     0 W         : (5)[0:swapper/5][    0.030003]@5 CPU features: SANITY CHECK: Unexpected variation in SYS_ID_PFR1_EL1. Boot CPU: 0x00000010011011, CPU5: 0x00000010010000
09-29 18:23:59.171     0     0 I (5)[0:swapper/5][    0.030190]@5 CPU5: Booted secondary processor 0x0000000500 [0x411fd410]
09-29 18:23:59.171     0     0 I         : (6)[0:swapper/6][    0.032614]@6 Detected PIPT I-cache on CPU6
09-29 18:23:59.171     0     0 W         : (6)[0:swapper/6][    0.032648]@6 CPU features: SANITY CHECK: Unexpected variation in SYS_ID_ISAR4_EL1. Boot CPU: 0x00000000011142, CPU6: 0x00000000010142
09-29 18:23:59.171     0     0 W         : (6)[0:swapper/6][    0.032672]@6 CPU features: SANITY CHECK: Unexpected variation in SYS_ID_PFR0_EL1. Boot CPU: 0x00000010000131, CPU6: 0x00000010010131
09-29 18:23:59.171     0     0 W         : (6)[0:swapper/6][    0.032692]@6 CPU features: SANITY CHECK: Unexpected variation in SYS_ID_PFR1_EL1. Boot CPU: 0x00000010011011, CPU6: 0x00000010010000
09-29 18:23:59.171     0     0 I (6)[0:swapper/6][    0.032846]@6 CPU6: Booted secondary processor 0x0000000600 [0x411fd410]
09-29 18:23:59.171     0     0 I         : (7)[0:swapper/7][    0.036965]@7 Detected PIPT I-cache on CPU7
09-29 18:23:59.171     0     0 W         : (7)[0:swapper/7][    0.036979]@7 CPU features: SANITY CHECK: Unexpected variation in SYS_ID_ISAR4_EL1. Boot CPU: 0x00000000011142, CPU7: 0x00000000010142
09-29 18:23:59.171     0     0 W         : (7)[0:swapper/7][    0.036988]@7 CPU features: SANITY CHECK: Unexpected variation in SYS_ID_PFR0_EL1. Boot CPU: 0x00000010000131, CPU7: 0x00000010010131
09-29 18:23:59.171     0     0 W         : (7)[0:swapper/7][    0.036995]@7 CPU features: SANITY CHECK: Unexpected variation in SYS_ID_PFR1_EL1. Boot CPU: 0x00000010011011, CPU7: 0x00000010010000
09-29 18:23:59.171     0     0 I (7)[0:swapper/7][    0.037074]@7 CPU7: Booted secondary processor 0x0000000700 [0x411fd440]
09-29 18:23:59.171     1     1 I (0)[1:swapper/0][    0.037294]@0 smp: Brought up 1 node, 8 CPUs
09-29 18:23:59.171     1     1 I (0)[1:swapper/0][    0.037331]@0 SMP: Total of 8 processors activated.
09-29 18:23:59.171     1     1 I         : (0)[1:swapper/0][    0.037341]@0 CPU features: detected: Privileged Access Never
09-29 18:23:59.171     1     1 I         : (0)[1:swapper/0][    0.037347]@0 CPU features: detected: LSE atomic instructions
09-29 18:23:59.171     1     1 I         : (0)[1:swapper/0][    0.037353]@0 CPU features: detected: User Access Override
09-29 18:23:59.171     1     1 I         : (0)[1:swapper/0][    0.037357]@0 CPU features: detected: 32-bit EL0 Support
09-29 18:23:59.171     1     1 I         : (0)[1:swapper/0][    0.037366]@0 CPU features: detected: Common not Private translations
09-29 18:23:59.171     1     1 I         : (0)[1:swapper/0][    0.037376]@0 CPU features: detected: RAS Extension Support
09-29 18:23:59.171     1     1 I         : (0)[1:swapper/0][    0.037381]@0 CPU features: detected: Data cache clean to the PoU not required for I/D coherence
09-29 18:23:59.172     1     1 I         : (0)[1:swapper/0][    0.037387]@0 CPU features: detected: CRC32 instructions
09-29 18:23:59.172     1     1 I (0)[1:swapper/0][    0.083771]@0 CPU: All CPU(s) started at EL1
09-29 18:23:59.172    15    15 I (0)[15:migration/0][    0.083844]@0 alternatives: patching kernel code
09-29 18:23:59.172     1     1 I         : (0)[1:swapper/0][    0.085534]@0 [SCHED_ASSIST_INFO][update_ux_sched_cputopo]update ux sched cpu topology [cls_nr:0 cpus:0-3 cap:512]
09-29 18:23:59.172     1     1 I         : (0)[1:swapper/0][SCHED_ASSIST_INFO][update_ux_sched_cputopo]update ux sched cpu topology [cls_nr:1 cpus:4-6 cap:973]
09-29 18:23:59.172     1     1 I         : (0)[1:swapper/0][SCHED_ASSIST_INFO][update_ux_sched_cputopo]update ux sched cpu topology [cls_nr:2 cpus:7 cap:1024]
09-29 18:23:59.172     1     1 I (0)[1:swapper/0][PHOENIX] phx_klog_bootstage: KERNEL_DRIVER_INIT_DONE
09-29 18:23:59.172     1     1 E (0)[1:swapper/0][    0.327083]@0 param_ram_buffer_map: Failed to map 0x0 pages at 0x0
09-29 18:23:59.172     1     1 E         : (0)[1:swapper/0][    0.327090]@0 param_ram_buffer_map failred
09-29 18:23:59.172     1     1 I         : (4)[1:swapper/0][    0.328240]@4 Registered cp15_barrier emulation handler
09-29 18:23:59.172     1     1 I         : (4)[1:swapper/0][    0.328262]@4 Registered setend emulation handler
09-29 18:23:59.172   458   458 I keystore2: keystore2_main: Keystore2 is starting.
09-29 18:23:59.172     1     1 I (5)[1:swapper/0][    0.328537]@5 clocksource: jiffies: mask: 0xffffffff max_cycles: 0xffffffff, max_idle_ns: 7645041785100000 ns
09-29 18:23:59.172   459   459 D hw-ProcessState: Binder ioctl to enable oneway spam detection failed: Invalid argument
09-29 18:23:59.172     1     1 I         : (5)[1:swapper/0][    0.328566]@5 futex hash table entries: 2048 (order: 5, 131072 bytes, linear)
09-29 18:23:59.172     1     1 I         : (5)[1:swapper/0][    0.333667]@5 pinctrl core: initialized pinctrl subsystem
09-29 18:23:59.172     1     1 I         : (5)[1:swapper/0][    0.333755]@5 <sensor_feedback>sensor_feedback_init call
09-29 18:23:59.172     1     1 I (5)[1:swapper/0][    0.334131]@5 NET: Registered protocol family 16
09-29 18:23:59.172     1     1 I (5)[1:swapper/0][    0.335871]@5 DMA: preallocated 256 KiB pool for atomic allocations
09-29 18:23:59.172     1     1 I (5)[1:swapper/0][    0.335892]@5 audit: initializing netlink subsys (disabled)
09-29 18:23:59.172   458   458 I keystore2: keystore2_main: Starting thread pool now.
01-01 00:00:00.331   454   454 W auditd  : type=2000 audit(0.0:1): state=initialized audit_enabled=0 res=1
09-29 18:23:59.172   458   458 D ProcessState: Binder ioctl to enable oneway spam detection failed: Invalid argument
09-29 18:23:59.172   458   468 I keystore2: getDeviceHalManifest: Reading VINTF information.
09-29 18:23:59.173     1     1 I         : (5)[1:swapper/0][    0.336144]@5 [PHOENIX] phx_is_qcom_platform: Qcom platform
09-29 18:23:59.173     1     1 E (5)[1:swapper/0]phoenix_reboot_speed_init: shutdown_panic in cmdline is -1
09-29 18:23:59.173     1     1 I (5)[1:swapper/0][    0.336504]@5 KPI: uefi_time = 33039
09-29 18:23:59.173     1     1 I (5)[1:swapper/0][    0.336581]@5 BOOTPROF: 336.580886: ON (TH:15)
09-29 18:23:59.173     1     1 I (5)[1:swapper/0][    0.336591]@5 wakelock_profile: comp_str = qcom,lahaina-mtp
09-29 18:23:59.173     1     1 I (5)[1:swapper/0][    0.336599]@5 wakelock_profile: platform is lahaina
09-29 18:23:59.173     1     1 I (5)[1:swapper/0][    0.336616]@5 wakelock_profile: wakelock_profile probed!
09-29 18:23:59.173     1     1 I (6)[1:swapper/0][    0.336806]@6 cpuidle: using governor menu
09-29 18:23:59.173     1     1 I (6)[1:swapper/0][    0.336944]@6 NET: Registered protocol family 42
09-29 18:23:59.173     1     1 I (6)[1:swapper/0][    0.337804]@6 hw-breakpoint: found 6 breakpoint and 4 watchpoint registers.
09-29 18:23:59.173     1     1 I (6)[1:swapper/0][    0.338473]@6 boot_mode_init: parse boot_mode
09-29 18:23:59.173     1     1 E         : (6)[1:swapper/0][    0.338494]@6 androidboot.mode= normal
09-29 18:23:59.173     1     1 E         : (6)[1:swapper/0][    0.338528]@6 board_ftm_mode_init ftm_mode=0
09-29 18:23:59.173     1     1 I         : (6)[1:swapper/0][    0.338548]@6 parse poweron reason hard_reset i = 10
09-29 18:23:59.173     1     1 I         : (6)[1:swapper/0][    0.338599]@6 oplus_devinfo_init call
09-29 18:23:59.173     1     1 I (6)[1:swapper/0][    0.338671]@6 Serial: AMBA PL011 UART driver
09-29 18:23:59.173     1     1 I (4)[1:swapper/0][    0.339085]@4 DMA: preallocated 256 KiB pool for atomic allocations
09-29 18:23:59.173     1     1 I         : (4)[1:swapper/0][    0.339249]@4 [PHOENIX] phoenix_hlos_watchdog_init: phoenix hlos watchdog: on
09-29 18:23:59.173     1     1 I         : (4)[1:swapper/0][    0.339260]@4 [PHOENIX] phx_is_qcom_platform: Qcom platform
09-29 18:23:59.173     1     1 E         : (4)[1:swapper/0]unable to acquire smem SMEM_PROJECT entry
09-29 18:23:59.173     1     1 I         : (4)[1:swapper/0][    0.339269]@4 [PHOENIX] phoenix_hlos_watchdog_init: phoenix hlos watchdog pet time: 240
09-29 18:23:59.173     1     1 I (4)[1:swapper/0][    0.339750]@4 ramoops: found existing invalid buffer, size 1074003668, start 261281
09-29 18:23:59.173     1     1 I (4)[1:swapper/0][    0.339842]@4 ramoops: found existing invalid buffer, size 18446744071562183511, start 115543
09-29 18:23:59.173     1     1 I (4)[1:swapper/0][    0.340334]@4 printk: console [pstore-1] enabled
09-29 18:23:59.173     1     1 I (4)[1:swapper/0][    0.340387]@4 pstore: Registered ramoops as persistent store backend
09-29 18:23:59.173     1     1 I (4)[1:swapper/0][    0.340394]@4 ramoops: using 0x5b8000@0xe9700000, ecc: 0
09-29 18:23:59.173     1     1 E (4)[1:swapper/0][    0.340399]@4 ramoops: dprzs=0XE9700000 dprzss=0X40000 consprz=0XE9840000 cons=0X40000 mprz=0xE9A80000 ps=0X200000 ft=0X200000
09-29 18:23:59.173     1     1 E (7)[1:swapper/0][    0.340407]@4 ramoops: devprz=0XE9C80000 device_info_size=0X8000 dumpprz=0xE9C88000 dump_size=0X8000
09-29 18:23:59.173     0     0 E         : rsv01prz=0XE9C90000 rsv01_size=0X8000 rsv02prz=0xE9C98000 rsv02_size=0X8000
09-29 18:23:59.173     0     0 E         : rsv03prz=0XE9CA0000 rsv03_size=0X8000 rsv04prz=0xE9CA8000 rsv04_size=0X8000
09-29 18:23:59.173     0     0 E         : rsv05prz=0XE9CB0000 rsv05_size=0X8000
09-29 18:23:59.173     1     1 I (7)[1:swapper/0]pm8350_s5_level: supplied by pm8350_s9_level
09-29 18:23:59.173     1     1 I (7)[1:swapper/0][    0.587258]@7 pm8350_s5_lvl_ao: supplied by pm8350_s9_level_ao
09-29 18:23:59.173     1     1 I (7)[1:swapper/0][    1.031363]@7 pm8350c_s6_level: supplied by pm8350_s5_level
09-29 18:23:59.173     1     1 I (7)[1:swapper/0][    1.031536]@7 pm8350c_s6_level_ao: supplied by pm8350_s5_lvl_ao
09-29 18:23:59.173     1     1 I (7)[1:swapper/0][    1.055483]@7 pm8350_s9_mmcx_sup_level: supplied by pm8350c_s6_mmcx_sup_level
09-29 18:23:59.173     1     1 I (7)[1:swapper/0][    1.055499]@7 pm8350_s5_mmcx_sup_level: supplied by pm8350_s9_mmcx_sup_level
09-29 18:23:59.173     1     1 I (7)[1:swapper/0][    1.055512]@7 pm8350c_s8_level: supplied by pm8350_s5_mmcx_sup_level
09-29 18:23:59.173     1     1 I (7)[1:swapper/0][    1.055685]@7 pm8350c_s8_level_ao: supplied by pm8350_s5_lvl_ao
09-29 18:23:59.173     1     1 I         : (7)[1:swapper/0][    1.156465]@7 msm-dcc 117f000.dcc_v2: DCC list passed 3
09-29 18:23:59.173     1     1 I         : (7)[1:swapper/0][    1.156773]@7 msm-dcc 117f000.dcc_v2: All values written to enable.
09-29 18:23:59.173     1     1 I         : (7)[1:swapper/0][    1.156886]@7 msm-dcc 117f000.dcc_v2: DCC list passed 4
09-29 18:23:59.173     1     1 I         : (7)[1:swapper/0][    1.157101]@7 msm-dcc 117f000.dcc_v2: All values written to enable.
09-29 18:23:59.173     1     1 I         : (7)[1:swapper/0][    1.157345]@7 msm-dcc 117f000.dcc_v2: DCC list passed 6
09-29 18:23:59.173     1     1 I         : (7)[1:swapper/0][    1.157614]@7 msm-dcc 117f000.dcc_v2: All values written to enable.
09-29 18:23:59.173     1     1 E         : (7)[1:swapper/0][    1.158349]@7 Disable GPIO151 wakeup
09-29 18:23:59.173     1     1 E         : (7)[1:swapper/0][    1.159080]@7 Disable wakeup gpip function not confing
09-29 18:23:59.173     9     9 I         : (0)[9:kworker/u24:0][    1.169360]@0 spmi spmi-0: PMIC arbiter version v5 (0x50020000)
09-29 18:23:59.173     1     1 I (7)[1:swapper/0][    1.170218]@7 sps: sps is ready
09-29 18:23:59.173     1     1 E         : (7)[1:swapper/0][    1.181331]@7 <sensor_feedback>sensor_sleep_ratio_init,err=0
09-29 18:23:59.173     1     1 I         : (7)[1:swapper/0][    1.181467]@7 <sensor_feedback>sensor_feedback_init success
09-29 18:23:59.173    86    86 I (6)[86:sensor_feedback][    1.181473]@6 <sensor_feedback>sensor_feedback: sensor_report_thread step1!
09-29 18:23:59.173     1     1 I         : (7)[1:swapper/0][    1.181510]@7 oplus_devinfo_probe call
09-29 18:23:59.173     1     1 I         : (7)[1:swapper/0][    1.181529]@7 start
09-29 18:23:59.173     1     1 E (7)[1:swapper/0][    1.181537]@7 chip->s_vector[0].hw[0]: sensor-name 32, 					bus-number 255, sensor-direction 6, 					irq-number 255
09-29 18:23:59.173     1     1 E (7)[1:swapper/0][    1.181546]@7 gsensor_feature[0]: 1
09-29 18:23:59.173     1     1 E (7)[1:swapper/0][    1.181551]@7 gsensor_feature[1]: 0
09-29 18:23:59.173     1     1 E (7)[1:swapper/0][    1.181558]@7 chip->s_vector[2].hw[0]: sensor-name 2, 					bus-number 255, sensor-direction 2, 					irq-number 255
09-29 18:23:59.173     1     1 E         : (7)[1:swapper/0][    1.181564]@7 soft magnetic parameter[0] : 9999
09-29 18:23:59.173     1     1 E         : (7)[1:swapper/0][    1.181569]@7 soft magnetic parameter[1] : 0
09-29 18:23:59.173     1     1 E         : (7)[1:swapper/0][    1.181573]@7 soft magnetic parameter[2] : 129
09-29 18:23:59.173     1     1 E         : (7)[1:swapper/0][    1.181577]@7 soft magnetic parameter[3] : 1
09-29 18:23:59.173     1     1 E         : (7)[1:swapper/0][    1.181582]@7 soft magnetic parameter[4] : 45
09-29 18:23:59.173     1     1 E         : (7)[1:swapper/0][    1.181586]@7 soft magnetic parameter[5] : 1
09-29 18:23:59.173     1     1 E         : (7)[1:swapper/0][    1.181590]@7 soft magnetic parameter[6] : 466
09-29 18:23:59.173     1     1 E         : (7)[1:swapper/0][    1.181594]@7 soft magnetic parameter[7] : 0
09-29 18:23:59.173     1     1 E         : (7)[1:swapper/0][    1.181598]@7 soft magnetic parameter[8] : 10251
09-29 18:23:59.173     1     1 E         : (7)[1:swapper/0][    1.181603]@7 soft magnetic parameter[9] : 0
09-29 18:23:59.173     1     1 E         : (7)[1:swapper/0][    1.181607]@7 soft magnetic parameter[10] : 266
09-29 18:23:59.173     1     1 E         : (7)[1:swapper/0][    1.181611]@7 soft magnetic parameter[11] : 0
09-29 18:23:59.173     1     1 E         : (7)[1:swapper/0][    1.181615]@7 soft magnetic parameter[12] : 32
09-29 18:23:59.173   458   468 I keystore2: getDeviceHalManifest: Successfully processed VINTF information
09-29 18:23:59.173     1     1 E         : (7)[1:swapper/0][    1.181619]@7 soft magnetic parameter[13] : 0
09-29 18:23:59.173     1     1 E         : (7)[1:swapper/0][    1.181623]@7 soft magnetic parameter[14] : 128
09-29 18:23:59.173     1     1 E         : (7)[1:swapper/0][    1.181628]@7 soft magnetic parameter[15] : 1
09-29 18:23:59.173     1     1 E         : (7)[1:swapper/0][    1.181632]@7 soft magnetic parameter[16] : 11396
09-29 18:23:59.173     1     1 E         : (7)[1:swapper/0][    1.181636]@7 soft magnetic parameter[17] : 0
09-29 18:23:59.173     1     1 E (7)[1:swapper/0][    1.181643]@7 chip->s_vector[3].hw[0]: sensor-name 16, 					bus-number 1, sensor-direction 255, 					irq-number 89
09-29 18:23:59.173     1     1 E         : (7)[1:swapper/0][    1.181650]@7 light feature[als-type] : 1
09-29 18:23:59.173     1     1 E         : (7)[1:swapper/0][    1.181654]@7 light feature[is-unit-device] : 1
09-29 18:23:59.173     1     1 E         : (7)[1:swapper/0][    1.181659]@7 light feature[is-als-dri] : 0
09-29 18:23:59.173     1     1 E         : (7)[1:swapper/0][    1.181664]@7 light feature[als-factor] : 110
09-29 18:23:59.173     1     1 E         : (7)[1:swapper/0][    1.181669]@7 light feature[is_als_initialed] : 0
09-29 18:23:59.173     1     1 E         : (7)[1:swapper/0][    1.181674]@7 light feature[als_buffer_length] : 10
09-29 18:23:59.173     1     1 E         : (7)[1:swapper/0][    1.181679]@7 light feature[normalization_value] : 1057
09-29 18:23:59.173     1     1 I         : (7)[1:swapper/0][    1.181684]@7 parse use_lb_algo failed!
09-29 18:23:59.173     1     1 E (7)[1:swapper/0]light feature[use_lb_algo]: 0
09-29 18:23:59.173     1     1 I         : (7)[1:swapper/0][    1.181691]@7 parse para-matrix failed!
09-29 18:23:59.173     1     1 E (7)[1:swapper/0]light feature[para-matrix]: 0
09-29 18:23:59.173     1     1 E         : (7)[1:swapper/0][    1.181699]@7 light feature[als_ratio_type] : 0
09-29 18:23:59.173     1     1 I         : (7)[1:swapper/0][    1.181704]@7 parse coef_a failed!
09-29 18:23:59.173     1     1 E (7)[1:swapper/0]light_para[coef_a]: 0
09-29 18:23:59.173     1     1 I         : (7)[1:swapper/0][    1.181711]@7 parse coef_b failed!
09-29 18:23:59.173   456   456 E SELinux : avc:  denied  { add } for pid=458 uid=0 name=android.security.compat scontext=u:r:recovery:s0 tcontext=u:object_r:keystore_compat_hal_service:s0 tclass=service_manager permissive=1
09-29 18:23:59.173     1     1 E (7)[1:swapper/0]light_para[coef_b]: 0
09-29 18:23:59.174   456   456 E SELinux : avc:  denied  { find } for pid=458 uid=0 name=android.security.compat scontext=u:r:recovery:s0 tcontext=u:object_r:keystore_compat_hal_service:s0 tclass=service_manager permissive=1
09-29 18:23:59.174     1     1 I         : (7)[1:swapper/0][    1.181718]@7 parse coef_c failed!
09-29 18:23:59.174     1     1 E (7)[1:swapper/0]light_para[coef_c]: 0
09-29 18:23:59.174     1     1 I         : (7)[1:swapper/0][    1.181725]@7 parse coef_d failed!
09-29 18:23:59.174     1     1 E (7)[1:swapper/0]light_para[coef_d]: 0
09-29 18:23:59.174     1     1 I         : (7)[1:swapper/0][    1.181731]@7 parse coef_e failed!
09-29 18:23:59.174     1     1 E (7)[1:swapper/0]light_para[coef_e]: 0
09-29 18:23:59.174     1     1 I         : (7)[1:swapper/0][    1.181738]@7 parse coef_ratio failed!
09-29 18:23:59.174     1     1 E (7)[1:swapper/0]light_para[coef_ratio]: 0
09-29 18:23:59.174     1     1 E (7)[1:swapper/0][    1.181745]@7 light_para[gold-reset-scale]: 1001
09-29 18:23:59.174     1     1 I         : (7)[1:swapper/0][    1.181749]@7 parse lcd_type failed!
09-29 18:23:59.174     1     1 E (7)[1:swapper/0]light_para[lcd_type]: 0
09-29 18:23:59.174     1     1 I         : (7)[1:swapper/0][    1.181756]@7 parse linear_comp_scope failed!
09-29 18:23:59.174     1     1 E (7)[1:swapper/0]light_para[linear_comp_scope]: 0
09-29 18:23:59.174     1     1 I         : (7)[1:swapper/0][    1.181764]@7 parse linear_comp_intercept failed!
09-29 18:23:59.174     1     1 E (7)[1:swapper/0]light_para[linear_comp_intercept]: 0
09-29 18:23:59.174     1     1 I         : (7)[1:swapper/0][    1.181772]@7 parse temp_lux failed!
09-29 18:23:59.174     1     1 E (7)[1:swapper/0]light_para[temp_lux]: 0
09-29 18:23:59.174     1     1 I         : (7)[1:swapper/0][    1.181779]@7 parse coef failed!
09-29 18:23:59.174     1     1 E (7)[1:swapper/0]light_para[coef]: 0
09-29 18:23:59.174     1     1 I         : (7)[1:swapper/0][    1.181787]@7 parse bal_coef failed!
09-29 18:23:59.174     1     1 E (7)[1:swapper/0]light_para[bal_coef]: 0
09-29 18:23:59.174     1     1 I         : (7)[1:swapper/0][    1.181796]@7 parse ir_coef_stage_0 failed!
09-29 18:23:59.174     1     1 E (7)[1:swapper/0]light_para[ir_coef_stage_0]: 0
09-29 18:23:59.174     1     1 I         : (7)[1:swapper/0][    1.181805]@7 parse ir_coef_stage_1 failed!
09-29 18:23:59.174     1     1 E (7)[1:swapper/0]light_para[ir_coef_stage_1]: 0
09-29 18:23:59.174     1     1 I         : (7)[1:swapper/0][    1.181814]@7 parse ir_coef_stage_2 failed!
09-29 18:23:59.174     1     1 E (7)[1:swapper/0]light_para[ir_coef_stage_2]: 0
09-29 18:23:59.174     1     1 I         : (7)[1:swapper/0][    1.181821]@7 parse ir_coef_stage_3 failed!
09-29 18:23:59.174     1     1 E (7)[1:swapper/0]light_para[ir_coef_stage_3]: 0
09-29 18:23:59.174     1     1 I         : (7)[1:swapper/0][    1.181829]@7 parse ir_coef_val_0 failed!
09-29 18:23:59.174     1     1 E (7)[1:swapper/0]light_para[ir_coef_val_0]: 0
09-29 18:23:59.174     1     1 I         : (7)[1:swapper/0][    1.181836]@7 parse ir_coef_val_1 failed!
09-29 18:23:59.174     1     1 E (7)[1:swapper/0]light_para[ir_coef_val_1]: 0
09-29 18:23:59.174     1     1 I         : (7)[1:swapper/0][    1.181843]@7 parse ir_coef_val_2 failed!
09-29 18:23:59.174     1     1 E (7)[1:swapper/0]light_para[ir_coef_val_2]: 0
09-29 18:23:59.174     1     1 I         : (7)[1:swapper/0][    1.181849]@7 parse ir_coef_val_3 failed!
09-29 18:23:59.174     1     1 E (7)[1:swapper/0]light_para[ir_coef_val_3]: 0
09-29 18:23:59.174     1     1 I         : (7)[1:swapper/0][    1.181856]@7 parse ir_coef_val_4 failed!
09-29 18:23:59.174     1     1 E (7)[1:swapper/0]light_para[ir_coef_val_4]: 0
09-29 18:23:59.174     1     1 I         : (7)[1:swapper/0][    1.181862]@7 parse lb-dbv-coefs-id failed!
09-29 18:23:59.174     1     1 E (7)[1:swapper/0]light_para[lb-dbv-coefs-id]: 0
09-29 18:23:59.174     1     1 I         : (7)[1:swapper/0][    1.181869]@7 parse light-cut failed!
09-29 18:23:59.174     1     1 E (7)[1:swapper/0]light_para[light-cut]: 0
09-29 18:23:59.174     1     1 E (7)[1:swapper/0][    1.181880]@7 chip->s_vector[4].hw[0]: sensor-name 16, 					bus-number 1, sensor-direction 255, 					irq-number 89
09-29 18:23:59.174     1     1 E (7)[1:swapper/0][    1.181888]@7 parameter[0]: 300
09-29 18:23:59.175     1     1 E (7)[1:swapper/0][    1.181893]@7 parameter[1]: 400
09-29 18:23:59.175     1     1 E (7)[1:swapper/0][    1.181897]@7 parameter[2]: 700
09-29 18:23:59.175     1     1 E (7)[1:swapper/0][    1.181902]@7 parameter[3]: 900
09-29 18:23:59.175     1     1 E (7)[1:swapper/0][    1.181906]@7 parameter[4]: 500
09-29 18:23:59.175     1     1 E (7)[1:swapper/0][    1.181910]@7 parameter[5]: 700
09-29 18:23:59.175     1     1 E (7)[1:swapper/0][    1.181914]@7 parameter[6]: 1800
09-29 18:23:59.175     1     1 E (7)[1:swapper/0][    1.181918]@7 parameter[7]: 2000
09-29 18:23:59.175     1     1 E (7)[1:swapper/0][    1.181923]@7 parameter[8]: 0
09-29 18:23:59.175     1     1 E (7)[1:swapper/0][    1.181927]@7 parameter[9]: 1850
09-29 18:23:59.175     1     1 E (7)[1:swapper/0][    1.181932]@7 parameter[10]: 5
09-29 18:23:59.175     1     1 E (7)[1:swapper/0][    1.181936]@7 parameter[11]: 400
09-29 18:23:59.175     1     1 E (7)[1:swapper/0][    1.181941]@7 parameter[12]: 100
09-29 18:23:59.175     1     1 E (7)[1:swapper/0][    1.181945]@7 parameter[13]: 2000
09-29 18:23:59.175     1     1 E (7)[1:swapper/0][    1.181949]@7 parameter[14]: 70
09-29 18:23:59.175     1     1 E (7)[1:swapper/0][    1.181953]@7 parameter[15]: 4500
09-29 18:23:59.175     1     1 E (7)[1:swapper/0][    1.181957]@7 parameter[16]: 1000
09-29 18:23:59.175     1     1 E (7)[1:swapper/0][    1.181962]@7 parameter[17]: 60000
09-29 18:23:59.175     1     1 E (7)[1:swapper/0][    1.181966]@7 parameter[18]: 0
09-29 18:23:59.175     1     1 E (7)[1:swapper/0][    1.181970]@7 parameter[19]: 65534
09-29 18:23:59.175     1     1 E (7)[1:swapper/0][    1.181975]@7 parameter[20]: 2000
09-29 18:23:59.175     1     1 E (7)[1:swapper/0][    1.181979]@7 parameter[21]: 30
09-29 18:23:59.175     1     1 E (7)[1:swapper/0][    1.181983]@7 parameter[22]: 3000
09-29 18:23:59.175     1     1 E (7)[1:swapper/0][    1.181988]@7 parameter[23]: 0
09-29 18:23:59.175     1     1 I         : (7)[1:swapper/0][    1.181992]@7 parse alsps sensor reg failed
09-29 18:23:59.175     1     1 E (7)[1:swapper/0][    1.181996]@7 ps-type: 1 ps_saturation:0 is_need_close_pd:0
09-29 18:23:59.175     1     1 E (7)[1:swapper/0][    1.182003]@7 chip->s_vector[5].hw[0]: sensor-name 2, 					bus-number 255, sensor-direction 255, 					irq-number 91
09-29 18:23:59.175     1     1 I         : (7)[1:swapper/0][    1.182009]@7 parse sar sensor reg failed
09-29 18:23:59.175     1     1 E         : (7)[1:swapper/0][    1.182013]@7 sar channel-num: 3
09-29 18:23:59.175     1     1 E         : (7)[1:swapper/0][    1.182017]@7 sar dc_offset_l[0] = 0, dc_offset_H[5] = 0
09-29 18:23:59.175     1     1 E         : (7)[1:swapper/0]sar dc_offset_l[1] = 0, dc_offset_H[6] = 0
09-29 18:23:59.175     1     1 E         : (7)[1:swapper/0]sar dc_offset_l[2] = 0, dc_offset_H[7] = 0
09-29 18:23:59.175     1     1 E         : (7)[1:swapper/0]sar dc_offset_l[3] = 0, dc_offset_H[8] = 0
09-29 18:23:59.175     1     1 E         : (7)[1:swapper/0]sar dc_offset_l[4] = 0, dc_offset_H[9] = 0
09-29 18:23:59.175     1     1 E         : (7)[1:swapper/0]sar dc_offset_l[0] = 5746, dc_offset_H[5] = 8360
09-29 18:23:59.175     1     1 E         : (7)[1:swapper/0]sar dc_offset_l[1] = 5290, dc_offset_H[6] = 7728
09-29 18:23:59.175     1     1 E         : (7)[1:swapper/0]sar dc_offset_l[2] = 3562, dc_offset_H[7] = 5791
09-29 18:23:59.175     1     1 E         : (7)[1:swapper/0]sar dc_offset_l[3] = 4, dc_offset_H[8] = 30004
09-29 18:23:59.175     1     1 E         : (7)[1:swapper/0]sar dc_offset_l[4] = 5, dc_offset_H[9] = 30005
09-29 18:23:59.175     1     1 E (7)[1:swapper/0]chip->s_vector[7].hw[0]: sensor-name 1, 					bus-number 5, sensor-direction 255, 					irq-number 255
09-29 18:23:59.175     1     1 E (7)[1:swapper/0][    1.182065]@7 cct_feature[0]: 1
09-29 18:23:59.175     1     1 E (7)[1:swapper/0][    1.182069]@7 cct_feature[1]: 7
09-29 18:23:59.175     1     1 E (7)[1:swapper/0][    1.182074]@7 cct_feature[2]: 0
09-29 18:23:59.175     1     1 E (7)[1:swapper/0][    1.182078]@7 cct_feature[3]: 25
09-29 18:23:59.175     1     1 E (7)[1:swapper/0][    1.182082]@7 cct_feature[4]: 2
09-29 18:23:59.175     1     1 E (7)[1:swapper/0][    1.182086]@7 cct_parameter[0]: 5
09-29 18:23:59.175     1     1 E (7)[1:swapper/0][    1.182090]@7 cct_parameter[1]: 0
09-29 18:23:59.175     1     1 E (7)[1:swapper/0][    1.182095]@7 cct_parameter[2]: 0
09-29 18:23:59.175     1     1 E (7)[1:swapper/0][    1.182099]@7 cct_parameter[3]: 0
09-29 18:23:59.175     1     1 E (7)[1:swapper/0][    1.182103]@7 cct_parameter[4]: 0
09-29 18:23:59.175     1     1 E (7)[1:swapper/0][    1.182107]@7 cct_parameter[5]: 0
09-29 18:23:59.175     1     1 E (7)[1:swapper/0][    1.182112]@7 cct_parameter[6]: 0
09-29 18:23:59.175     1     1 E (7)[1:swapper/0][    1.182116]@7 cct_parameter[7]: 0
09-29 18:23:59.175     1     1 E (7)[1:swapper/0][    1.182120]@7 cct_parameter[8]: 0
09-29 18:23:59.175     1     1 E (7)[1:swapper/0][    1.182125]@7 cct_parameter[9]: 0
09-29 18:23:59.175     1     1 E (7)[1:swapper/0][    1.182129]@7 chip->a_vector[0].sensor_id: sensor_type 0
09-29 18:23:59.175     1     1 E (7)[1:swapper/0]is-need-prox: 1, prox-type: 0
09-29 18:23:59.175     1     1 E (7)[1:swapper/0][    1.182137]@7 chip->a_vector[1].sensor_id: sensor_type 1
09-29 18:23:59.175     1     1 E (7)[1:swapper/0]thrd-low: 12, thrd-high: 50, als-type: 0, fold-feature: 0
09-29 18:23:59.175     1     1 E (7)[1:swapper/0][    1.182147]@7 chip->a_vector[3].sensor_id: sensor_type 3
09-29 18:23:59.175     1     1 E (7)[1:swapper/0]prox-type: 0
09-29 18:23:59.176     1     1 E (7)[1:swapper/0][    1.182154]@7 chip->a_vector[4].sensor_id: sensor_type 4
09-29 18:23:59.176     1     1 I         : (7)[1:swapper/0]oplus_device_dir_redirect oplus_device_dir_redirect
09-29 18:23:59.176     1     1 I         : (7)[1:swapper/0][    1.182163]@7 oplus_devinfo_probe success
09-29 18:23:59.176     1     1 I         : (7)[1:swapper/0][    1.182169]@7 oplus_press_cali_data_init call
09-29 18:23:59.176     1     1 I         : (7)[1:swapper/0][    1.182174]@7 oplus_als_cali_data_init call
09-29 18:23:59.176     1     1 I         : (7)[1:swapper/0][    1.186119]@7 hh-watchdog hypervisor:qcom,hh-watchdog: QCOM Apps Watchdog Initialized
09-29 18:23:59.176     1     1 I (7)[1:swapper/0][    1.186196]@7 BOOTPROF: 1186.195524:initcall: of_platform_default_populate_init   846.802086ms
09-29 18:23:59.176    92    92 I         : (7)[92:cryptomgr_test][    1.192516]@7 cryptomgr_test (92) used greatest stack depth: 14992 bytes left
09-29 18:23:59.176     1     1 I (4)[1:swapper/0][    1.193979]@4 cryptd: max_cpu_qlen set to 1000
09-29 18:23:59.176     1     1 W         : (7)[1:swapper/0][    1.196934]@7 ZSTD_DEF_LEVEL val 1
09-29 18:23:59.176     1     1 I (4)[1:swapper/0][    1.200263]@4 gcc_pcie_0_gdsc: supplied by pm8350c_s6_level
09-29 18:23:59.176     1     1 I (4)[1:swapper/0][    1.203284]@4 gcc_pcie_1_gdsc: supplied by pm8350c_s6_level
09-29 18:23:59.176     1     1 I (4)[1:swapper/0][    1.206261]@4 gcc_ufs_card_gdsc: supplied by pm8350c_s6_level
09-29 18:23:59.176     1     1 I (4)[1:swapper/0][    1.209226]@4 gcc_ufs_phy_gdsc: supplied by pm8350c_s6_level
09-29 18:23:59.176     1     1 I (4)[1:swapper/0][    1.227158]@4 gpu_cc_cx_gdsc: supplied by pm8350c_s6_level
09-29 18:23:59.176     1     1 I (4)[1:swapper/0][    1.230119]@4 gpu_cc_gx_gdsc: supplied by pm8350_s6_level
09-29 18:23:59.176     1     1 I (4)[1:swapper/0][    1.233308]@4 BOOTPROF: 1233.307138:initcall: gdsc_init    35.127709ms
09-29 18:23:59.176     1     1 I         : (4)[1:swapper/0][    1.236624]@4 qmp-aop-clk soc:qcom,aopclk: Registered clocks with AOP
09-29 18:23:59.176    61    61 I         : (2)[61:rcuop/6][    1.240119]@2 cryptomgr_test (109): highest shadow stack usage: 120 bytes
09-29 18:23:59.176    61    61 I         : (2)[61:rcuop/6][    1.248175]@2 cryptomgr_test (128): highest shadow stack usage: 128 bytes
09-29 18:23:59.176     9     9 I (7)[9:kworker/u24:0][    1.270188]@7 oledb: Bringing 0uV into 5000000-5000000uV
09-29 18:23:59.176     9     9 I (7)[9:kworker/u24:0][    1.270260]@7 ab: Bringing 0uV into 4600000-4600000uV
09-29 18:23:59.176     9     9 I (7)[9:kworker/u24:0][    1.270323]@7 ibb: Bringing 0uV into 1400000-1400000uV
09-29 18:23:59.176     1     1 I         : (4)[1:swapper/0][    1.270765]@4 lahaina-gcc 100000.qcom,gcc: Registered GCC clocks
09-29 18:23:59.176     1     1 I (4)[1:swapper/0][    1.271745]@4 BOOTPROF: 1271.744274:initcall: zlib_inflate_workspacesize.cfi_jt    29.709948ms
09-29 18:23:59.176     1     1 I         : (4)[1:swapper/0][    1.282400]@4 gpu_cc-lahaina 3d90000.qcom,gpucc: Registered GPU CC clocks
09-29 18:23:59.176     1     1 E         : (4)[1:swapper/0][    1.359302]@4 Rate 19200000 for cam_cc_sleep_clk_src is greater than highest Fmax
09-29 18:23:59.176     1     1 E         : (4)[1:swapper/0][    1.359313]@4 Rate 19200000 for cam_cc_sleep_clk_src is greater than highest Fmax
09-29 18:23:59.176     1     1 I         : (4)[1:swapper/0][    1.363265]@4 lahaina-cam_cc ad00000.qcom,camcc: Registered CAM CC clocks
09-29 18:23:59.176     1     1 I (4)[1:swapper/0][    1.363576]@4 BOOTPROF: 1363.575420:initcall: zlib_inflate_workspacesize.cfi_jt    80.937709ms
09-29 18:23:59.176     1     1 I         : (4)[1:swapper/0][    1.382726]@4 video_cc-lahaina abf0000.qcom,videocc: Registered VIDEO CC clocks
09-29 18:23:59.176     1     1 I (4)[1:swapper/0][    1.382962]@4 BOOTPROF: 1382.961097:initcall: zlib_inflate_workspacesize.cfi_jt    19.368489ms
09-29 18:23:59.176     1     1 I (7)[1:swapper/0][    1.387007]@7 KPI: Bootloader start count = 131605
