09-29 18:23:59.178     1     1 E         : (7)[1:swapper/0][    1.978583]@7 qcom-hv-haptics c440000.qcom,spmi:qcom,pm8350b@3:qcom,hv-haptics@f000: pattern src: PATTERN1
09-29 18:23:59.178     1     1 E         : (7)[1:swapper/0][    1.978584]@7 qcom-hv-haptics c440000.qcom,spmi:qcom,pm8350b@3:qcom,hv-haptics@f000: auto resonance disabled
09-29 18:23:59.178     1     1 E         : (7)[1:swapper/0][    1.978586]@7 qcom-hv-haptics c440000.qcom,spmi:qcom,pm8350b@3:qcom,hv-haptics@f000: effect 2
09-29 18:23:59.178     1     1 E         : (7)[1:swapper/0][    1.978588]@7 qcom-hv-haptics c440000.qcom,spmi:qcom,pm8350b@3:qcom,hv-haptics@f000: vmax_mv = 3600
09-29 18:23:59.178     1     1 E         : (7)[1:swapper/0][    1.978590]@7 qcom-hv-haptics c440000.qcom,spmi:qcom,pm8350b@3:qcom,hv-haptics@f000: pattern = 31, period = T_LRA, f_lra_x2 = 0
09-29 18:23:59.178     1     1 E         : (7)[1:swapper/0][    1.978592]@7 qcom-hv-haptics c440000.qcom,spmi:qcom,pm8350b@3:qcom,hv-haptics@f000: pattern = 63, period = T_LRA, f_lra_x2 = 0
09-29 18:23:59.178     1     1 E         : (7)[1:swapper/0][    1.978594]@7 qcom-hv-haptics c440000.qcom,spmi:qcom,pm8350b@3:qcom,hv-haptics@f000: pattern = 95, period = T_LRA, f_lra_x2 = 0
09-29 18:23:59.178     1     1 E         : (7)[1:swapper/0][    1.978596]@7 qcom-hv-haptics c440000.qcom,spmi:qcom,pm8350b@3:qcom,hv-haptics@f000: pattern = 127, period = T_LRA, f_lra_x2 = 0
09-29 18:23:59.178     1     1 E         : (7)[1:swapper/0][    1.978598]@7 qcom-hv-haptics c440000.qcom,spmi:qcom,pm8350b@3:qcom,hv-haptics@f000: pattern = 383, period = T_LRA, f_lra_x2 = 0
09-29 18:23:59.178     1     1 E         : (7)[1:swapper/0][    1.978600]@7 qcom-hv-haptics c440000.qcom,spmi:qcom,pm8350b@3:qcom,hv-haptics@f000: pattern = 351, period = T_LRA, f_lra_x2 = 0
09-29 18:23:59.178     1     1 E         : (7)[1:swapper/0][    1.978602]@7 qcom-hv-haptics c440000.qcom,spmi:qcom,pm8350b@3:qcom,hv-haptics@f000: pattern = 319, period = T_LRA, f_lra_x2 = 0
09-29 18:23:59.178     1     1 E         : (7)[1:swapper/0][    1.978604]@7 qcom-hv-haptics c440000.qcom,spmi:qcom,pm8350b@3:qcom,hv-haptics@f000: pattern = 287, period = T_LRA, f_lra_x2 = 0
09-29 18:23:59.178     1     1 E         : (7)[1:swapper/0][    1.978606]@7 qcom-hv-haptics c440000.qcom,spmi:qcom,pm8350b@3:qcom,hv-haptics@f000: pattern play_rate_us = 6667
09-29 18:23:59.178     1     1 E         : (7)[1:swapper/0][    1.978608]@7 qcom-hv-haptics c440000.qcom,spmi:qcom,pm8350b@3:qcom,hv-haptics@f000: pattern play_length_us = 46669
09-29 18:23:59.178     1     1 E         : (7)[1:swapper/0][    1.978610]@7 qcom-hv-haptics c440000.qcom,spmi:qcom,pm8350b@3:qcom,hv-haptics@f000: pattern preload = 0
09-29 18:23:59.178     1     1 E         : (7)[1:swapper/0][    1.978612]@7 qcom-hv-haptics c440000.qcom,spmi:qcom,pm8350b@3:qcom,hv-haptics@f000: pattern src: PATTERN1
09-29 18:23:59.178     1     1 E         : (7)[1:swapper/0][    1.978614]@7 qcom-hv-haptics c440000.qcom,spmi:qcom,pm8350b@3:qcom,hv-haptics@f000: auto resonance disabled
09-29 18:23:59.178     1     1 E         : (7)[1:swapper/0][    1.978616]@7 qcom-hv-haptics c440000.qcom,spmi:qcom,pm8350b@3:qcom,hv-haptics@f000: effect 3
09-29 18:23:59.178     1     1 E         : (7)[1:swapper/0][    1.978618]@7 qcom-hv-haptics c440000.qcom,spmi:qcom,pm8350b@3:qcom,hv-haptics@f000: vmax_mv = 3600
09-29 18:23:59.178     1     1 E         : (7)[1:swapper/0][    1.978620]@7 qcom-hv-haptics c440000.qcom,spmi:qcom,pm8350b@3:qcom,hv-haptics@f000: pattern = 31, period = T_LRA, f_lra_x2 = 0
09-29 18:23:59.178     1     1 E         : (7)[1:swapper/0][    1.978622]@7 qcom-hv-haptics c440000.qcom,spmi:qcom,pm8350b@3:qcom,hv-haptics@f000: pattern = 63, period = T_LRA, f_lra_x2 = 0
09-29 18:23:59.178     1     1 E         : (7)[1:swapper/0][    1.978624]@7 qcom-hv-haptics c440000.qcom,spmi:qcom,pm8350b@3:qcom,hv-haptics@f000: pattern = 95, period = T_LRA, f_lra_x2 = 0
09-29 18:23:59.178     1     1 E         : (7)[1:swapper/0][    1.978626]@7 qcom-hv-haptics c440000.qcom,spmi:qcom,pm8350b@3:qcom,hv-haptics@f000: pattern = 127, period = T_LRA, f_lra_x2 = 0
09-29 18:23:59.178     1     1 E         : (7)[1:swapper/0][    1.978628]@7 qcom-hv-haptics c440000.qcom,spmi:qcom,pm8350b@3:qcom,hv-haptics@f000: pattern = 383, period = T_LRA, f_lra_x2 = 0
09-29 18:23:59.178     1     1 E         : (7)[1:swapper/0][    1.978631]@7 qcom-hv-haptics c440000.qcom,spmi:qcom,pm8350b@3:qcom,hv-haptics@f000: pattern = 351, period = T_LRA, f_lra_x2 = 0
09-29 18:23:59.178     1     1 E         : (7)[1:swapper/0][    1.978633]@7 qcom-hv-haptics c440000.qcom,spmi:qcom,pm8350b@3:qcom,hv-haptics@f000: pattern = 319, period = T_LRA, f_lra_x2 = 0
09-29 18:23:59.178     1     1 E         : (7)[1:swapper/0][    1.978635]@7 qcom-hv-haptics c440000.qcom,spmi:qcom,pm8350b@3:qcom,hv-haptics@f000: pattern = 287, period = T_LRA, f_lra_x2 = 0
09-29 18:23:59.178     1     1 E         : (7)[1:swapper/0][    1.978637]@7 qcom-hv-haptics c440000.qcom,spmi:qcom,pm8350b@3:qcom,hv-haptics@f000: pattern play_rate_us = 6667
09-29 18:23:59.178     1     1 E         : (7)[1:swapper/0][    1.978639]@7 qcom-hv-haptics c440000.qcom,spmi:qcom,pm8350b@3:qcom,hv-haptics@f000: pattern play_length_us = 46669
09-29 18:23:59.178     1     1 E         : (7)[1:swapper/0][    1.978641]@7 qcom-hv-haptics c440000.qcom,spmi:qcom,pm8350b@3:qcom,hv-haptics@f000: pattern preload = 0
09-29 18:23:59.178     1     1 E         : (7)[1:swapper/0][    1.978643]@7 qcom-hv-haptics c440000.qcom,spmi:qcom,pm8350b@3:qcom,hv-haptics@f000: pattern src: PATTERN1
09-29 18:23:59.178     1     1 E         : (7)[1:swapper/0][    1.978645]@7 qcom-hv-haptics c440000.qcom,spmi:qcom,pm8350b@3:qcom,hv-haptics@f000: auto resonance disabled
09-29 18:23:59.178     1     1 E         : (7)[1:swapper/0][    1.978647]@7 qcom-hv-haptics c440000.qcom,spmi:qcom,pm8350b@3:qcom,hv-haptics@f000: effect 4
09-29 18:23:59.178     1     1 E         : (7)[1:swapper/0][    1.978649]@7 qcom-hv-haptics c440000.qcom,spmi:qcom,pm8350b@3:qcom,hv-haptics@f000: vmax_mv = 3600
09-29 18:23:59.178     1     1 E         : (7)[1:swapper/0][    1.978651]@7 qcom-hv-haptics c440000.qcom,spmi:qcom,pm8350b@3:qcom,hv-haptics@f000: pattern = 31, period = T_LRA, f_lra_x2 = 0
09-29 18:23:59.178     1     1 E         : (7)[1:swapper/0][    1.978653]@7 qcom-hv-haptics c440000.qcom,spmi:qcom,pm8350b@3:qcom,hv-haptics@f000: pattern = 63, period = T_LRA, f_lra_x2 = 0
09-29 18:23:59.178     1     1 E         : (7)[1:swapper/0][    1.978655]@7 qcom-hv-haptics c440000.qcom,spmi:qcom,pm8350b@3:qcom,hv-haptics@f000: pattern = 95, period = T_LRA, f_lra_x2 = 0
09-29 18:23:59.178     1     1 E         : (7)[1:swapper/0][    1.978658]@7 qcom-hv-haptics c440000.qcom,spmi:qcom,pm8350b@3:qcom,hv-haptics@f000: pattern = 127, period = T_LRA, f_lra_x2 = 0
09-29 18:23:59.178     1     1 E         : (7)[1:swapper/0][    1.978660]@7 qcom-hv-haptics c440000.qcom,spmi:qcom,pm8350b@3:qcom,hv-haptics@f000: pattern = 383, period = T_LRA, f_lra_x2 = 0
09-29 18:23:59.178     1     1 E         : (7)[1:swapper/0][    1.978662]@7 qcom-hv-haptics c440000.qcom,spmi:qcom,pm8350b@3:qcom,hv-haptics@f000: pattern = 351, period = T_LRA, f_lra_x2 = 0
09-29 18:23:59.178     1     1 E         : (7)[1:swapper/0][    1.978664]@7 qcom-hv-haptics c440000.qcom,spmi:qcom,pm8350b@3:qcom,hv-haptics@f000: pattern = 319, period = T_LRA, f_lra_x2 = 0
09-29 18:23:59.178     1     1 E         : (7)[1:swapper/0][    1.978666]@7 qcom-hv-haptics c440000.qcom,spmi:qcom,pm8350b@3:qcom,hv-haptics@f000: pattern = 287, period = T_LRA, f_lra_x2 = 0
09-29 18:23:59.178     1     1 E         : (7)[1:swapper/0][    1.978668]@7 qcom-hv-haptics c440000.qcom,spmi:qcom,pm8350b@3:qcom,hv-haptics@f000: pattern play_rate_us = 6667
09-29 18:23:59.178     1     1 E         : (7)[1:swapper/0][    1.978670]@7 qcom-hv-haptics c440000.qcom,spmi:qcom,pm8350b@3:qcom,hv-haptics@f000: pattern play_length_us = 46669
09-29 18:23:59.178     1     1 E         : (7)[1:swapper/0][    1.978672]@7 qcom-hv-haptics c440000.qcom,spmi:qcom,pm8350b@3:qcom,hv-haptics@f000: pattern preload = 0
09-29 18:23:59.178     1     1 E         : (7)[1:swapper/0][    1.978674]@7 qcom-hv-haptics c440000.qcom,spmi:qcom,pm8350b@3:qcom,hv-haptics@f000: pattern src: PATTERN1
09-29 18:23:59.178     1     1 E         : (7)[1:swapper/0][    1.978676]@7 qcom-hv-haptics c440000.qcom,spmi:qcom,pm8350b@3:qcom,hv-haptics@f000: auto resonance disabled
09-29 18:23:59.178     1     1 E         : (7)[1:swapper/0][    1.978678]@7 qcom-hv-haptics c440000.qcom,spmi:qcom,pm8350b@3:qcom,hv-haptics@f000: effect 5
09-29 18:23:59.178     1     1 E         : (7)[1:swapper/0][    1.978680]@7 qcom-hv-haptics c440000.qcom,spmi:qcom,pm8350b@3:qcom,hv-haptics@f000: vmax_mv = 3600
09-29 18:23:59.178     1     1 E         : (7)[1:swapper/0][    1.978682]@7 qcom-hv-haptics c440000.qcom,spmi:qcom,pm8350b@3:qcom,hv-haptics@f000: pattern = 31, period = T_LRA, f_lra_x2 = 0
09-29 18:23:59.178     1     1 E         : (7)[1:swapper/0][    1.978684]@7 qcom-hv-haptics c440000.qcom,spmi:qcom,pm8350b@3:qcom,hv-haptics@f000: pattern = 63, period = T_LRA, f_lra_x2 = 0
09-29 18:23:59.178     1     1 E         : (7)[1:swapper/0][    1.978686]@7 qcom-hv-haptics c440000.qcom,spmi:qcom,pm8350b@3:qcom,hv-haptics@f000: pattern = 95, period = T_LRA, f_lra_x2 = 0
09-29 18:23:59.178     1     1 E         : (7)[1:swapper/0][    1.978688]@7 qcom-hv-haptics c440000.qcom,spmi:qcom,pm8350b@3:qcom,hv-haptics@f000: pattern = 127, period = T_LRA, f_lra_x2 = 0
09-29 18:23:59.178     1     1 E         : (7)[1:swapper/0][    1.978690]@7 qcom-hv-haptics c440000.qcom,spmi:qcom,pm8350b@3:qcom,hv-haptics@f000: pattern = 383, period = T_LRA, f_lra_x2 = 0
09-29 18:23:59.178     1     1 E         : (7)[1:swapper/0][    1.978692]@7 qcom-hv-haptics c440000.qcom,spmi:qcom,pm8350b@3:qcom,hv-haptics@f000: pattern = 351, period = T_LRA, f_lra_x2 = 0
09-29 18:23:59.178     1     1 E         : (7)[1:swapper/0][    1.978694]@7 qcom-hv-haptics c440000.qcom,spmi:qcom,pm8350b@3:qcom,hv-haptics@f000: pattern = 319, period = T_LRA, f_lra_x2 = 0
09-29 18:23:59.178     1     1 E         : (7)[1:swapper/0][    1.978695]@7 qcom-hv-haptics c440000.qcom,spmi:qcom,pm8350b@3:qcom,hv-haptics@f000: pattern = 287, period = T_LRA, f_lra_x2 = 0
09-29 18:23:59.178     1     1 E         : (7)[1:swapper/0][    1.978698]@7 qcom-hv-haptics c440000.qcom,spmi:qcom,pm8350b@3:qcom,hv-haptics@f000: pattern play_rate_us = 6667
09-29 18:23:59.178     1     1 E         : (7)[1:swapper/0][    1.978700]@7 qcom-hv-haptics c440000.qcom,spmi:qcom,pm8350b@3:qcom,hv-haptics@f000: pattern play_length_us = 46669
09-29 18:23:59.178     1     1 E         : (7)[1:swapper/0][    1.978701]@7 qcom-hv-haptics c440000.qcom,spmi:qcom,pm8350b@3:qcom,hv-haptics@f000: pattern preload = 0
09-29 18:23:59.178     1     1 E         : (7)[1:swapper/0][    1.978703]@7 qcom-hv-haptics c440000.qcom,spmi:qcom,pm8350b@3:qcom,hv-haptics@f000: pattern src: PATTERN1
09-29 18:23:59.178     1     1 E         : (7)[1:swapper/0][    1.978705]@7 qcom-hv-haptics c440000.qcom,spmi:qcom,pm8350b@3:qcom,hv-haptics@f000: auto resonance disabled
09-29 18:23:59.178     1     1 E         : (7)[1:swapper/0][    1.978764]@7 qcom-hv-haptics c440000.qcom,spmi:qcom,pm8350b@3:qcom,hv-haptics@f000: Set Vmax to 1280 mV
09-29 18:23:59.178     1     1 E         : (7)[1:swapper/0][    1.978834]@7 qcom-hv-haptics c440000.qcom,spmi:qcom,pm8350b@3:qcom,hv-haptics@f000: rc_clk_cal = 1, auto_res_done = 1
09-29 18:23:59.178     1     1 E         : (7)[1:swapper/0][    1.978866]@7 qcom-hv-haptics c440000.qcom,spmi:qcom,pm8350b@3:qcom,hv-haptics@f000: last_good_tlra_cl_sts = 0xd25, cal_tlra_cl_sts = 0x657
09-29 18:23:59.178     1     1 E         : (7)[1:swapper/0][    1.978869]@7 qcom-hv-haptics c440000.qcom,spmi:qcom,pm8350b@3:qcom,hv-haptics@f000: OL_TLRA 5882 us, CL_TLRA 5678 us, RC_CLK_CAL_COUNT 0x23c
09-29 18:23:59.178     1     1 E         : (7)[1:swapper/0][    1.979197]@7 spmi spmi-0: disallowed SPMI write to sid=3, addr=0xF25D
09-29 18:23:59.178     1     1 E         : (7)[1:swapper/0][    1.979200]@7 qcom-hv-haptics c440000.qcom,spmi:qcom,pm8350b@3:qcom,hv-haptics@f000: write addr 62045 failed, rc=-1
09-29 18:23:59.178     1     1 I (7)[1:swapper/0][    1.979242]@7 input: qcom-hv-haptics as /devices/platform/soc/c440000.qcom,spmi/spmi-0/spmi0-03/c440000.qcom,spmi:qcom,pm8350b@3:qcom,hv-haptics@f000/input/input1
09-29 18:23:59.178     1     1 I         : (7)[1:swapper/0][    1.979608]@7 rtc-pm8xxx c440000.qcom,spmi:qcom,pmk8350@0:rtc@6100: registered as rtc0
09-29 18:23:59.178     1     1 I         : (7)[1:swapper/0][    1.979650]@7 rtc-pm8xxx c440000.qcom,spmi:qcom,pmk8350@0:rtc@6100: setting system clock to 1970-09-29T18:23:56 UTC (23480636)
09-29 18:23:59.178     1     1 I         : (7)[1:swapper/0][    1.979743]@7 i2c /dev entries driver
09-29 18:23:59.178     1     1 I (7)[1:swapper/0][    1.979819]@7 synx: synx device initialization start
09-29 18:23:59.178     1     1 I (7)[1:swapper/0][    1.979834]@7 synx: synx device initialization success
09-29 18:23:59.178     1     1 I (7)[1:swapper/0][    1.979837]@7 msm_cvp: err: Failed to create debugfs for msm_cvp
09-29 18:23:59.178     1     1 I (7)[1:swapper/0][    1.980000]@7 uvcvideo: Unable to create debugfs directory
09-29 18:23:59.178     1     1 I (7)[1:swapper/0][    1.980008]@7 usbcore: registered new interface driver uvcvideo
09-29 18:23:59.178     1     1 I         : (7)[1:swapper/0][    1.980010]@7 USB Video Class driver (1.1.1)
09-29 18:23:59.178     1     1 I (7)[1:swapper/0][    1.980023]@7 gspca_main: v2.14.0 registered
09-29 18:23:59.178     1     1 I         : (7)[1:swapper/0][    1.980165]@7 [OPLUS_CHG][hl7138_subsys_init] init start
09-29 18:23:59.178     1     1 I         : (7)[1:swapper/0][    1.980170]@7 [OPLUS_CHG][hl7138_subsys_init] Success to register hl7138 i2c driver.
09-29 18:23:59.178     1     1 I         : (7)[1:swapper/0][    1.980173]@7 [OPLUS_CHG][sc8547_subsys_init] init start
09-29 18:23:59.178     1     1 I         : (7)[1:swapper/0][    1.980177]@7 [OPLUS_CHG][sc8547_subsys_init] Success to register sc8547 i2c driver.
09-29 18:23:59.178     1     1 I         : (7)[1:swapper/0][    1.980180]@7 [OPLUS_CHG][sc8547_slave_subsys_init] init start
09-29 18:23:59.178     1     1 I         : (7)[1:swapper/0][    1.980184]@7 [OPLUS_CHG][sc8547_slave_subsys_init] Success to register sc8547 i2c driver.
09-29 18:23:59.178     1     1 E (7)[1:swapper/0][    1.980287]@7 OPLUS_CHG[TRACK]: oplus_chg_track_parse_dt[2277]: track,ufcs_chg_break_t_thd reading failed, rc=-22
09-29 18:23:59.178     1     1 E (7)[1:swapper/0][    1.980290]@7 OPLUS_CHG[TRACK]: oplus_chg_track_parse_dt[2296]: track,wls_chg_break_t_thd reading failed, rc=-22
09-29 18:23:59.178     1     1 E (7)[1:swapper/0][    1.980294]@7 OPLUS_CHG[TRACK]: oplus_chg_track_parse_dt[2308]: track,wls_fast_chg_scheme reading failed, rc=-22
09-29 18:23:59.178     1     1 E (7)[1:swapper/0][    1.980296]@7 OPLUS_CHG[TRACK]: oplus_chg_track_parse_dt[2314]: track,wls_epp_chg_scheme reading failed, rc=-22
09-29 18:23:59.178     1     1 E (7)[1:swapper/0][    1.980298]@7 OPLUS_CHG[TRACK]: oplus_chg_track_parse_dt[2320]: track,wls_bpp_chg_scheme reading failed, rc=-22
09-29 18:23:59.178     1     1 E (7)[1:swapper/0][    1.980301]@7 OPLUS_CHG[TRACK]: oplus_chg_track_parse_dt[2326]: track,wls_max_power reading failed, rc=-22
09-29 18:23:59.178     1     1 E (7)[1:swapper/0][    1.980305]@7 OPLUS_CHG[TRACK]: oplus_chg_track_parse_dt[2338]: track,track_ver reading failed, rc=-22
09-29 18:23:59.178     1     1 I         : (7)[1:swapper/0][    1.980600]@7 [OPLUS_CHG][nu2112a_slave_subsys_init] init start
09-29 18:23:59.178     1     1 I         : (7)[1:swapper/0][    1.980604]@7 [OPLUS_CHG][nu2112a_slave_subsys_init] Success to register nu2112a i2c driver.
09-29 18:23:59.178     1     1 E (7)[1:swapper/0][    1.980607]@7 oplus_optiga_driver_init: start
09-29 18:23:59.178     1     1 I         : (7)[1:swapper/0][    1.980668]@7 [OPLUS_CHG][bq27541_driver_init] start
09-29 18:23:59.178     1     1 I         : (7)[1:swapper/0][    1.980673]@7 [OPLUS_CHG][bq27541_driver_init] Success to register bq27541 i2c driver.
09-29 18:23:59.178     1     1 I (7)[1:swapper/0][    1.980675]@7 s2asl01_switching_init: S2ASL01 Switching Init
09-29 18:23:59.178     1     1 E         : (7)[1:swapper/0][    1.980681]@7 [OPLUS_CHG][oplus_chg_ops_desc_get]chg_ops_list_head list_empty
09-29 18:23:59.178     1     1 E (7)[1:swapper/0][    1.980684]@7 [OPLUS_CHG][oplus_chg_ops_register]->name: plat-pmic
09-29 18:23:59.178     1     1 I         : (7)[1:swapper/0][    1.980686]@7 [OPLUS_CHG][sc8547_subsys_init] init start
09-29 18:23:59.178     1     1 E (7)[1:swapper/0][    1.980688]@7 Error: Driver 'sc8547-charger' is already registered, aborting...
09-29 18:23:59.178     1     1 E         : (7)[1:swapper/0][    1.980690]@7 [OPLUS_CHG][sc8547_subsys_init] failed to register sc8547 i2c driver.
09-29 18:23:59.178     1     1 I         : (7)[1:swapper/0][    1.980692]@7 [OPLUS_CHG][sc8547_slave_subsys_init] init start
09-29 18:23:59.178     1     1 E (7)[1:swapper/0][    1.980694]@7 Error: Driver 'sc8547-charger-slave' is already registered, aborting...
09-29 18:23:59.178     1     1 E         : (7)[1:swapper/0][    1.980696]@7 [OPLUS_CHG][sc8547_slave_subsys_init] failed to register sc8547 i2c driver.
09-29 18:23:59.178     1     1 E (7)[1:swapper/0][    1.980697]@7 adsp_voocphy_init: start
09-29 18:23:59.178     1     1 E (7)[1:swapper/0][    1.980745]@7 adsp_voocphy_probe: start
09-29 18:23:59.178     1     1 E (7)[1:swapper/0][    1.980748]@7 adsp_voocphy_probe: end
09-29 18:23:59.178     1     1 I         : (7)[1:swapper/0][    1.980768]@7 [OPLUS_CHG][da9313_driver_init] start
09-29 18:23:59.178     1     1 I         : (7)[1:swapper/0][    1.980772]@7 [OPLUS_CHG][da9313_driver_init] Success to register da9313 i2c driver.
09-29 18:23:59.178     1     1 I         : (7)[1:swapper/0][    1.980775]@7 [OPLUS_CHG][mp2650_driver_init] start
09-29 18:23:59.178     1     1 E (7)[1:swapper/0][    1.980777]@7 [OPLUS_CHG][oplus_chg_ops_desc_get]members->name: plat-pmic
09-29 18:23:59.178     1     1 E (7)[1:swapper/0][    1.980779]@7 [OPLUS_CHG][oplus_chg_ops_register]->name: ext-mp2650
09-29 18:23:59.178     1     1 I         : (7)[1:swapper/0][    1.980783]@7 [OPLUS_CHG][mp2650_driver_init] Success to register mp2650 i2c driver.
09-29 18:23:59.178     1     1 I         : (7)[1:swapper/0][    1.980844]@7 [OPLUS_CHG][nu1619_driver_init] start
09-29 18:23:59.178     1     1 I         : (7)[1:swapper/0][    1.980848]@7 [OPLUS_CHG][nu1619_driver_init] Success to register nu1619 i2c driver.
09-29 18:23:59.178     1     1 I         : (7)[1:swapper/0][    1.980850]@7 [OPLUS_CHG][rk826_subsys_init] init start
09-29 18:23:59.178     1     1 I         : (7)[1:swapper/0][    1.980854]@7 [OPLUS_CHG][rk826_subsys_init] Success to register rk826 i2c driver.
09-29 18:23:59.178     1     1 I         : (7)[1:swapper/0][    1.980857]@7 [OPLUS_CHG][rt5125_subsys_init] init start
09-29 18:23:59.178     1     1 I         : (7)[1:swapper/0][    1.980861]@7 [OPLUS_CHG][rt5125_subsys_init] Success to register rt5125 i2c driver.
09-29 18:23:59.178     1     1 E         : (7)[1:swapper/0][    1.981339]@7 spmi-temp-alarm c440000.qcom,spmi:qcom,pm8350c@2:qcom,temp-alarm@a00: need to check ref_byp
09-29 18:23:59.178     1     1 I (7)[1:swapper/0][    1.985574]@7 cpu_voltage_cooling: build_unified_table CPU1:7 CPU2:4
09-29 18:23:59.178     1     1 I (7)[1:swapper/0][    1.985577]@7 cpu_voltage_cooling: build_unified_table freq1:2841600 freq2:2419200
09-29 18:23:59.178     1     1 I (7)[1:swapper/0][    1.985580]@7 cpu_voltage_cooling: build_unified_table freq1:2764800 freq2:2342400
09-29 18:23:59.178     1     1 I (7)[1:swapper/0][    1.985581]@7 cpu_voltage_cooling: build_unified_table freq1:2688000 freq2:2342400
09-29 18:23:59.178     1     1 I (7)[1:swapper/0][    1.985583]@7 cpu_voltage_cooling: build_unified_table freq1:2592000 freq2:2112000
09-29 18:23:59.178     1     1 I (7)[1:swapper/0][    1.985585]@7 cpu_voltage_cooling: build_unified_table freq1:2496000 freq2:1996800
09-29 18:23:59.178     1     1 I (7)[1:swapper/0][    1.985587]@7 cpu_voltage_cooling: build_unified_table freq1:2380800 freq2:1881600
09-29 18:23:59.178     1     1 I (7)[1:swapper/0][    1.985589]@7 cpu_voltage_cooling: build_unified_table freq1:2265600 freq2:1766400
09-29 18:23:59.178     1     1 I (7)[1:swapper/0][    1.985591]@7 cpu_voltage_cooling: build_unified_table freq1:2150400 freq2:1555200
09-29 18:23:59.178     1     1 I (7)[1:swapper/0][    1.985592]@7 cpu_voltage_cooling: build_unified_table freq1:2035200 freq2:1440000
09-29 18:23:59.178     1     1 I (7)[1:swapper/0][    1.985594]@7 cpu_voltage_cooling: build_unified_table freq1:1900800 freq2:1324800
09-29 18:23:59.178     1     1 I (7)[1:swapper/0][    1.985596]@7 cpu_voltage_cooling: build_unified_table freq1:1785600 freq2:1209600
09-29 18:23:59.178     1     1 I (7)[1:swapper/0][    1.985597]@7 cpu_voltage_cooling: build_unified_table freq1:1670400 freq2:1209600
09-29 18:23:59.178     1     1 I (7)[1:swapper/0][    1.985599]@7 cpu_voltage_cooling: build_unified_table freq1:1555200 freq2:960000
09-29 18:23:59.178     1     1 I (7)[1:swapper/0][    1.985601]@7 cpu_voltage_cooling: build_unified_table freq1:1420800 freq2:844800
09-29 18:23:59.178     1     1 I (7)[1:swapper/0][    1.985602]@7 cpu_voltage_cooling: build_unified_table freq1:1305600 freq2:844800
09-29 18:23:59.178     1     1 I (7)[1:swapper/0][    1.985604]@7 cpu_voltage_cooling: build_unified_table freq1:1190400 freq2:844800
09-29 18:23:59.178     1     1 I (7)[1:swapper/0][    1.985606]@7 cpu_voltage_cooling: build_unified_table freq1:1075200 freq2:844800
09-29 18:23:59.178     1     1 I (7)[1:swapper/0][    1.985608]@7 cpu_voltage_cooling: build_unified_table freq1:960000 freq2:844800
09-29 18:23:59.178     1     1 I (7)[1:swapper/0][    1.985609]@7 cpu_voltage_cooling: build_unified_table freq1:844800 freq2:710400
09-29 18:23:59.178     1     1 I (7)[1:swapper/0][    1.986356]@7 device-mapper: uevent: version 1.0.3
09-29 18:23:59.178     1     1 I (7)[1:swapper/0][    1.986393]@7 device-mapper: ioctl: 4.41.0-ioctl (2019-09-16) initialised: dm-devel@redhat.com
09-29 18:23:59.178     1     1 I         : (7)[1:swapper/0][    1.986605]@7 EDAC DEVICE0: Giving out device to module soc:erp controller cache: DEV soc:erp (INTERRUPT)
09-29 18:23:59.178     1     1 I (7)[1:swapper/0][    1.987019]@7 cpuidle: using governor qcom
09-29 18:23:59.178     1     1 I (7)[1:swapper/0][    1.987259]@7 lpm_levels: Cluster (L3) stats not registered
09-29 18:23:59.178     1     1 I (7)[1:swapper/0][    1.987690]@7 sdhci: Secure Digital Host Controller Interface driver
09-29 18:23:59.178     1     1 I (7)[1:swapper/0][    1.987692]@7 sdhci: Copyright(c) Pierre Ossman
09-29 18:23:59.178     1     1 I (7)[1:swapper/0][    1.987695]@7 sdhci-pltfm: SDHCI platform and OF driver helper
09-29 18:23:59.178     1     1 I (7)[1:swapper/0][    1.989609]@7 hidraw: raw HID events driver (C) Jiri Kosina
09-29 18:23:59.178     9     9 W         : (4)[9:kworker/u24:0][    1.989622]@4 tz diag version is 2403000
09-29 18:23:59.178     9     9 W         : (4)[9:kworker/u24:0][    1.989688]@4 encrypted qseelog enabled is 0
09-29 18:23:59.178     1     1 I (4)[1:swapper/0][    1.989852]@4 usbcore: registered new interface driver usbhid
09-29 18:23:59.178     1     1 I (4)[1:swapper/0][    1.989855]@4 usbhid: USB HID core driver
09-29 18:23:59.178     1     1 I (4)[1:swapper/0][    1.989930]@4 ashmem: initialized
09-29 18:23:59.178     1     1 I (4)[1:swapper/0][    1.989977]@4 hans_core_init: -
09-29 18:23:59.178     1     1 I (4)[1:swapper/0][    1.990197]@4 hh_msgq: Registered client for label: 0
09-29 18:23:59.178     1     1 I         : (7)[1:swapper/0][    1.998453]@7 qcom-llcc-pmu 9095000.llcc-pmu: Registered llcc_pmu, type: 9
09-29 18:23:59.178     1     1 I         : (7)[1:swapper/0][    2.000136]@7 coresight-stm 6002000.stm: coresight-stm : stm_register_device failed, probing deferred
09-29 18:23:59.178     1     1 I         : (7)[1:swapper/0][    2.004242]@7 coresight-dummy soc:dummy_sink: Dummy device initialized
09-29 18:23:59.178     1     1 I         : (7)[1:swapper/0][    2.004272]@7 coresight-dummy soc:tpdm@6b46000: Dummy device initialized
09-29 18:23:59.178     1     1 I         : (7)[1:swapper/0][    2.004317]@7 coresight-dummy soc:dummy_source: Dummy device initialized
09-29 18:23:59.178     1     1 I         : (7)[1:swapper/0][    2.004361]@7 coresight-dummy soc:tpdm@69810000: Dummy device initialized
09-29 18:23:59.178     1     1 I         : (7)[1:swapper/0][    2.004490]@7 coresight-remote-etm soc:modem2_etm0: Remote ETM initialized
09-29 18:23:59.178     1     1 I         : (7)[1:swapper/0][    2.004534]@7 coresight-remote-etm soc:modem_etm0: Remote ETM initialized
09-29 18:23:59.178     1     1 I         : (7)[1:swapper/0][    2.004597]@7 coresight-remote-etm soc:turing_etm0: Remote ETM initialized
09-29 18:23:59.178     1     1 I         : (7)[1:swapper/0][    2.004642]@7 coresight-remote-etm soc:audio_etm0: Remote ETM initialized
09-29 18:23:59.178     1     1 I         : (7)[1:swapper/0][    2.004685]@7 coresight-remote-etm soc:ssc_etm0: Remote ETM initialized
09-29 18:23:59.178     1     1 I         : (7)[1:swapper/0][    2.004774]@7 coresight-csr 6001000.csr: CSR initialized: coresight-csr
09-29 18:23:59.178     1     1 I         : (7)[1:swapper/0][    2.004802]@7 coresight-csr 6b0f000.csr: CSR initialized: coresight-swao-csr
09-29 18:23:59.178     1     1 I (7)[1:swapper/0][    2.005020]@7 gnss: GNSS driver registered with major 492
09-29 18:23:59.178     1     1 I (7)[1:swapper/0][    2.005170]@7 usbcore: registered new interface driver snd-usb-audio
09-29 18:23:59.178     1     1 I (7)[1:swapper/0][    2.005371]@7 msm_vidc: err : ffffffff: .....: Failed to create debugfs for msm_vidc
09-29 18:23:59.178     1     1 I         : (7)[1:swapper/0][    2.005488]@7 GACT probability NOT on
09-29 18:23:59.178     1     1 I         : (7)[1:swapper/0][    2.005499]@7 Mirror/redirect action on
09-29 18:23:59.178     1     1 I (7)[1:swapper/0][    2.005507]@7 netem: version 1.3
09-29 18:23:59.178     1     1 I         : (7)[1:swapper/0][    2.005509]@7 u32 classifier
09-29 18:23:59.178     1     1 I         : (7)[1:swapper/0][    2.005511]@7     input device check on
09-29 18:23:59.178     1     1 I         : (7)[1:swapper/0][    2.005512]@7     Actions configured
09-29 18:23:59.178     1     1 I (7)[1:swapper/0][    2.005852]@7 xt_time: kernel timezone is -0000
09-29 18:23:59.178     1     1 I (7)[1:swapper/0][    2.005896]@7 ipip: IPv4 and MPLS over IPv4 tunneling driver
09-29 18:23:59.179     1     1 I (7)[1:swapper/0][    2.005993]@7 gre: GRE over IPv4 demultiplexor driver
09-29 18:23:59.179     1     1 I (7)[1:swapper/0][    2.005996]@7 ip_gre: GRE over IPv4 tunneling driver
09-29 18:23:59.179     1     1 I         : (7)[1:swapper/0][    2.006127]@7 IPv4 over IPsec tunneling driver
09-29 18:23:59.179     1     1 I (7)[1:swapper/0][    2.006227]@7 iptable_raw: Enabling raw table before defrag
09-29 18:23:59.179     1     1 I         : (7)[1:swapper/0][    2.006266]@7 Initializing XFRM netlink socket
09-29 18:23:59.179     1     1 I         : (7)[1:swapper/0][    2.006277]@7 IPsec XFRM device driver
09-29 18:23:59.179     1     1 I (7)[1:swapper/0][    2.006357]@7 NET: Registered protocol family 10
09-29 18:23:59.179     1     1 I         : (7)[1:swapper/0][    2.006735]@7 Segment Routing with IPv6
09-29 18:23:59.179     1     1 I (7)[1:swapper/0][    2.006764]@7 mip6: Mobile IPv6
09-29 18:23:59.179     1     1 I (7)[1:swapper/0][    2.006785]@7 ip6table_raw: Enabling raw table before defrag
09-29 18:23:59.179     1     1 I (7)[1:swapper/0][    2.006881]@7 sit: IPv6, IPv4 and MPLS over IPv4 tunneling driver
09-29 18:23:59.179     1     1 I (7)[1:swapper/0][    2.006981]@7 ip6_gre: GRE over IPv6 tunneling driver
09-29 18:23:59.179     1     1 I (7)[1:swapper/0][    2.007037]@7 NET: Registered protocol family 17
09-29 18:23:59.179     1     1 I (7)[1:swapper/0][    2.007042]@7 NET: Registered protocol family 15
09-29 18:23:59.179     1     1 I (7)[1:swapper/0][    2.007190]@7 Bluetooth: RFCOMM TTY layer initialized
09-29 18:23:59.179     1     1 I (7)[1:swapper/0][    2.007194]@7 Bluetooth: RFCOMM socket layer initialized
09-29 18:23:59.179     1     1 I (7)[1:swapper/0][    2.007196]@7 Bluetooth: RFCOMM ver 1.11
09-29 18:23:59.179     1     1 I (7)[1:swapper/0][    2.007198]@7 Bluetooth: HIDP (Human Interface Emulation) ver 1.2
09-29 18:23:59.179     1     1 I (7)[1:swapper/0][    2.007201]@7 Bluetooth: HIDP socket layer initialized
09-29 18:23:59.179     1     1 I (7)[1:swapper/0][    2.007206]@7 l2tp_core: L2TP core driver, V2.0
09-29 18:23:59.179     1     1 I (7)[1:swapper/0][    2.007210]@7 l2tp_ppp: PPPoL2TP kernel driver, V2.0
09-29 18:23:59.179     1     1 I (7)[1:swapper/0][    2.007212]@7 tipc: Activated (version 2.0.0)
09-29 18:23:59.179     1     1 I (7)[1:swapper/0][    2.007233]@7 NET: Registered protocol family 30
09-29 18:23:59.179     1     1 I (7)[1:swapper/0][    2.007252]@7 tipc: Started in single node mode
09-29 18:23:59.179   261   261 E         : (0)[261:qrtr_rx][    2.007429]@0 qcom_haven_qrtr soc:qrtr-haven: failed to raise doorbell -11
09-29 18:23:59.179     1     1 E         : (7)[1:swapper/0][    2.007569]@7 No device name found in device tree.
09-29 18:23:59.179     1     1 W         : (7)[1:swapper/0][    2.007972]@7 [oplus_nwpower] netlink: init netlink successfully.
09-29 18:23:59.179     1     1 W         : (7)[1:swapper/0][    2.007976]@7 [oplus_connectivity_sla] oplus_sla_genl_init line:1571 genl_register_family complete, id = 31!
09-29 18:23:59.179     1     1 W         : (7)[1:swapper/0][    2.007984]@7 [oplus_connectivity_sla] oplus_sla_init line:1599  enter.
09-29 18:23:59.179     1     1 W         : (7)[1:swapper/0][    2.007988]@7 oplus_nf_hooks_init module init netlink successfully.
09-29 18:23:59.179     1     1 W         : (7)[1:swapper/0][    2.007993]@7 oplus_nf_hooks_init module register netfilter ops successfully.
09-29 18:23:59.179     1     1 W         : (7)[1:swapper/0][    2.007995]@7 oplus_connectivity_luckymoney_init
09-29 18:23:59.179     1     1 W (7)[1:swapper/0][    2.008005]@7 [oplus_score]: genl_register_family complete, id = 32!
09-29 18:23:59.179     1     1 W (7)[1:swapper/0][    2.008007]@7 [oplus_score]: init module init netlink successfully.
09-29 18:23:59.179     1     1 W         : (7)[1:swapper/0][    2.008011]@7 oplus_score_init netfilter register successfully.
09-29 18:23:59.179     1     1 W (7)[1:swapper/0][    2.008031]@7 [oplus_score]: report_timer_init
09-29 18:23:59.179     1     1 W (7)[1:swapper/0][    2.008033]@7 [oplus_score]: report_timer_start
09-29 18:23:59.179     1     1 W (7)[1:swapper/0][    2.008037]@7 oplus_apps_monitor: oplus_apps_monitor_init module init netlink successfully.
09-29 18:23:59.179     1     1 W (7)[1:swapper/0][    2.008045]@7 [app_monitor]: report_timer_init
09-29 18:23:59.179     1     1 W (7)[1:swapper/0][    2.008049]@7 [app_monitor]: oplus_app_power_monitor_init
09-29 18:23:59.179     1     1 W         : (7)[1:swapper/0][    2.008055]@7 [oplus_wificapcenter] oplus_wcc_netlink_init line:469 oplus_sync_nl_sock = 0000000085c7c851,  oplus_async_nl_sock = 000000000ac3180c
09-29 18:23:59.179     1     1 W         : (7)[1:swapper/0][    2.008058]@7 [oplus_wificapcenter] oplus_wcc_init line:523 oplus_wcc_init module init netlink successfully.
09-29 18:23:59.179     1     1 W         : (7)[1:swapper/0][    2.008061]@7 [oplus_wificapcenter] oplus_wcc_init line:531 oplus_wcc_init module init sysctl successfully.
09-29 18:23:59.179     1     1 W (7)[1:swapper/0][    2.008066]@7 [oplus_dns_hook]: genl_register_family complete, id = 33!
09-29 18:23:59.179     1     1 W (7)[1:swapper/0][    2.008068]@7 [oplus_dns_hook]: init module init netlink successfully.
09-29 18:23:59.179     1     1 W (7)[1:swapper/0][    2.008070]@7 [oplus_dns_hook]: oplus_dns_hook_init netfilter register successfully.
09-29 18:23:59.179     1     1 W (7)[1:swapper/0][    2.008076]@7 [oplus_stats_calc]: genl_register_family complete, id = 34!
09-29 18:23:59.179     1     1 W (7)[1:swapper/0][    2.008078]@7 [oplus_stats_calc]: init module init netlink successfully.
09-29 18:23:59.179     1     1 W (7)[1:swapper/0][    2.008081]@7 [oplus_stats_calc]: oplus_stats_calc_init netfilter register successfully.
09-29 18:23:59.179     1     1 W         : (7)[1:swapper/0][    2.008085]@7 oplus qr hook init
09-29 18:23:59.179     1     1 W (7)[1:swapper/0][QR_MONITOR]: genl_register_family complete, id = 35!
09-29 18:23:59.179     1     1 W         : (7)[1:swapper/0][    2.008089]@7 qr module register netfilter ops successfully.
09-29 18:23:59.179     1     1 W         : (7)[1:swapper/0][    2.008092]@7 oplus_qr_init netfilter register successfully.
09-29 18:23:59.179     1     1 W         : (7)[1:swapper/0][    2.008095]@7 [comm_netlink][457  ] genl_register_family init return 0
09-29 18:23:59.179     1     1 W         : (7)[1:swapper/0][    2.008102]@7 [oplus_dpi ][1365 ] register_net_sysctl return 000000005948157d
09-29 18:23:59.179     1     1 W         : (7)[1:swapper/0][    2.008106]@7 [oplus_dpi ][1368 ] nf_register_net_hooks return 0
09-29 18:23:59.179     1     1 W         : (7)[1:swapper/0][    2.008109]@7 cls_dpi_mod_init
09-29 18:23:59.179     1     1 W         : (7)[1:swapper/0][    2.008115]@7 [GAME_STATS][723  ] register_net_sysctl return 000000003386ac2b
09-29 18:23:59.179     1     1 W         : (7)[1:swapper/0][    2.008118]@7 data_modules_init succ
09-29 18:23:59.179     1     1 I         : (7)[1:swapper/0][    2.008331]@7 registered taskstats version 1
09-29 18:23:59.179     1     1 I         : (7)[1:swapper/0][    2.008334]@7 Loading compiled-in X.509 certificates
09-29 18:23:59.179     1     1 I         : (7)[1:swapper/0][    2.008353]@7 Key type ._fscrypt registered
09-29 18:23:59.179     1     1 I         : (7)[1:swapper/0][    2.008355]@7 Key type .fscrypt registered
09-29 18:23:59.179     1     1 I         : (7)[1:swapper/0][    2.008357]@7 Key type fscrypt-provisioning registered
09-29 18:23:59.179     1     1 I (7)[1:swapper/0][    2.008470]@7 pstore: Using crash dump compression: deflate
09-29 18:23:59.179     1     1 I         : (7)[1:swapper/0][    2.009858]@7 spss_utils [spss_parse_dt]: iar_buf_addr [0x8b600000].
09-29 18:23:59.179     1     1 E (7)[1:swapper/0][    2.010218]@7 uboot_log: Failed to add UBOOTLOG in Minidump
09-29 18:23:59.179     1     1 E         : (7)[1:swapper/0][    2.010396]@7 [op_kernel_log] kernel_log_wb_int
09-29 18:23:59.179     1     1 E         : (7)[1:swapper/0][    2.010994]@7 [op_kernel_log] kthread init done
09-29 18:23:59.179   268   268 E         : (1)[268:op_kernel_log][    2.010995]@1 [op_kernel_log] Start reserve_log_main pid:268, name:op_kernel_log
09-29 18:23:59.179   268   268 W         : (1)[268:op_kernel_log][    2.011003]@7 pstore device info init
09-29 18:23:59.179   268   268 E         : (1)[268:op_kernel_log][op_kernel_log] Failed to get dev block, retry 49
09-29 18:23:59.179     1     1 E         : (7)[1:swapper/0][    2.011049]@7 [theia powerkey_monitor]: powerkey_monitor_init theia_kevent_module_init
09-29 18:23:59.179     1     1 E         : (7)[1:swapper/0][    2.011056]@7 [theia theia_kevent]: theia_kevent ok
09-29 18:23:59.179     1     1 E         : (7)[1:swapper/0][    2.011058]@7 [theia powerkey_monitor]: powerkey_monitor_init bright_screen_check_init
09-29 18:23:59.179     1     1 E         : (7)[1:swapper/0][    2.011062]@7 [theia powerkey_monitor]: powerkey_monitor_init black_screen_check_init
09-29 18:23:59.179     1     1 E         : (7)[1:swapper/0][    2.011065]@7 [theia powerkey_monitor_black]: black_screen_check_init INIT_WORK
09-29 18:23:59.179     1     1 E         : (7)[1:swapper/0][    2.011067]@7 [theia powerkey_monitor_black]: black_screen_check_init timer_setup
09-29 18:23:59.179     1     1 I (7)[1:swapper/0][    2.011075]@7 OCH: cluster idx = 0, cpumask = 0xf
09-29 18:23:59.179     1     1 I (7)[1:swapper/0][    2.011084]@7 OCH: freq = 300000000, voltage = 600
09-29 18:23:59.179     1     1 I (7)[1:swapper/0][    2.011086]@7 OCH: freq = 403200000, voltage = 600
09-29 18:23:59.179     1     1 I (7)[1:swapper/0][    2.011089]@7 OCH: freq = 499200000, voltage = 600
09-29 18:23:59.179     1     1 I (7)[1:swapper/0][    2.011091]@7 OCH: freq = 595200000, voltage = 600
09-29 18:23:59.179     1     1 I (7)[1:swapper/0][    2.011093]@7 OCH: freq = 691200000, voltage = 600
09-29 18:23:59.179     1     1 I (7)[1:swapper/0][    2.011095]@7 OCH: freq = 806400000, voltage = 620
09-29 18:23:59.179     1     1 I (7)[1:swapper/0][    2.011097]@7 OCH: freq = 902400000, voltage = 636
09-29 18:23:59.179     1     1 I (7)[1:swapper/0][    2.011099]@7 OCH: freq = 998400000, voltage = 660
09-29 18:23:59.179     1     1 I (7)[1:swapper/0][    2.011101]@7 OCH: freq = 1094400000, voltage = 676
09-29 18:23:59.179     1     1 I (7)[1:swapper/0][    2.011103]@7 OCH: freq = 1209600000, voltage = 704
09-29 18:23:59.179     1     1 I (7)[1:swapper/0][    2.011105]@7 OCH: freq = 1305600000, voltage = 724
09-29 18:23:59.179     1     1 I (7)[1:swapper/0][    2.011107]@7 OCH: freq = 1401600000, voltage = 744
09-29 18:23:59.179     1     1 I (7)[1:swapper/0][    2.011109]@7 OCH: freq = 1497600000, voltage = 764
09-29 18:23:59.179     1     1 I (7)[1:swapper/0][    2.011111]@7 OCH: freq = 1612800000, voltage = 792
09-29 18:23:59.179     1     1 I (7)[1:swapper/0][    2.011113]@7 OCH: freq = 1708800000, voltage = 816
09-29 18:23:59.179     1     1 I (7)[1:swapper/0][    2.011115]@7 OCH: freq = 1804800000, voltage = 840
09-29 18:23:59.179     1     1 I (7)[1:swapper/0][    2.011117]@7 OCH: cluster idx = 1, cpumask = 0x70
09-29 18:23:59.179     1     1 I (7)[1:swapper/0][    2.011121]@7 OCH: freq = 710400000, voltage = 636
09-29 18:23:59.179     1     1 I (7)[1:swapper/0][    2.011123]@7 OCH: freq = 844800000, voltage = 660
09-29 18:23:59.179     1     1 I (7)[1:swapper/0][    2.011126]@7 OCH: freq = 960000000, voltage = 680
09-29 18:23:59.179     1     1 I (7)[1:swapper/0][    2.011127]@7 OCH: freq = 1075200000, voltage = 700
09-29 18:23:59.179     1     1 I (7)[1:swapper/0][    2.011129]@7 OCH: freq = 1209600000, voltage = 708
09-29 18:23:59.179     1     1 I (7)[1:swapper/0][    2.011132]@7 OCH: freq = 1324800000, voltage = 736
09-29 18:23:59.179     1     1 I (7)[1:swapper/0][    2.011133]@7 OCH: freq = 1440000000, voltage = 760
09-29 18:23:59.179     1     1 I (7)[1:swapper/0][    2.011135]@7 OCH: freq = 1555200000, voltage = 784
09-29 18:23:59.179     1     1 I (7)[1:swapper/0][    2.011137]@7 OCH: freq = 1670400000, voltage = 812
09-29 18:23:59.179     1     1 I (7)[1:swapper/0][    2.011139]@7 OCH: freq = 1766400000, voltage = 832
09-29 18:23:59.179     1     1 I (7)[1:swapper/0][    2.011141]@7 OCH: freq = 1881600000, voltage = 860
09-29 18:23:59.179     1     1 I (7)[1:swapper/0][    2.011143]@7 OCH: freq = 1996800000, voltage = 892
09-29 18:23:59.179     1     1 I (7)[1:swapper/0][    2.011145]@7 OCH: freq = 2112000000, voltage = 920
09-29 18:23:59.179     1     1 I (7)[1:swapper/0][    2.011146]@7 OCH: freq = 2227200000, voltage = 952
09-29 18:23:59.179     1     1 I (7)[1:swapper/0][    2.011148]@7 OCH: freq = 2342400000, voltage = 980
09-29 18:23:59.179     1     1 I (7)[1:swapper/0][    2.011150]@7 OCH: freq = 2419200000, voltage = 1004
09-29 18:23:59.179     1     1 I (7)[1:swapper/0][    2.011152]@7 OCH: cluster idx = 2, cpumask = 0x80
09-29 18:23:59.179     1     1 I (7)[1:swapper/0][    2.011156]@7 OCH: freq = 844800000, voltage = 652
09-29 18:23:59.179     1     1 I (7)[1:swapper/0][    2.011158]@7 OCH: freq = 960000000, voltage = 660
09-29 18:23:59.179     1     1 I (7)[1:swapper/0][    2.011160]@7 OCH: freq = 1075200000, voltage = 660
09-29 18:23:59.179     1     1 I (7)[1:swapper/0][    2.011162]@7 OCH: freq = 1190400000, voltage = 668
09-29 18:23:59.179     1     1 I (7)[1:swapper/0][    2.011163]@7 OCH: freq = 1305600000, voltage = 668
09-29 18:23:59.179     1     1 I (7)[1:swapper/0][    2.011165]@7 OCH: freq = 1420800000, voltage = 676
09-29 18:23:59.179     1     1 I (7)[1:swapper/0][    2.011167]@7 OCH: freq = 1555200000, voltage = 696
09-29 18:23:59.179     1     1 I (7)[1:swapper/0][    2.011169]@7 OCH: freq = 1670400000, voltage = 708
09-29 18:23:59.179     1     1 I (7)[1:swapper/0][    2.011171]@7 OCH: freq = 1785600000, voltage = 724
09-29 18:23:59.179     1     1 I (7)[1:swapper/0][    2.011173]@7 OCH: freq = 1900800000, voltage = 740
09-29 18:23:59.179     1     1 I (7)[1:swapper/0][    2.011175]@7 OCH: freq = 2035200000, voltage = 760
09-29 18:23:59.179     1     1 I (7)[1:swapper/0][    2.011176]@7 OCH: freq = 2150400000, voltage = 800
09-29 18:23:59.179     1     1 I (7)[1:swapper/0][    2.011179]@7 OCH: freq = 2265600000, voltage = 840
09-29 18:23:59.179     1     1 I (7)[1:swapper/0][    2.011181]@7 OCH: freq = 2380800000, voltage = 876
09-29 18:23:59.179     1     1 I (7)[1:swapper/0][    2.011183]@7 OCH: freq = 2496000000, voltage = 912
09-29 18:23:59.179     1     1 I (7)[1:swapper/0][    2.011184]@7 OCH: freq = 2592000000, voltage = 948
09-29 18:23:59.179     1     1 I (7)[1:swapper/0][    2.011186]@7 OCH: freq = 2688000000, voltage = 980
09-29 18:23:59.179     1     1 I (7)[1:swapper/0][    2.011188]@7 OCH: freq = 2764800000, voltage = 996
09-29 18:23:59.179     1     1 I (7)[1:swapper/0][    2.011190]@7 OCH: freq = 2841600000, voltage = 1012
09-29 18:23:59.179   270   270 D (3)[270:kworker/u24:2][    2.013145]@3 cnss: use-pm-domain is 1
09-29 18:23:59.179   270   270 D (3)[270:kworker/u24:2][    2.013156]@3 cnss: set_wlaon_pwr_ctrl is 0
09-29 18:23:59.179   270   270 D (3)[270:kworker/u24:2][    2.013164]@3 cnss: TCS CMD base address is 0x000000000b2e5510 with length 0x0000000000000690
09-29 18:23:59.179   270   270 D (3)[270:kworker/u24:2][    2.013178]@3 cnss: CommandDB name is not present for CPR
09-29 18:23:59.179   270   270 D (3)[270:kworker/u24:2][    2.013351]@3 cnss: Got regulator: vdd-wlan-io, min_uv: 1800000, max_uv: 1800000, load_ua: 0, delay_us: 0, need_unvote: 1
09-29 18:23:59.179   270   270 D (3)[270:kworker/u24:2][    2.013619]@3 cnss: Got regulator: wlan-ant-switch, min_uv: 2800000, max_uv: 2800000, load_ua: 0, delay_us: 0, need_unvote: 0
09-29 18:23:59.179   270   270 D (3)[270:kworker/u24:2][    2.013713]@3 cnss: Got regulator: vdd-wlan-aon, min_uv: 950000, max_uv: 952000, load_ua: 0, delay_us: 0, need_unvote: 1
09-29 18:23:59.179   270   270 D (3)[270:kworker/u24:2][    2.013771]@3 cnss: Got regulator: vdd-wlan-dig, min_uv: 950000, max_uv: 952000, load_ua: 0, delay_us: 0, need_unvote: 1
09-29 18:23:59.179   270   270 D (3)[270:kworker/u24:2][    2.013843]@3 cnss: Got regulator: vdd-wlan-rfa1, min_uv: 1880000, max_uv: 1880000, load_ua: 0, delay_us: 0, need_unvote: 1
09-29 18:23:59.179   270   270 D (3)[270:kworker/u24:2][    2.013903]@3 cnss: Got regulator: vdd-wlan-rfa2, min_uv: 1350000, max_uv: 1350000, load_ua: 0, delay_us: 0, need_unvote: 1
09-29 18:23:59.179   270   270 D (3)[270:kworker/u24:2][    2.013945]@3 cnss: Failed to get optional clock rf_clk, err = -2
09-29 18:23:59.179   270   270 D (3)[270:kworker/u24:2][    2.014026]@3 cnss: BT GPIO: 373
09-29 18:23:59.179   270   270 D (3)[270:kworker/u24:2][    2.014039]@3 cnss: Switch control GPIO: 461
09-29 18:23:59.179   270   270 D (3)[270:kworker/u24:2][    2.014051]@3 cnss: ICC Path_Count: 2 BW_CFG_Count: 7
09-29 18:23:59.179   270   270 D (3)[270:kworker/u24:2][    2.014069]@3 cnss: ICC Vote CFG for path: pcie_to_memnoc
09-29 18:23:59.179   270   270 D (3)[270:kworker/u24:2][    2.014076]@3 cnss: ICC Vote BW: 0 avg: 0 peak: 0
09-29 18:23:59.179   270   270 D (3)[270:kworker/u24:2][    2.014082]@3 cnss: ICC Vote BW: 1 avg: 2250 peak: 390000
09-29 18:23:59.179   270   270 D (3)[270:kworker/u24:2][    2.014088]@3 cnss: ICC Vote BW: 2 avg: 7500 peak: 390000
09-29 18:23:59.179   270   270 D (3)[270:kworker/u24:2][    2.014094]@3 cnss: ICC Vote BW: 3 avg: 30000 peak: 790000
09-29 18:23:59.179   270   270 D (3)[270:kworker/u24:2][    2.014100]@3 cnss: ICC Vote BW: 4 avg: 100000 peak: 790000
09-29 18:23:59.179   270   270 D (3)[270:kworker/u24:2][    2.014106]@3 cnss: ICC Vote BW: 5 avg: 175000 peak: 1600000
09-29 18:23:59.179   270   270 D (3)[270:kworker/u24:2][    2.014111]@3 cnss: ICC Vote BW: 6 avg: 7500 peak: 390000
09-29 18:23:59.179   270   270 D (3)[270:kworker/u24:2][    2.014142]@3 cnss: ICC Vote CFG for path: memnoc_to_ddr
09-29 18:23:59.179   270   270 D (3)[270:kworker/u24:2][    2.014148]@3 cnss: ICC Vote BW: 0 avg: 0 peak: 0
09-29 18:23:59.179   270   270 D (3)[270:kworker/u24:2][    2.014153]@3 cnss: ICC Vote BW: 1 avg: 2250 peak: 1804800
09-29 18:23:59.179   270   270 D (3)[270:kworker/u24:2][    2.014159]@3 cnss: ICC Vote BW: 2 avg: 7500 peak: 1804800
09-29 18:23:59.179   270   270 D (3)[270:kworker/u24:2][    2.014165]@3 cnss: ICC Vote BW: 3 avg: 30000 peak: 1804800
09-29 18:23:59.179   270   270 D (3)[270:kworker/u24:2][    2.014171]@3 cnss: ICC Vote BW: 4 avg: 100000 peak: 1804800
09-29 18:23:59.179   270   270 D (3)[270:kworker/u24:2][    2.014178]@3 cnss: ICC Vote BW: 5 avg: 175000 peak: 6220800
09-29 18:23:59.179   270   270 D (3)[270:kworker/u24:2][    2.014185]@3 cnss: ICC Vote BW: 6 avg: 7500 peak: 2188800
09-29 18:23:59.179   270   270 D (3)[270:kworker/u24:2][    2.014407]@3 cnss: Regulator vdd-wlan-io is being enabled
09-29 18:23:59.179   270   270 D (3)[270:kworker/u24:2][    2.014514]@3 cnss: Regulator wlan-ant-switch is being enabled
09-29 18:23:59.179   270   270 D (3)[270:kworker/u24:2][    2.014921]@3 cnss: Regulator vdd-wlan-aon is being enabled
09-29 18:23:59.179     9     9 W         : (5)[9:kworker/u24:0][    2.014965]@5 disp_cc_pll0 PLL is already enabled
09-29 18:23:59.179     9     9 I         : (5)[9:kworker/u24:0][    2.015104]@5 disp_cc-lahaina af00000.qcom,dispcc: Registered DISP CC clocks
09-29 18:23:59.179     9     9 I (5)[9:kworker/u24:0][    2.015211]@5 cam_cc_bps_gdsc: supplied by pm8350c_s8_level
09-29 18:23:59.179     9     9 I (5)[9:kworker/u24:0][    2.015281]@5 cam_cc_ife_0_gdsc: supplied by pm8350c_s8_level
09-29 18:23:59.179     9     9 I (5)[9:kworker/u24:0][    2.015342]@5 cam_cc_ife_1_gdsc: supplied by pm8350c_s8_level
09-29 18:23:59.179     9     9 I (5)[9:kworker/u24:0][    2.015400]@5 cam_cc_ife_2_gdsc: supplied by pm8350c_s8_level
09-29 18:23:59.179     9     9 I (5)[9:kworker/u24:0][    2.015458]@5 cam_cc_ipe_0_gdsc: supplied by pm8350c_s8_level
09-29 18:23:59.179     9     9 I (5)[9:kworker/u24:0][    2.015512]@5 cam_cc_sbi_gdsc: supplied by pm8350c_s8_level
09-29 18:23:59.179   270   270 D (3)[270:kworker/u24:2][    2.015515]@3 cnss: Regulator vdd-wlan-dig is being enabled
09-29 18:23:59.179     9     9 I (5)[9:kworker/u24:0][    2.015585]@5 cam_cc_titan_top_gdsc: supplied by pm8350c_s8_level
09-29 18:23:59.179   270   270 D (3)[270:kworker/u24:2][    2.015623]@3 cnss: Regulator vdd-wlan-rfa1 is being enabled
09-29 18:23:59.179     9     9 I (5)[9:kworker/u24:0][    2.015644]@5 disp_cc_mdss_core_gdsc: supplied by pm8350c_s8_level
09-29 18:23:59.179     9     9 I (5)[9:kworker/u24:0][    2.015719]@5 video_cc_mvs0_gdsc: supplied by pm8350c_s8_level
09-29 18:23:59.179   270   270 D (3)[270:kworker/u24:2][    2.015733]@3 cnss: Regulator vdd-wlan-rfa2 is being enabled
09-29 18:23:59.179     9     9 I (5)[9:kworker/u24:0][    2.015771]@5 video_cc_mvs0c_gdsc: supplied by pm8350c_s8_level
09-29 18:23:59.179     9     9 I (5)[9:kworker/u24:0][    2.015827]@5 video_cc_mvs1_gdsc: supplied by pm8350c_s8_level
09-29 18:23:59.179   270   270 D (3)[270:kworker/u24:2][    2.015841]@3 cnss: De-assert WLAN_EN GPIO successfully
09-29 18:23:59.179     9     9 I (5)[9:kworker/u24:0][    2.015878]@5 video_cc_mvs1c_gdsc: supplied by pm8350c_s8_level
09-29 18:23:59.179     9     9 E         : (5)[9:kworker/u24:0][    2.018788]@5 gsi soc:qcom,msm_gsi: gsi_pending_irq_type:3046 no client registered
09-29 18:23:59.179     9     9 I         : (5)[9:kworker/u24:0][    2.018954]@5 rmnet_ipa3 started initialization
09-29 18:23:59.179   270   270 D (3)[270:kworker/u24:2][    2.020876]@3 cnss: BT_EN_GPIO State: Off. Delay WLAN_GPIO enable
09-29 18:23:59.179     9     9 I         : (5)[9:kworker/u24:0][    2.026386]@5 arm-smmu 15000000.apps-smmu: 	coherent table walk
09-29 18:23:59.179     9     9 I         : (5)[9:kworker/u24:0][    2.026390]@5 arm-smmu 15000000.apps-smmu: 	stream matching with 89 register groups
09-29 18:23:59.179     9     9 I (5)[9:kworker/u24:0]msm-dwc3 a600000.ssusb: Adding to iommu group 1
09-29 18:23:59.179     9     9 I         : (5)[9:kworker/u24:0][    2.027831]@5 dwc3 a600000.dwc3: changing max_speed on rev 00000000
09-29 18:23:59.179     9     9 I (5)[9:kworker/u24:0][    2.028516]@5 usb_bam_init: setting SPS_BAM_SMMU_EN flag with (a704000.qcom,usbbam)
09-29 18:23:59.179     9     9 I (5)[9:kworker/u24:0][    2.028547]@5 sps: BAM 0x000000000a704000 is registered
09-29 18:23:59.179     9     9 E         : (5)[9:kworker/u24:0][    2.028604]@5 msm-dwc3 a600000.ssusb: Nominal values not found.
09-29 18:23:59.179     9     9 E         : (5)[9:kworker/u24:0][    2.028607]@5 msm-dwc3 a600000.ssusb: Dynamic voting failed
09-29 18:23:59.179     9     9 E         : (5)[9:kworker/u24:0][    2.028620]@5 msm-dwc3 a600000.ssusb: IRQ hs_phy_irq not found
09-29 18:23:59.179     9     9 E         : (5)[9:kworker/u24:0][    2.029155]@5 msm-dwc3 a600000.ssusb: IRQ dp_hs_phy_irq1 not found
09-29 18:23:59.179     9     9 E         : (5)[9:kworker/u24:0][    2.029158]@5 msm-dwc3 a600000.ssusb: IRQ dm_hs_phy_irq1 not found
