09-29 18:23:59.184     9     9 I (3)[9:kworker/u24:0][    2.261788]@3 [TP0]touchpanel: LCD_WIDTH = 1080, LCD_HEIGHT = 2400, max_x = 8640, max_y = 19200, limit_witdh = 0, limit_height = 54
09-29 18:23:59.184     9     9 I (3)[9:kworker/u24:0][    2.261796]@3 [TP0]touchpanel: error:button-type should be setting in dts!
09-29 18:23:59.184     9     9 I (3)[9:kworker/u24:0][TP0]touchpanel: key_tx is 0, key_rx is 0
09-29 18:23:59.184     9     9 E (3)[9:kworker/u24:0][    2.261807]@3 [TP0]touchpanel: smooth_level_charging_array not specified -22
09-29 18:23:59.184     9     9 I (3)[9:kworker/u24:0][    2.261814]@3 [TP0]touchpanel: sensitive_charging_array not specified -22
09-29 18:23:59.184     9     9 I (3)[9:kworker/u24:0][    2.261820]@3 [TP0]touchpanel: error:game_perf_para_default should be setting in dts!
09-29 18:23:59.184     9     9 I (3)[9:kworker/u24:0][    2.261826]@3 [TP0]touchpanel: panel is oncell!
09-29 18:23:59.184     9     9 I (3)[9:kworker/u24:0][    2.261832]@3 [TP0]touchpanel: tp_ic_type not specified
09-29 18:23:59.184     9     9 I (3)[9:kworker/u24:0][    2.261837]@3 [TP0]touchpanel: ts->single_optimized_time not specified
09-29 18:23:59.184     9     9 I (3)[9:kworker/u24:0][    2.261844]@3 [TP]touchpanel: report_rate_limit not specified,we will set it 60hz
09-29 18:23:59.184     9     9 W         : (3)[9:kworker/u24:0][    2.261851]@3 focaltech,ft3658u 5-0038: init_parse_dts: No trusted touch mode environment
09-29 18:23:59.184     9     9 E (3)[9:kworker/u24:0][    2.261857]@3 [TP]touchpanel: is_support_child_node: panel_node = FT3658U_PANEL8.
09-29 18:23:59.184     9     9 E (3)[9:kworker/u24:0][    2.261862]@3 [TP0]touchpanel: child_node not defined.
09-29 18:23:59.184     9     9 I (3)[9:kworker/u24:0][    2.262724]@3 [TP0]touchpanel: ts_check_panel_dt: [oplus,dsi-display-dev] is missing, try to find [panel] node
09-29 18:23:59.184     9     9 I (3)[9:kworker/u24:0][    2.262734]@3 [TP0]touchpanel: ts_check_panel_dt: panel[0] IS_ERR =1
09-29 18:23:59.184     9     9 I (3)[9:kworker/u24:0][    2.262742]@3 [TP0]touchpanel: ts_check_panel_dt: panel[1] IS_ERR =1
09-29 18:23:59.184     9     9 E (3)[9:kworker/u24:0][    2.262747]@3 [TP0]touchpanel: register_common_touch_device: ts_check_panel_dt failed.
09-29 18:23:59.184     9     9 E (3)[9:kworker/u24:0][    2.262752]@3 [TP]focaltech,ft3658u: fts3658u_tp_probe, probe error
09-29 18:23:59.184    76    76 E         : (2)[76:kworker/u24:1][    2.271677]@2 ufshcd-qcom 1d84000.ufshc: ufshcd_print_pwr_info:[RX, TX]: gear=[4, 4], lane[2, 2], pwr[FAST MODE, FAST MODE], rate = 2
09-29 18:23:59.184    76    76 I         : (2)[76:kworker/u24:1][    2.272006]@2 scsi 0:0:0:49488: Well-known LUN    SAMSUNG  KLUEG8UHDC-B0E1  0600 PQ: 0 ANSI: 6
09-29 18:23:59.184    76    76 I         : (2)[76:kworker/u24:1][    2.272443]@2 scsi 0:0:0:49488: Attached scsi generic sg0 type 30
09-29 18:23:59.184    76    76 I         : (2)[76:kworker/u24:1][    2.272695]@2 scsi 0:0:0:49476: Well-known LUN    SAMSUNG  KLUEG8UHDC-B0E1  0600 PQ: 0 ANSI: 6
09-29 18:23:59.184    76    76 I         : (2)[76:kworker/u24:1][    2.273032]@2 scsi 0:0:0:49476: Attached scsi generic sg1 type 30
09-29 18:23:59.184    76    76 I         : (2)[76:kworker/u24:1][    2.273220]@2 scsi 0:0:0:49456: Well-known LUN    SAMSUNG  KLUEG8UHDC-B0E1  0600 PQ: 0 ANSI: 6
09-29 18:23:59.184    76    76 I         : (2)[76:kworker/u24:1][    2.273546]@2 scsi 0:0:0:49456: Attached scsi generic sg2 type 30
09-29 18:23:59.184    76    76 I         : (1)[76:kworker/u24:1][    2.274049]@1 scsi 0:0:0:0: Direct-Access     SAMSUNG  KLUEG8UHDC-B0E1  0600 PQ: 0 ANSI: 6
09-29 18:23:59.184    76    76 I         : (1)[76:kworker/u24:1][    2.274432]@1 sd 0:0:0:0: Attached scsi generic sg3 type 0
09-29 18:23:59.184     0     0 W         : (0)[0:swapper/0][    2.274483]@0 sd 0:0:0:0: Power-on or device reset occurred
09-29 18:23:59.184    76    76 I         : (1)[76:kworker/u24:1][    2.274784]@1 scsi 0:0:0:1: Direct-Access     SAMSUNG  KLUEG8UHDC-B0E1  0600 PQ: 0 ANSI: 6
09-29 18:23:59.184     9     9 I         : (3)[9:kworker/u24:0][    2.275030]@3 sd 0:0:0:0: [sda] 61642752 4096-byte logical blocks: (252 GB/235 GiB)
09-29 18:23:59.184     9     9 I         : (3)[9:kworker/u24:0][    2.275112]@3 sd 0:0:0:0: [sda] Write Protect is off
09-29 18:23:59.184     9     9 D         : (3)[9:kworker/u24:0][    2.275121]@3 sd 0:0:0:0: [sda] Mode Sense: 00 32 00 10
09-29 18:23:59.184    76    76 I         : (1)[76:kworker/u24:1][    2.275160]@1 sd 0:0:0:1: Attached scsi generic sg4 type 0
09-29 18:23:59.184   373   373 W         : (0)[373:kworker/u24:4][    2.275206]@0 sd 0:0:0:1: Power-on or device reset occurred
09-29 18:23:59.184     9     9 I         : (3)[9:kworker/u24:0][    2.275284]@3 sd 0:0:0:0: [sda] Write cache: enabled, read cache: enabled, supports DPO and FUA
09-29 18:23:59.184     9     9 I         : (3)[9:kworker/u24:0][    2.275365]@3 sd 0:0:0:0: [sda] Optimal transfer size 524288 bytes
09-29 18:23:59.184    76    76 I         : (1)[76:kworker/u24:1][    2.275390]@1 scsi 0:0:0:2: Direct-Access     SAMSUNG  KLUEG8UHDC-B0E1  0600 PQ: 0 ANSI: 6
09-29 18:23:59.184   290   290 I         : (2)[290:kworker/u24:3][    2.275864]@2 sd 0:0:0:1: [sdb] 2048 4096-byte logical blocks: (8.39 MB/8.00 MiB)
09-29 18:23:59.185   290   290 I         : (2)[290:kworker/u24:3][    2.275955]@2 sd 0:0:0:1: [sdb] Write Protect is off
09-29 18:23:59.185   290   290 D         : (2)[290:kworker/u24:3][    2.275964]@2 sd 0:0:0:1: [sdb] Mode Sense: 00 32 00 10
09-29 18:23:59.185    76    76 W         : (0)[76:kworker/u24:1][    2.275975]@0 sd 0:0:0:2: Power-on or device reset occurred
09-29 18:23:59.185   290   290 I         : (2)[290:kworker/u24:3][    2.276167]@2 sd 0:0:0:1: [sdb] Write cache: enabled, read cache: enabled, supports DPO and FUA
09-29 18:23:59.185   290   290 I         : (2)[290:kworker/u24:3][    2.276248]@2 sd 0:0:0:1: [sdb] Optimal transfer size 524288 bytes
09-29 18:23:59.185   374   374 I         : (2)[374:kworker/u24:5][    2.276548]@2 sd 0:0:0:2: [sdc] 2048 4096-byte logical blocks: (8.39 MB/8.00 MiB)
09-29 18:23:59.185    76    76 I         : (0)[76:kworker/u24:1][    2.276582]@0 sd 0:0:0:2: Attached scsi generic sg5 type 0
09-29 18:23:59.185   374   374 I         : (2)[374:kworker/u24:5][    2.276825]@2 sd 0:0:0:2: [sdc] Write Protect is off
09-29 18:23:59.185   374   374 D         : (2)[374:kworker/u24:5][    2.276833]@2 sd 0:0:0:2: [sdc] Mode Sense: 00 32 00 10
09-29 18:23:59.185    76    76 I         : (0)[76:kworker/u24:1][    2.277153]@0 scsi 0:0:0:3: Direct-Access     SAMSUNG  KLUEG8UHDC-B0E1  0600 PQ: 0 ANSI: 6
09-29 18:23:59.185   374   374 I         : (2)[374:kworker/u24:5][    2.277323]@2 sd 0:0:0:2: [sdc] Write cache: enabled, read cache: enabled, supports DPO and FUA
09-29 18:23:59.185   374   374 I         : (2)[374:kworker/u24:5][    2.277398]@2 sd 0:0:0:2: [sdc] Optimal transfer size 524288 bytes
09-29 18:23:59.185    76    76 I         : (3)[76:kworker/u24:1][    2.277733]@3 scsi 0:0:0:3: Attached scsi generic sg6 type 0
09-29 18:23:59.185    76    76 I         : (1)[76:kworker/u24:1][    2.278017]@1 scsi 0:0:0:4: Direct-Access     SAMSUNG  KLUEG8UHDC-B0E1  0600 PQ: 0 ANSI: 6
09-29 18:23:59.185    11    11 W         : (0)[11:ksoftirqd/0][    2.278039]@0 sd 0:0:0:3: Power-on or device reset occurred
09-29 18:23:59.185     9     9 I (0)[9:kworker/u24:0][    2.278335]@0  sda: sda1 sda2 sda3 sda4 sda5 sda6 sda7 sda8 sda9 sda10 sda11 sda12 sda13
09-29 18:23:59.185    76    76 I         : (3)[76:kworker/u24:1][    2.278387]@3 scsi 0:0:0:4: Attached scsi generic sg7 type 0
09-29 18:23:59.185    76    76 I         : (3)[76:kworker/u24:1][    2.278862]@3 scsi 0:0:0:5: Direct-Access     SAMSUNG  KLUEG8UHDC-B0E1  0600 PQ: 0 ANSI: 6
09-29 18:23:59.185    11    11 W         : (0)[11:ksoftirqd/0][    2.279568]@0 sd 0:0:0:4: Power-on or device reset occurred
09-29 18:23:59.185    76    76 I         : (1)[76:kworker/u24:1][    2.279630]@1 scsi 0:0:0:5: Attached scsi generic sg8 type 0
09-29 18:23:59.185   398   398 I         : (1)[398:kworker/u24:6][    2.279716]@1 sd 0:0:0:3: [sdd] 8192 4096-byte logical blocks: (33.6 MB/32.0 MiB)
09-29 18:23:59.185   398   398 I         : (1)[398:kworker/u24:6][    2.279829]@1 sd 0:0:0:3: [sdd] Write Protect is off
09-29 18:23:59.185   398   398 D         : (1)[398:kworker/u24:6][    2.279838]@1 sd 0:0:0:3: [sdd] Mode Sense: 00 32 00 10
09-29 18:23:59.185   398   398 I         : (3)[398:kworker/u24:6][    2.280107]@3 sd 0:0:0:3: [sdd] Write cache: enabled, read cache: enabled, supports DPO and FUA
09-29 18:23:59.185   398   398 I         : (3)[398:kworker/u24:6][    2.280224]@3 sd 0:0:0:3: [sdd] Optimal transfer size 524288 bytes
09-29 18:23:59.185   290   290 I (0)[290:kworker/u24:3][    2.280287]@0  sdb: sdb1 sdb2
09-29 18:23:59.185   373   373 I         : (1)[373:kworker/u24:4][    2.280897]@1 sd 0:0:0:4: [sde] 674816 4096-byte logical blocks: (2.76 GB/2.57 GiB)
09-29 18:23:59.185   399   399 W         : (0)[399:kworker/u24:7][    2.280959]@0 sd 0:0:0:5: Power-on or device reset occurred
09-29 18:23:59.185   373   373 I         : (3)[373:kworker/u24:4][    2.281126]@3 sd 0:0:0:4: [sde] Write Protect is off
09-29 18:23:59.185   373   373 D         : (3)[373:kworker/u24:4][    2.281135]@3 sd 0:0:0:4: [sde] Mode Sense: 00 32 00 10
09-29 18:23:59.185   374   374 I (2)[374:kworker/u24:5][    2.281593]@2  sdc: sdc1 sdc2
09-29 18:23:59.185   373   373 I         : (3)[373:kworker/u24:4][    2.281735]@3 sd 0:0:0:4: [sde] Write cache: enabled, read cache: enabled, supports DPO and FUA
09-29 18:23:59.185   373   373 I         : (3)[373:kworker/u24:4][    2.281803]@3 sd 0:0:0:4: [sde] Optimal transfer size 524288 bytes
09-29 18:23:59.185     9     9 I         : (2)[9:kworker/u24:0][    2.282024]@2 sd 0:0:0:0: [sda] Attached SCSI disk
09-29 18:23:59.185    76    76 I         : (1)[76:kworker/u24:1][    2.282220]@1 sd 0:0:0:5: [sdf] 148480 4096-byte logical blocks: (608 MB/580 MiB)
09-29 18:23:59.185    76    76 I         : (1)[76:kworker/u24:1][    2.282295]@1 sd 0:0:0:5: [sdf] Write Protect is off
09-29 18:23:59.185    76    76 D         : (1)[76:kworker/u24:1][    2.282304]@1 sd 0:0:0:5: [sdf] Mode Sense: 00 32 00 10
09-29 18:23:59.185     9     9 E (2)[9:kworker/u24:0][    2.282342]@2 gf_qcom: gf_probe, found not goodix sensor
09-29 18:23:59.185    76    76 I         : (0)[76:kworker/u24:1][    2.282627]@0 sd 0:0:0:5: [sdf] Write cache: enabled, read cache: enabled, supports DPO and FUA
09-29 18:23:59.185     9     9 E (2)[9:kworker/u24:0][    2.282761]@2 [TP]focaltech,ft3658u: fts3658u_tp_probe  is called
09-29 18:23:59.185     9     9 E (3)[9:kworker/u24:0][    2.282890]@3 [TP]focaltech,ft3658u: point check init
09-29 18:23:59.185     9     9 E (3)[9:kworker/u24:0][TP]focaltech,ft3658u: ft3658u_parse_dts:high_resolution_support is:1 1
09-29 18:23:59.185     9     9 E (3)[9:kworker/u24:0][    2.282908]@3 [TP]focaltech,ft3658u: default game value 1
09-29 18:23:59.185     9     9 I (3)[9:kworker/u24:0][    2.282913]@3 [TP]touchpanel: register_common_touch_device  is called
09-29 18:23:59.185     9     9 I (3)[9:kworker/u24:0][    2.282919]@3 [TP]touchpanel: ts->tp_index not specified
09-29 18:23:59.185     9     9 I (3)[9:kworker/u24:0][    2.282924]@3 [TP]touchpanel: ts->tp_index is 0
09-29 18:23:59.185     9     9 I (3)[9:kworker/u24:0][    2.282961]@3 [TP0]touchpanel: vdd_1v8_volt not defined
09-29 18:23:59.185     9     9 I (3)[9:kworker/u24:0][    2.282992]@3 [TP0]touchpanel: init_parse_dts : irq_gpio = 331, irq_flags = 0x2002, reset_gpio = 330
09-29 18:23:59.185     9     9 I (3)[9:kworker/u24:0][    2.283002]@3 [TP0]touchpanel: ts->cs-gpio not specified
09-29 18:23:59.185     9     9 I (3)[9:kworker/u24:0][    2.283008]@3 [TP0]touchpanel: Failed to get the high state pinctrl handle
09-29 18:23:59.185     9     9 I (3)[9:kworker/u24:0][    2.283013]@3 [TP0]touchpanel: Failed to get the low state pinctrl handle
09-29 18:23:59.185     9     9 I (3)[9:kworker/u24:0][    2.283018]@3 [TP0]touchpanel: Failed to get the cs-gpio high state pinctrl
09-29 18:23:59.185     9     9 I (3)[9:kworker/u24:0][    2.283023]@3 [TP0]touchpanel: Failed to get the cs-gpio low state pinctrl
09-29 18:23:59.185    76    76 I         : (0)[76:kworker/u24:1][    2.283028]@0 sd 0:0:0:5: [sdf] Optimal transfer size 524288 bytes
09-29 18:23:59.185     9     9 I (3)[9:kworker/u24:0][    2.283032]@3 [TP0]touchpanel: Failed to get the input state pinctrl handle
09-29 18:23:59.185     9     9 I (3)[9:kworker/u24:0][    2.283035]@3 [TP]touchpanel: Failed to get pinctrl state:oplus_spi_active, r:-19
09-29 18:23:59.185     9     9 I (3)[9:kworker/u24:0][TP]touchpanel: Failed to get pinctrl state:oplus_int_active, r:-19
09-29 18:23:59.185     9     9 I (3)[9:kworker/u24:0][TP]touchpanel: Failed to get pinctrl state:oplus_reset_active, r:-19
09-29 18:23:59.185     9     9 I (3)[9:kworker/u24:0][TP]touchpanel: success get avtive pinctrl state
09-29 18:23:59.185     9     9 I (3)[9:kworker/u24:0][TP]touchpanel: Failed to get pinctrl state:oplus_spi_suspend, r:-19
09-29 18:23:59.185     9     9 I (3)[9:kworker/u24:0][TP]touchpanel: Failed to get pinctrl state:oplus_int_suspend, r:-19
09-29 18:23:59.185     9     9 I (3)[9:kworker/u24:0][TP]touchpanel: Failed to get pinctrl state:oplus_reset_suspend, r:-19
09-29 18:23:59.185     9     9 I (3)[9:kworker/u24:0][TP]touchpanel: success get suspend pinctrl state
09-29 18:23:59.185     9     9 I (3)[9:kworker/u24:0][TP0]touchpanel: ts->hw_res.enable2v8_gpio not specified
09-29 18:23:59.185     9     9 I (3)[9:kworker/u24:0][    2.283069]@3 [TP0]touchpanel: ts->hw_res.enable1v8_gpio not specified
09-29 18:23:59.185     9     9 I (3)[9:kworker/u24:0][    2.283075]@3 [TP0]touchpanel: int-mode not specified
09-29 18:23:59.185     9     9 I (3)[9:kworker/u24:0][    2.283084]@3 [TP0]touchpanel: panel_type not specified, need to default 1
09-29 18:23:59.185     9     9 I (3)[9:kworker/u24:0][TP0]touchpanel: find 1 num chip in dts
09-29 18:23:59.185     9     9 I (3)[9:kworker/u24:0][TP0]touchpanel: panel_data.chip_name = FT3658U
09-29 18:23:59.185     9     9 I (3)[9:kworker/u24:0][    2.283097]@3 [TP0]touchpanel: now has 1 num panel in dts
09-29 18:23:59.185     9     9 E         : (3)[9:kworker/u24:0][    2.283104]@3 [TP] Driver match support project [136883]
09-29 18:23:59.185     9     9 E         : (3)[9:kworker/u24:0][    2.283111]@3 [TP] match panel type OK , panel type is [8]
09-29 18:23:59.185     9     9 I (3)[9:kworker/u24:0][    2.283116]@3 [TP0]touchpanel: read firmware-data-0 firmware in dts
09-29 18:23:59.185     9     9 I (3)[9:kworker/u24:0][TP0]touchpanel: No firmware in dts !
09-29 18:23:59.185     9     9 I (3)[9:kworker/u24:0][    2.283149]@3 [TP0]touchpanel: ts->irq_need_dev_resume_time not specified
09-29 18:23:59.185     9     9 E (3)[9:kworker/u24:0][    2.283153]@3 [TP0]touchpanel: ts->irq_need_dev_resume_time = 50 ms
09-29 18:23:59.185     9     9 I (3)[9:kworker/u24:0][    2.283160]@3 [TP0]touchpanel: tx_num = 16, rx_num = 35
09-29 18:23:59.185     9     9 I (3)[9:kworker/u24:0][    2.283166]@3 [TP0]touchpanel: LCD_WIDTH = 1080, LCD_HEIGHT = 2400, max_x = 8640, max_y = 19200, limit_witdh = 0, limit_height = 54
09-29 18:23:59.185     9     9 I (3)[9:kworker/u24:0][    2.283174]@3 [TP0]touchpanel: error:button-type should be setting in dts!
09-29 18:23:59.185     9     9 I (3)[9:kworker/u24:0][TP0]touchpanel: key_tx is 0, key_rx is 0
09-29 18:23:59.185     9     9 E (3)[9:kworker/u24:0][    2.283186]@3 [TP0]touchpanel: smooth_level_charging_array not specified -22
09-29 18:23:59.185     9     9 I (3)[9:kworker/u24:0][    2.283193]@3 [TP0]touchpanel: sensitive_charging_array not specified -22
09-29 18:23:59.185     9     9 I (3)[9:kworker/u24:0][    2.283199]@3 [TP0]touchpanel: error:game_perf_para_default should be setting in dts!
09-29 18:23:59.185     9     9 I (3)[9:kworker/u24:0][    2.283205]@3 [TP0]touchpanel: panel is oncell!
09-29 18:23:59.185     9     9 I (3)[9:kworker/u24:0][    2.283211]@3 [TP0]touchpanel: tp_ic_type not specified
09-29 18:23:59.185     9     9 I (3)[9:kworker/u24:0][    2.283217]@3 [TP0]touchpanel: ts->single_optimized_time not specified
09-29 18:23:59.185     9     9 I (3)[9:kworker/u24:0][    2.283223]@3 [TP]touchpanel: report_rate_limit not specified,we will set it 60hz
09-29 18:23:59.185     9     9 W         : (3)[9:kworker/u24:0][    2.283230]@3 focaltech,ft3658u 5-0038: init_parse_dts: No trusted touch mode environment
09-29 18:23:59.185     9     9 E (3)[9:kworker/u24:0][    2.283236]@3 [TP]touchpanel: is_support_child_node: panel_node = FT3658U_PANEL8.
09-29 18:23:59.185     9     9 E (3)[9:kworker/u24:0][    2.283241]@3 [TP0]touchpanel: child_node not defined.
09-29 18:23:59.185   398   398 I (1)[398:kworker/u24:6][    2.283736]@1  sdd: sdd1 sdd2 sdd3 sdd4 sdd5 sdd6 sdd7
09-29 18:23:59.185   374   374 I         : (0)[374:kworker/u24:5][    2.284145]@0 sd 0:0:0:2: [sdc] Attached SCSI disk
09-29 18:23:59.185     9     9 I (3)[9:kworker/u24:0][    2.284702]@3 [TP0]touchpanel: ts_check_panel_dt: [oplus,dsi-display-dev] is missing, try to find [panel] node
09-29 18:23:59.185     9     9 I (3)[9:kworker/u24:0][    2.284715]@3 [TP0]touchpanel: ts_check_panel_dt: panel[0] IS_ERR =1
09-29 18:23:59.185     9     9 I (3)[9:kworker/u24:0][    2.284723]@3 [TP0]touchpanel: ts_check_panel_dt: panel[1] IS_ERR =1
09-29 18:23:59.185     9     9 E (3)[9:kworker/u24:0][    2.284728]@3 [TP0]touchpanel: register_common_touch_device: ts_check_panel_dt failed.
09-29 18:23:59.185     9     9 E (3)[9:kworker/u24:0][    2.284734]@3 [TP]focaltech,ft3658u: fts3658u_tp_probe, probe error
09-29 18:23:59.185     9     9 E (3)[9:kworker/u24:0][    2.284985]@3 gf_qcom: gf_probe, found not goodix sensor
09-29 18:23:59.185     9     9 E (3)[9:kworker/u24:0][    2.285358]@3 [TP]focaltech,ft3658u: fts3658u_tp_probe  is called
09-29 18:23:59.185     9     9 E (3)[9:kworker/u24:0][    2.285482]@3 [TP]focaltech,ft3658u: point check init
09-29 18:23:59.185     9     9 E (3)[9:kworker/u24:0][TP]focaltech,ft3658u: ft3658u_parse_dts:high_resolution_support is:1 1
09-29 18:23:59.185     9     9 E (3)[9:kworker/u24:0][    2.285498]@3 [TP]focaltech,ft3658u: default game value 1
09-29 18:23:59.185     9     9 I (3)[9:kworker/u24:0][    2.285503]@3 [TP]touchpanel: register_common_touch_device  is called
09-29 18:23:59.185     9     9 I (3)[9:kworker/u24:0][    2.285509]@3 [TP]touchpanel: ts->tp_index not specified
09-29 18:23:59.185     9     9 I (3)[9:kworker/u24:0][    2.285513]@3 [TP]touchpanel: ts->tp_index is 0
09-29 18:23:59.185     9     9 I (3)[9:kworker/u24:0][    2.285549]@3 [TP0]touchpanel: vdd_1v8_volt not defined
09-29 18:23:59.185     9     9 I (3)[9:kworker/u24:0][    2.285576]@3 [TP0]touchpanel: init_parse_dts : irq_gpio = 331, irq_flags = 0x2002, reset_gpio = 330
09-29 18:23:59.185     9     9 I (3)[9:kworker/u24:0][    2.285587]@3 [TP0]touchpanel: ts->cs-gpio not specified
09-29 18:23:59.185     9     9 I (3)[9:kworker/u24:0][    2.285592]@3 [TP0]touchpanel: Failed to get the high state pinctrl handle
09-29 18:23:59.185     9     9 I (3)[9:kworker/u24:0][    2.285597]@3 [TP0]touchpanel: Failed to get the low state pinctrl handle
09-29 18:23:59.185     9     9 I (3)[9:kworker/u24:0][    2.285602]@3 [TP0]touchpanel: Failed to get the cs-gpio high state pinctrl
09-29 18:23:59.185     9     9 I (3)[9:kworker/u24:0][    2.285606]@3 [TP0]touchpanel: Failed to get the cs-gpio low state pinctrl
09-29 18:23:59.185     9     9 I (3)[9:kworker/u24:0][    2.285611]@3 [TP0]touchpanel: Failed to get the input state pinctrl handle
09-29 18:23:59.185     9     9 I (3)[9:kworker/u24:0][    2.285616]@3 [TP]touchpanel: Failed to get pinctrl state:oplus_spi_active, r:-19
09-29 18:23:59.185     9     9 I (3)[9:kworker/u24:0][TP]touchpanel: Failed to get pinctrl state:oplus_int_active, r:-19
09-29 18:23:59.185     9     9 I (3)[9:kworker/u24:0][TP]touchpanel: Failed to get pinctrl state:oplus_reset_active, r:-19
09-29 18:23:59.185     9     9 I (3)[9:kworker/u24:0][TP]touchpanel: success get avtive pinctrl state
09-29 18:23:59.185     9     9 I (3)[9:kworker/u24:0][TP]touchpanel: Failed to get pinctrl state:oplus_spi_suspend, r:-19
09-29 18:23:59.185     9     9 I (3)[9:kworker/u24:0][TP]touchpanel: Failed to get pinctrl state:oplus_int_suspend, r:-19
09-29 18:23:59.185     9     9 I (3)[9:kworker/u24:0][TP]touchpanel: Failed to get pinctrl state:oplus_reset_suspend, r:-19
09-29 18:23:59.185     9     9 I (3)[9:kworker/u24:0][TP]touchpanel: success get suspend pinctrl state
09-29 18:23:59.185     9     9 I (3)[9:kworker/u24:0][TP0]touchpanel: ts->hw_res.enable2v8_gpio not specified
09-29 18:23:59.185     9     9 I (3)[9:kworker/u24:0][    2.285657]@3 [TP0]touchpanel: ts->hw_res.enable1v8_gpio not specified
09-29 18:23:59.185     9     9 I (3)[9:kworker/u24:0][    2.285663]@3 [TP0]touchpanel: int-mode not specified
09-29 18:23:59.185     9     9 I (3)[9:kworker/u24:0][    2.285671]@3 [TP0]touchpanel: panel_type not specified, need to default 1
09-29 18:23:59.185     9     9 I (3)[9:kworker/u24:0][TP0]touchpanel: find 1 num chip in dts
09-29 18:23:59.185     9     9 I (3)[9:kworker/u24:0][TP0]touchpanel: panel_data.chip_name = FT3658U
09-29 18:23:59.185     9     9 I (3)[9:kworker/u24:0][    2.285684]@3 [TP0]touchpanel: now has 1 num panel in dts
09-29 18:23:59.185     9     9 E         : (3)[9:kworker/u24:0][    2.285691]@3 [TP] Driver match support project [136883]
09-29 18:23:59.185     9     9 E         : (3)[9:kworker/u24:0][    2.285697]@3 [TP] match panel type OK , panel type is [8]
09-29 18:23:59.185     9     9 I (3)[9:kworker/u24:0][    2.285702]@3 [TP0]touchpanel: read firmware-data-0 firmware in dts
09-29 18:23:59.185     9     9 I (3)[9:kworker/u24:0][TP0]touchpanel: No firmware in dts !
09-29 18:23:59.185     9     9 I (3)[9:kworker/u24:0][    2.285712]@3 [TP0]touchpanel: ts->irq_need_dev_resume_time not specified
09-29 18:23:59.185     9     9 E (3)[9:kworker/u24:0][    2.285717]@3 [TP0]touchpanel: ts->irq_need_dev_resume_time = 50 ms
09-29 18:23:59.185     9     9 I (3)[9:kworker/u24:0][    2.285723]@3 [TP0]touchpanel: tx_num = 16, rx_num = 35
09-29 18:23:59.185     9     9 I (3)[9:kworker/u24:0][    2.285730]@3 [TP0]touchpanel: LCD_WIDTH = 1080, LCD_HEIGHT = 2400, max_x = 8640, max_y = 19200, limit_witdh = 0, limit_height = 54
09-29 18:23:59.185     9     9 I (3)[9:kworker/u24:0][    2.285737]@3 [TP0]touchpanel: error:button-type should be setting in dts!
09-29 18:23:59.185     9     9 I (3)[9:kworker/u24:0][TP0]touchpanel: key_tx is 0, key_rx is 0
09-29 18:23:59.185     9     9 E (3)[9:kworker/u24:0][    2.285749]@3 [TP0]touchpanel: smooth_level_charging_array not specified -22
09-29 18:23:59.185     9     9 I (3)[9:kworker/u24:0][    2.285756]@3 [TP0]touchpanel: sensitive_charging_array not specified -22
09-29 18:23:59.185     9     9 I (3)[9:kworker/u24:0][    2.285762]@3 [TP0]touchpanel: error:game_perf_para_default should be setting in dts!
09-29 18:23:59.185     9     9 I (3)[9:kworker/u24:0][    2.285768]@3 [TP0]touchpanel: panel is oncell!
09-29 18:23:59.185     9     9 I (3)[9:kworker/u24:0][    2.285773]@3 [TP0]touchpanel: tp_ic_type not specified
09-29 18:23:59.185     9     9 I (3)[9:kworker/u24:0][    2.285779]@3 [TP0]touchpanel: ts->single_optimized_time not specified
09-29 18:23:59.185     9     9 I (3)[9:kworker/u24:0][    2.285785]@3 [TP]touchpanel: report_rate_limit not specified,we will set it 60hz
09-29 18:23:59.185     9     9 W         : (3)[9:kworker/u24:0][    2.285792]@3 focaltech,ft3658u 5-0038: init_parse_dts: No trusted touch mode environment
09-29 18:23:59.185     9     9 E (3)[9:kworker/u24:0][    2.285798]@3 [TP]touchpanel: is_support_child_node: panel_node = FT3658U_PANEL8.
09-29 18:23:59.185     9     9 E (3)[9:kworker/u24:0][    2.285803]@3 [TP0]touchpanel: child_node not defined.
09-29 18:23:59.185   398   398 I         : (1)[398:kworker/u24:6][    2.285950]@1 sd 0:0:0:3: [sdd] Attached SCSI disk
09-29 18:23:59.185    76    76 I (2)[76:kworker/u24:1][    2.285961]@2  sdf: sdf1 sdf2 sdf3 sdf4 sdf5 sdf6 sdf7 sdf8 sdf9 sdf10 sdf11 sdf12 sdf13 sdf14 sdf15 sdf16 sdf17 sdf18 sdf19
09-29 18:23:59.185   290   290 I         : (0)[290:kworker/u24:3][    2.285971]@0 sd 0:0:0:1: [sdb] Attached SCSI disk
09-29 18:23:59.185     9     9 I (3)[9:kworker/u24:0][    2.286576]@3 [TP0]touchpanel: ts_check_panel_dt: [oplus,dsi-display-dev] is missing, try to find [panel] node
09-29 18:23:59.185     9     9 I (3)[9:kworker/u24:0][    2.286585]@3 [TP0]touchpanel: ts_check_panel_dt: panel[0] IS_ERR =1
09-29 18:23:59.185     9     9 I (3)[9:kworker/u24:0][    2.286593]@3 [TP0]touchpanel: ts_check_panel_dt: panel[1] IS_ERR =1
09-29 18:23:59.185     9     9 E (3)[9:kworker/u24:0][    2.286598]@3 [TP0]touchpanel: register_common_touch_device: ts_check_panel_dt failed.
09-29 18:23:59.185     9     9 E (3)[9:kworker/u24:0][    2.286603]@3 [TP]focaltech,ft3658u: fts3658u_tp_probe, probe error
09-29 18:23:59.185     9     9 E (3)[9:kworker/u24:0][    2.286866]@3 gf_qcom: gf_probe, found not goodix sensor
09-29 18:23:59.185     9     9 E (3)[9:kworker/u24:0][    2.287237]@3 [TP]focaltech,ft3658u: fts3658u_tp_probe  is called
09-29 18:23:59.185     9     9 E (1)[9:kworker/u24:0][    2.287374]@1 [TP]focaltech,ft3658u: point check init
09-29 18:23:59.185     9     9 E (1)[9:kworker/u24:0][TP]focaltech,ft3658u: ft3658u_parse_dts:high_resolution_support is:1 1
09-29 18:23:59.185     9     9 E (1)[9:kworker/u24:0][    2.287396]@1 [TP]focaltech,ft3658u: default game value 1
09-29 18:23:59.185     9     9 I (1)[9:kworker/u24:0][    2.287401]@1 [TP]touchpanel: register_common_touch_device  is called
09-29 18:23:59.185     9     9 I (1)[9:kworker/u24:0][    2.287407]@1 [TP]touchpanel: ts->tp_index not specified
09-29 18:23:59.185     9     9 I (1)[9:kworker/u24:0][    2.287412]@1 [TP]touchpanel: ts->tp_index is 0
09-29 18:23:59.185     9     9 I (1)[9:kworker/u24:0][    2.287448]@1 [TP0]touchpanel: vdd_1v8_volt not defined
09-29 18:23:59.185     9     9 I (1)[9:kworker/u24:0][    2.287476]@1 [TP0]touchpanel: init_parse_dts : irq_gpio = 331, irq_flags = 0x2002, reset_gpio = 330
09-29 18:23:59.185     9     9 I (1)[9:kworker/u24:0][    2.287487]@1 [TP0]touchpanel: ts->cs-gpio not specified
09-29 18:23:59.185     9     9 I (1)[9:kworker/u24:0][    2.287493]@1 [TP0]touchpanel: Failed to get the high state pinctrl handle
09-29 18:23:59.185     9     9 I (1)[9:kworker/u24:0][    2.287498]@1 [TP0]touchpanel: Failed to get the low state pinctrl handle
09-29 18:23:59.185     9     9 I (1)[9:kworker/u24:0][    2.287503]@1 [TP0]touchpanel: Failed to get the cs-gpio high state pinctrl
09-29 18:23:59.185     9     9 I (1)[9:kworker/u24:0][    2.287508]@1 [TP0]touchpanel: Failed to get the cs-gpio low state pinctrl
09-29 18:23:59.185     9     9 I (1)[9:kworker/u24:0][    2.287512]@1 [TP0]touchpanel: Failed to get the input state pinctrl handle
09-29 18:23:59.185     9     9 I (1)[9:kworker/u24:0][    2.287517]@1 [TP]touchpanel: Failed to get pinctrl state:oplus_spi_active, r:-19
09-29 18:23:59.185     9     9 I (1)[9:kworker/u24:0][TP]touchpanel: Failed to get pinctrl state:oplus_int_active, r:-19
09-29 18:23:59.185     9     9 I (1)[9:kworker/u24:0][TP]touchpanel: Failed to get pinctrl state:oplus_reset_active, r:-19
09-29 18:23:59.185     9     9 I (1)[9:kworker/u24:0][TP]touchpanel: success get avtive pinctrl state
09-29 18:23:59.185     9     9 I (1)[9:kworker/u24:0][TP]touchpanel: Failed to get pinctrl state:oplus_spi_suspend, r:-19
09-29 18:23:59.185     9     9 I (1)[9:kworker/u24:0][TP]touchpanel: Failed to get pinctrl state:oplus_int_suspend, r:-19
09-29 18:23:59.185     9     9 I (1)[9:kworker/u24:0][TP]touchpanel: Failed to get pinctrl state:oplus_reset_suspend, r:-19
09-29 18:23:59.185     9     9 I (1)[9:kworker/u24:0][TP]touchpanel: success get suspend pinctrl state
09-29 18:23:59.185     9     9 I (1)[9:kworker/u24:0][TP0]touchpanel: ts->hw_res.enable2v8_gpio not specified
09-29 18:23:59.185     9     9 I (1)[9:kworker/u24:0][    2.287559]@1 [TP0]touchpanel: ts->hw_res.enable1v8_gpio not specified
09-29 18:23:59.185     9     9 I (1)[9:kworker/u24:0][    2.287565]@1 [TP0]touchpanel: int-mode not specified
09-29 18:23:59.185     9     9 I (1)[9:kworker/u24:0][    2.287573]@1 [TP0]touchpanel: panel_type not specified, need to default 1
09-29 18:23:59.185     9     9 I (1)[9:kworker/u24:0][TP0]touchpanel: find 1 num chip in dts
09-29 18:23:59.185     9     9 I (1)[9:kworker/u24:0][TP0]touchpanel: panel_data.chip_name = FT3658U
09-29 18:23:59.185     9     9 I (1)[9:kworker/u24:0][    2.287586]@1 [TP0]touchpanel: now has 1 num panel in dts
09-29 18:23:59.185     9     9 E         : (1)[9:kworker/u24:0][    2.287593]@1 [TP] Driver match support project [136883]
09-29 18:23:59.185     9     9 E         : (1)[9:kworker/u24:0][    2.287599]@1 [TP] match panel type OK , panel type is [8]
09-29 18:23:59.185     9     9 I (1)[9:kworker/u24:0][    2.287605]@1 [TP0]touchpanel: read firmware-data-0 firmware in dts
09-29 18:23:59.185     9     9 I (1)[9:kworker/u24:0][TP0]touchpanel: No firmware in dts !
09-29 18:23:59.185     9     9 I (1)[9:kworker/u24:0][    2.287614]@1 [TP0]touchpanel: ts->irq_need_dev_resume_time not specified
09-29 18:23:59.185     9     9 E (1)[9:kworker/u24:0][    2.287619]@1 [TP0]touchpanel: ts->irq_need_dev_resume_time = 50 ms
09-29 18:23:59.185     9     9 I (1)[9:kworker/u24:0][    2.287625]@1 [TP0]touchpanel: tx_num = 16, rx_num = 35
09-29 18:23:59.185     9     9 I (1)[9:kworker/u24:0][    2.287631]@1 [TP0]touchpanel: LCD_WIDTH = 1080, LCD_HEIGHT = 2400, max_x = 8640, max_y = 19200, limit_witdh = 0, limit_height = 54
09-29 18:23:59.185     9     9 I (1)[9:kworker/u24:0][    2.287639]@1 [TP0]touchpanel: error:button-type should be setting in dts!
09-29 18:23:59.185     9     9 I (1)[9:kworker/u24:0][TP0]touchpanel: key_tx is 0, key_rx is 0
09-29 18:23:59.185     9     9 E (1)[9:kworker/u24:0][    2.287650]@1 [TP0]touchpanel: smooth_level_charging_array not specified -22
09-29 18:23:59.185     9     9 I (1)[9:kworker/u24:0][    2.287657]@1 [TP0]touchpanel: sensitive_charging_array not specified -22
09-29 18:23:59.185     9     9 I (1)[9:kworker/u24:0][    2.287663]@1 [TP0]touchpanel: error:game_perf_para_default should be setting in dts!
09-29 18:23:59.185     9     9 I (1)[9:kworker/u24:0][    2.287669]@1 [TP0]touchpanel: panel is oncell!
09-29 18:23:59.185     9     9 I (1)[9:kworker/u24:0][    2.287674]@1 [TP0]touchpanel: tp_ic_type not specified
09-29 18:23:59.185     9     9 I (1)[9:kworker/u24:0][    2.287680]@1 [TP0]touchpanel: ts->single_optimized_time not specified
09-29 18:23:59.185     9     9 I (1)[9:kworker/u24:0][    2.287686]@1 [TP]touchpanel: report_rate_limit not specified,we will set it 60hz
09-29 18:23:59.185     9     9 W         : (1)[9:kworker/u24:0][    2.287693]@1 focaltech,ft3658u 5-0038: init_parse_dts: No trusted touch mode environment
09-29 18:23:59.185     9     9 E (1)[9:kworker/u24:0][    2.287699]@1 [TP]touchpanel: is_support_child_node: panel_node = FT3658U_PANEL8.
09-29 18:23:59.185     9     9 E (1)[9:kworker/u24:0][    2.287703]@1 [TP0]touchpanel: child_node not defined.
09-29 18:23:59.185   373   373 I (3)[373:kworker/u24:4][    2.288077]@3  sde: sde1 sde2 sde3 sde4 sde5 sde6 sde7 sde8 sde9 sde10 sde11 sde12 sde13 sde14 sde15 sde16 sde17 sde18 sde19 sde20 sde21 sde22 sde23 sde24 sde25 sde26 sde27 sde28 sde29 sde30 sde31 sde32 sde33 sde34 sde35 sde36 sde37 sde38 sde39 sde40 sde41 sde42 sde43 sde44 sde45 sde46 sde47 sde48 sde49 sde50 sde51 sde52 sde53 sde54 sde55 sde56 sde57 sde58 sde59 sde60 sde61 sde62 sde63 sde64 sde65 sde66 sde67 sde68 sde69 sde70 sde71
09-29 18:23:59.185    76    76 I         : (2)[76:kworker/u24:1][    2.288295]@2 sd 0:0:0:5: [sdf] Attached SCSI disk
09-29 18:23:59.185     9     9 I (1)[9:kworker/u24:0][    2.288471]@1 [TP0]touchpanel: ts_check_panel_dt: [oplus,dsi-display-dev] is missing, try to find [panel] node
09-29 18:23:59.185     9     9 I (1)[9:kworker/u24:0][    2.288482]@1 [TP0]touchpanel: ts_check_panel_dt: panel[0] IS_ERR =1
09-29 18:23:59.185     9     9 I (1)[9:kworker/u24:0][    2.288490]@1 [TP0]touchpanel: ts_check_panel_dt: panel[1] IS_ERR =1
09-29 18:23:59.185     9     9 E (1)[9:kworker/u24:0][    2.288495]@1 [TP0]touchpanel: register_common_touch_device: ts_check_panel_dt failed.
09-29 18:23:59.185     9     9 E (1)[9:kworker/u24:0][    2.288500]@1 [TP]focaltech,ft3658u: fts3658u_tp_probe, probe error
09-29 18:23:59.185     9     9 E (1)[9:kworker/u24:0][    2.288767]@1 gf_qcom: gf_probe, found not goodix sensor
09-29 18:23:59.185     9     9 E (1)[9:kworker/u24:0][    2.289143]@1 [TP]focaltech,ft3658u: fts3658u_tp_probe  is called
09-29 18:23:59.185     9     9 E (0)[9:kworker/u24:0][    2.289263]@0 [TP]focaltech,ft3658u: point check init
09-29 18:23:59.185     9     9 E (0)[9:kworker/u24:0][TP]focaltech,ft3658u: ft3658u_parse_dts:high_resolution_support is:1 1
09-29 18:23:59.185     9     9 E (0)[9:kworker/u24:0][    2.289280]@0 [TP]focaltech,ft3658u: default game value 1
09-29 18:23:59.185     9     9 I (0)[9:kworker/u24:0][    2.289285]@0 [TP]touchpanel: register_common_touch_device  is called
09-29 18:23:59.185     9     9 I (0)[9:kworker/u24:0][    2.289290]@0 [TP]touchpanel: ts->tp_index not specified
09-29 18:23:59.185     9     9 I (0)[9:kworker/u24:0][    2.289295]@0 [TP]touchpanel: ts->tp_index is 0
09-29 18:23:59.185     9     9 I (0)[9:kworker/u24:0][    2.289330]@0 [TP0]touchpanel: vdd_1v8_volt not defined
09-29 18:23:59.185     9     9 I (0)[9:kworker/u24:0][    2.289357]@0 [TP0]touchpanel: init_parse_dts : irq_gpio = 331, irq_flags = 0x2002, reset_gpio = 330
09-29 18:23:59.185     9     9 I (0)[9:kworker/u24:0][    2.289367]@0 [TP0]touchpanel: ts->cs-gpio not specified
09-29 18:23:59.185     9     9 I (0)[9:kworker/u24:0][    2.289378]@0 [TP0]touchpanel: Failed to get the high state pinctrl handle
09-29 18:23:59.186     9     9 I (0)[9:kworker/u24:0][    2.289383]@0 [TP0]touchpanel: Failed to get the low state pinctrl handle
09-29 18:23:59.186     9     9 I (0)[9:kworker/u24:0][    2.289387]@0 [TP0]touchpanel: Failed to get the cs-gpio high state pinctrl
09-29 18:23:59.186     9     9 I (0)[9:kworker/u24:0][    2.289392]@0 [TP0]touchpanel: Failed to get the cs-gpio low state pinctrl
09-29 18:23:59.186     9     9 I (0)[9:kworker/u24:0][    2.289397]@0 [TP0]touchpanel: Failed to get the input state pinctrl handle
09-29 18:23:59.186     9     9 I (0)[9:kworker/u24:0][    2.289401]@0 [TP]touchpanel: Failed to get pinctrl state:oplus_spi_active, r:-19
09-29 18:23:59.186     9     9 I (0)[9:kworker/u24:0][TP]touchpanel: Failed to get pinctrl state:oplus_int_active, r:-19
09-29 18:23:59.186     9     9 I (0)[9:kworker/u24:0][TP]touchpanel: Failed to get pinctrl state:oplus_reset_active, r:-19
09-29 18:23:59.186     9     9 I (0)[9:kworker/u24:0][TP]touchpanel: success get avtive pinctrl state
09-29 18:23:59.186     9     9 I (0)[9:kworker/u24:0][TP]touchpanel: Failed to get pinctrl state:oplus_spi_suspend, r:-19
09-29 18:23:59.186     9     9 I (0)[9:kworker/u24:0][TP]touchpanel: Failed to get pinctrl state:oplus_int_suspend, r:-19
09-29 18:23:59.186     9     9 I (0)[9:kworker/u24:0][TP]touchpanel: Failed to get pinctrl state:oplus_reset_suspend, r:-19
09-29 18:23:59.186     9     9 I (0)[9:kworker/u24:0][TP]touchpanel: success get suspend pinctrl state
09-29 18:23:59.186     9     9 I (0)[9:kworker/u24:0][TP0]touchpanel: ts->hw_res.enable2v8_gpio not specified
09-29 18:23:59.186     9     9 I (0)[9:kworker/u24:0][    2.289442]@0 [TP0]touchpanel: ts->hw_res.enable1v8_gpio not specified
09-29 18:23:59.186     9     9 I (0)[9:kworker/u24:0][    2.289448]@0 [TP0]touchpanel: int-mode not specified
09-29 18:23:59.186     9     9 I (0)[9:kworker/u24:0][    2.289456]@0 [TP0]touchpanel: panel_type not specified, need to default 1
09-29 18:23:59.186     9     9 I (0)[9:kworker/u24:0][TP0]touchpanel: find 1 num chip in dts
09-29 18:23:59.186     9     9 I (0)[9:kworker/u24:0][TP0]touchpanel: panel_data.chip_name = FT3658U
09-29 18:23:59.186     9     9 I (0)[9:kworker/u24:0][    2.289469]@0 [TP0]touchpanel: now has 1 num panel in dts
09-29 18:23:59.186     9     9 E         : (0)[9:kworker/u24:0][    2.289476]@0 [TP] Driver match support project [136883]
09-29 18:23:59.186     9     9 E         : (0)[9:kworker/u24:0][    2.289482]@0 [TP] match panel type OK , panel type is [8]
09-29 18:23:59.186     9     9 I (0)[9:kworker/u24:0][    2.289487]@0 [TP0]touchpanel: read firmware-data-0 firmware in dts
09-29 18:23:59.186     9     9 I (0)[9:kworker/u24:0][TP0]touchpanel: No firmware in dts !
09-29 18:23:59.186     9     9 I (0)[9:kworker/u24:0][    2.289497]@0 [TP0]touchpanel: ts->irq_need_dev_resume_time not specified
09-29 18:23:59.186     9     9 E (0)[9:kworker/u24:0][    2.289501]@0 [TP0]touchpanel: ts->irq_need_dev_resume_time = 50 ms
09-29 18:23:59.186     9     9 I (0)[9:kworker/u24:0][    2.289507]@0 [TP0]touchpanel: tx_num = 16, rx_num = 35
09-29 18:23:59.186     9     9 I (0)[9:kworker/u24:0][    2.289514]@0 [TP0]touchpanel: LCD_WIDTH = 1080, LCD_HEIGHT = 2400, max_x = 8640, max_y = 19200, limit_witdh = 0, limit_height = 54
09-29 18:23:59.186     9     9 I (0)[9:kworker/u24:0][    2.289521]@0 [TP0]touchpanel: error:button-type should be setting in dts!
09-29 18:23:59.186     9     9 I (0)[9:kworker/u24:0][TP0]touchpanel: key_tx is 0, key_rx is 0
09-29 18:23:59.186     9     9 E (0)[9:kworker/u24:0][    2.289533]@0 [TP0]touchpanel: smooth_level_charging_array not specified -22
09-29 18:23:59.186     9     9 I (0)[9:kworker/u24:0][    2.289539]@0 [TP0]touchpanel: sensitive_charging_array not specified -22
09-29 18:23:59.186     9     9 I (0)[9:kworker/u24:0][    2.289545]@0 [TP0]touchpanel: error:game_perf_para_default should be setting in dts!
09-29 18:23:59.186     9     9 I (0)[9:kworker/u24:0][    2.289551]@0 [TP0]touchpanel: panel is oncell!
09-29 18:23:59.186     9     9 I (0)[9:kworker/u24:0][    2.289557]@0 [TP0]touchpanel: tp_ic_type not specified
09-29 18:23:59.186     9     9 I (0)[9:kworker/u24:0][    2.289562]@0 [TP0]touchpanel: ts->single_optimized_time not specified
09-29 18:23:59.186     9     9 I (0)[9:kworker/u24:0][    2.289568]@0 [TP]touchpanel: report_rate_limit not specified,we will set it 60hz
09-29 18:23:59.186     9     9 W         : (0)[9:kworker/u24:0][    2.289575]@0 focaltech,ft3658u 5-0038: init_parse_dts: No trusted touch mode environment
09-29 18:23:59.186     9     9 E (0)[9:kworker/u24:0][    2.289581]@0 [TP]touchpanel: is_support_child_node: panel_node = FT3658U_PANEL8.
09-29 18:23:59.186     9     9 E (0)[9:kworker/u24:0][    2.289586]@0 [TP0]touchpanel: child_node not defined.
09-29 18:23:59.186     9     9 I (0)[9:kworker/u24:0][    2.290208]@0 [TP0]touchpanel: ts_check_panel_dt: [oplus,dsi-display-dev] is missing, try to find [panel] node
09-29 18:23:59.186     9     9 I (0)[9:kworker/u24:0][    2.290217]@0 [TP0]touchpanel: ts_check_panel_dt: panel[0] IS_ERR =1
09-29 18:23:59.186     9     9 I (0)[9:kworker/u24:0][    2.290224]@0 [TP0]touchpanel: ts_check_panel_dt: panel[1] IS_ERR =1
09-29 18:23:59.186     9     9 E (0)[9:kworker/u24:0][    2.290229]@0 [TP0]touchpanel: register_common_touch_device: ts_check_panel_dt failed.
09-29 18:23:59.186     9     9 E (0)[9:kworker/u24:0][    2.290236]@0 [TP]focaltech,ft3658u: fts3658u_tp_probe, probe error
09-29 18:23:59.186   373   373 I         : (3)[373:kworker/u24:4][    2.292124]@3 sd 0:0:0:4: [sde] Attached SCSI disk
09-29 18:23:59.186     9     9 E (1)[9:kworker/u24:0][    2.292366]@1 gf_qcom: gf_probe, found not goodix sensor
09-29 18:23:59.186     9     9 E (1)[9:kworker/u24:0][    2.292738]@1 [TP]focaltech,ft3658u: fts3658u_tp_probe  is called
09-29 18:23:59.186     9     9 E (1)[9:kworker/u24:0][    2.292845]@1 [TP]focaltech,ft3658u: point check init
09-29 18:23:59.186     9     9 E (1)[9:kworker/u24:0][TP]focaltech,ft3658u: ft3658u_parse_dts:high_resolution_support is:1 1
09-29 18:23:59.186     9     9 E (1)[9:kworker/u24:0][    2.292860]@1 [TP]focaltech,ft3658u: default game value 1
09-29 18:23:59.186     9     9 I (1)[9:kworker/u24:0][    2.292865]@1 [TP]touchpanel: register_common_touch_device  is called
09-29 18:23:59.186     9     9 I (1)[9:kworker/u24:0][    2.292871]@1 [TP]touchpanel: ts->tp_index not specified
09-29 18:23:59.186     9     9 I (1)[9:kworker/u24:0][    2.292875]@1 [TP]touchpanel: ts->tp_index is 0
09-29 18:23:59.186     9     9 I (1)[9:kworker/u24:0][    2.292911]@1 [TP0]touchpanel: vdd_1v8_volt not defined
09-29 18:23:59.186     9     9 I (1)[9:kworker/u24:0][    2.292937]@1 [TP0]touchpanel: init_parse_dts : irq_gpio = 331, irq_flags = 0x2002, reset_gpio = 330
09-29 18:23:59.186     9     9 I (1)[9:kworker/u24:0][    2.292947]@1 [TP0]touchpanel: ts->cs-gpio not specified
09-29 18:23:59.186     9     9 I (1)[9:kworker/u24:0][    2.292953]@1 [TP0]touchpanel: Failed to get the high state pinctrl handle
09-29 18:23:59.186     9     9 I (1)[9:kworker/u24:0][    2.292958]@1 [TP0]touchpanel: Failed to get the low state pinctrl handle
09-29 18:23:59.186     9     9 I (1)[9:kworker/u24:0][    2.292962]@1 [TP0]touchpanel: Failed to get the cs-gpio high state pinctrl
09-29 18:23:59.186     9     9 I (1)[9:kworker/u24:0][    2.292967]@1 [TP0]touchpanel: Failed to get the cs-gpio low state pinctrl
09-29 18:23:59.186     9     9 I (1)[9:kworker/u24:0][    2.292972]@1 [TP0]touchpanel: Failed to get the input state pinctrl handle
09-29 18:23:59.186     9     9 I (1)[9:kworker/u24:0][    2.292976]@1 [TP]touchpanel: Failed to get pinctrl state:oplus_spi_active, r:-19
09-29 18:23:59.186     9     9 I (1)[9:kworker/u24:0][TP]touchpanel: Failed to get pinctrl state:oplus_int_active, r:-19
09-29 18:23:59.186     9     9 I (1)[9:kworker/u24:0][TP]touchpanel: Failed to get pinctrl state:oplus_reset_active, r:-19
09-29 18:23:59.186     9     9 I (1)[9:kworker/u24:0][TP]touchpanel: success get avtive pinctrl state
09-29 18:23:59.186     9     9 I (1)[9:kworker/u24:0][TP]touchpanel: Failed to get pinctrl state:oplus_spi_suspend, r:-19
09-29 18:23:59.186     9     9 I (1)[9:kworker/u24:0][TP]touchpanel: Failed to get pinctrl state:oplus_int_suspend, r:-19
09-29 18:23:59.186     9     9 I (1)[9:kworker/u24:0][TP]touchpanel: Failed to get pinctrl state:oplus_reset_suspend, r:-19
09-29 18:23:59.186     9     9 I (1)[9:kworker/u24:0][TP]touchpanel: success get suspend pinctrl state
09-29 18:23:59.186     9     9 I (1)[9:kworker/u24:0][TP0]touchpanel: ts->hw_res.enable2v8_gpio not specified
09-29 18:23:59.186     9     9 I (1)[9:kworker/u24:0][    2.293017]@1 [TP0]touchpanel: ts->hw_res.enable1v8_gpio not specified
09-29 18:23:59.186     9     9 I (1)[9:kworker/u24:0][    2.293023]@1 [TP0]touchpanel: int-mode not specified
09-29 18:23:59.186     9     9 I (1)[9:kworker/u24:0][    2.293031]@1 [TP0]touchpanel: panel_type not specified, need to default 1
09-29 18:23:59.186     9     9 I (1)[9:kworker/u24:0][TP0]touchpanel: find 1 num chip in dts
09-29 18:23:59.186     9     9 I (1)[9:kworker/u24:0][TP0]touchpanel: panel_data.chip_name = FT3658U
09-29 18:23:59.186     9     9 I (1)[9:kworker/u24:0][    2.293044]@1 [TP0]touchpanel: now has 1 num panel in dts
09-29 18:23:59.186     9     9 E         : (1)[9:kworker/u24:0][    2.293051]@1 [TP] Driver match support project [136883]
09-29 18:23:59.186     9     9 E         : (1)[9:kworker/u24:0][    2.293057]@1 [TP] match panel type OK , panel type is [8]
09-29 18:23:59.186     9     9 I (1)[9:kworker/u24:0][    2.293062]@1 [TP0]touchpanel: read firmware-data-0 firmware in dts
09-29 18:23:59.186     9     9 I (1)[9:kworker/u24:0][TP0]touchpanel: No firmware in dts !
09-29 18:23:59.186     9     9 I (1)[9:kworker/u24:0][    2.293072]@1 [TP0]touchpanel: ts->irq_need_dev_resume_time not specified
09-29 18:23:59.186     9     9 E (1)[9:kworker/u24:0][    2.293076]@1 [TP0]touchpanel: ts->irq_need_dev_resume_time = 50 ms
09-29 18:23:59.186     9     9 I (1)[9:kworker/u24:0][    2.293082]@1 [TP0]touchpanel: tx_num = 16, rx_num = 35
09-29 18:23:59.186     9     9 I (1)[9:kworker/u24:0][    2.293089]@1 [TP0]touchpanel: LCD_WIDTH = 1080, LCD_HEIGHT = 2400, max_x = 8640, max_y = 19200, limit_witdh = 0, limit_height = 54
09-29 18:23:59.186     9     9 I (1)[9:kworker/u24:0][    2.293096]@1 [TP0]touchpanel: error:button-type should be setting in dts!
09-29 18:23:59.186     9     9 I (1)[9:kworker/u24:0][TP0]touchpanel: key_tx is 0, key_rx is 0
09-29 18:23:59.186     9     9 E (1)[9:kworker/u24:0][    2.293108]@1 [TP0]touchpanel: smooth_level_charging_array not specified -22
09-29 18:23:59.186     9     9 I (1)[9:kworker/u24:0][    2.293115]@1 [TP0]touchpanel: sensitive_charging_array not specified -22
09-29 18:23:59.186     9     9 I (1)[9:kworker/u24:0][    2.293121]@1 [TP0]touchpanel: error:game_perf_para_default should be setting in dts!
09-29 18:23:59.186     9     9 I (1)[9:kworker/u24:0][    2.293127]@1 [TP0]touchpanel: panel is oncell!
09-29 18:23:59.186     9     9 I (1)[9:kworker/u24:0][    2.293132]@1 [TP0]touchpanel: tp_ic_type not specified
09-29 18:23:59.186     9     9 I (1)[9:kworker/u24:0][    2.293137]@1 [TP0]touchpanel: ts->single_optimized_time not specified
09-29 18:23:59.186     9     9 I (1)[9:kworker/u24:0][    2.293144]@1 [TP]touchpanel: report_rate_limit not specified,we will set it 60hz
09-29 18:23:59.186     9     9 W         : (1)[9:kworker/u24:0][    2.293150]@1 focaltech,ft3658u 5-0038: init_parse_dts: No trusted touch mode environment
09-29 18:23:59.186     9     9 E (1)[9:kworker/u24:0][    2.293156]@1 [TP]touchpanel: is_support_child_node: panel_node = FT3658U_PANEL8.
09-29 18:23:59.186     9     9 E (1)[9:kworker/u24:0][    2.293161]@1 [TP0]touchpanel: child_node not defined.
09-29 18:23:59.186     9     9 I (1)[9:kworker/u24:0][    2.293767]@1 [TP0]touchpanel: ts_check_panel_dt: [oplus,dsi-display-dev] is missing, try to find [panel] node
09-29 18:23:59.186     9     9 I (1)[9:kworker/u24:0][    2.293776]@1 [TP0]touchpanel: ts_check_panel_dt: panel[0] IS_ERR =1
09-29 18:23:59.186     9     9 I (1)[9:kworker/u24:0][    2.293784]@1 [TP0]touchpanel: ts_check_panel_dt: panel[1] IS_ERR =1
09-29 18:23:59.186     9     9 E (1)[9:kworker/u24:0][    2.293789]@1 [TP0]touchpanel: register_common_touch_device: ts_check_panel_dt failed.
09-29 18:23:59.186     9     9 E (1)[9:kworker/u24:0][    2.293794]@1 [TP]focaltech,ft3658u: fts3658u_tp_probe, probe error
09-29 18:23:59.186   268   268 E         : (2)[268:op_kernel_log][    2.320159]@2 [op_kernel_log] success to get dev block
09-29 18:23:59.186   268   268 E         : (2)[268:op_kernel_log][    2.320833]@2 [op_kernel_log] read_header read_size 40
09-29 18:23:59.186   268   268 E (2)[268:op_kernel_log][    2.320840]@2 VFS: Close: file count is 0
09-29 18:23:59.186   268   268 E         : (2)[268:op_kernel_log][    2.320845]@2 [op_kernel_log] Now read LOG_THREAD_MAGIC: 50 48 4f
09-29 18:23:59.186   268   268 E         : (2)[268:op_kernel_log][    2.320851]@2 [op_kernel_log] This is initialized header
09-29 18:23:59.186   268   268 E         : (2)[268:op_kernel_log][    2.320855]@2 [op_kernel_log] Last boot, not complete need feedback
09-29 18:23:59.186   268   268 E         : (2)[268:op_kernel_log][    2.320860]@2 [op_kernel_log] The boot is normal boot, need monitor
09-29 18:23:59.186   268   268 E (2)[268:op_kernel_log][    2.321240]@2 VFS: Close: file count is 0
09-29 18:23:59.186   268   268 E         : (2)[268:op_kernel_log][    2.321462]@2 [op_kernel_log] read_header read_size 32
09-29 18:23:59.186   268   268 E (2)[268:op_kernel_log][    2.321469]@2 VFS: Close: file count is 0
09-29 18:23:59.186   268   268 E         : (2)[268:op_kernel_log][    2.321474]@2 [op_kernel_log] Now kernel boot count 1477 and uefi boot count 678, is_monitoring 121, log number:[5 / 8]
09-29 18:23:59.186   268   268 E         : (2)[268:op_kernel_log][    2.321480]@2 [op_kernel_log] Write back start offset 14684160
09-29 18:23:59.186   268   268 E         : (2)[268:op_kernel_log][    2.321486]@2 [op_kernel_log] Start write back log
09-29 18:23:59.186   270   270 D (3)[270:kworker/u24:2][    2.330563]@3 cnss: De-assert WLAN_EN GPIO successfully
09-29 18:23:59.186   270   270 D (3)[270:kworker/u24:2][    2.330571]@3 cnss: Regulator vdd-wlan-rfa2 is being disabled
09-29 18:23:59.186   270   270 D (3)[270:kworker/u24:2][    2.330601]@3 cnss: Regulator vdd-wlan-rfa1 is being disabled
09-29 18:23:59.186   270   270 D (3)[270:kworker/u24:2][    2.330638]@3 cnss: Regulator vdd-wlan-dig is being disabled
09-29 18:23:59.186   270   270 D (3)[270:kworker/u24:2][    2.330670]@3 cnss: Regulator vdd-wlan-aon is being disabled
09-29 18:23:59.186   270   270 D (3)[270:kworker/u24:2][    2.330702]@3 cnss: Regulator wlan-ant-switch is being disabled
09-29 18:23:59.186   270   270 D (3)[270:kworker/u24:2][    2.330724]@3 cnss: Regulator vdd-wlan-io is being disabled
09-29 18:23:59.186   270   270 I (3)[270:kworker/u24:2][    2.330943]@3 cnss: Platform driver probed successfully.
09-29 18:23:59.186     9     9 E (1)[9:kworker/u24:0][    2.330982]@1 gf_qcom: gf_probe, found not goodix sensor
09-29 18:23:59.186     9     9 E (1)[9:kworker/u24:0][    2.331357]@1 [TP]focaltech,ft3658u: fts3658u_tp_probe  is called
09-29 18:23:59.186     9     9 E (0)[9:kworker/u24:0][    2.331554]@0 [TP]focaltech,ft3658u: point check init
09-29 18:23:59.186     9     9 E (0)[9:kworker/u24:0][TP]focaltech,ft3658u: ft3658u_parse_dts:high_resolution_support is:1 1
09-29 18:23:59.186     9     9 E (0)[9:kworker/u24:0][    2.331571]@0 [TP]focaltech,ft3658u: default game value 1
09-29 18:23:59.186     9     9 I (0)[9:kworker/u24:0][    2.331578]@0 [TP]touchpanel: register_common_touch_device  is called
09-29 18:23:59.186     9     9 I (0)[9:kworker/u24:0][    2.331584]@0 [TP]touchpanel: ts->tp_index not specified
