09-29 18:23:59.179     9     9 E         : (5)[9:kworker/u24:0][    2.029160]@5 msm-dwc3 a600000.ssusb: IRQ ss_phy_irq1 not found
09-29 18:23:59.179     9     9 E         : (5)[9:kworker/u24:0][    2.029215]@5 dwc3_msm_probe, init oplus_dev
09-29 18:23:59.179     9     9 I (5)[9:kworker/u24:0][    2.029485]@5 msm_vidc: err : ffffffff: .....: no device Registered
09-29 18:23:59.179     9     9 I (5)[9:kworker/u24:0][    2.029746]@5 msm_vidc: err : ffffffff: .....: Failed to create debugfs for msm_vidc
09-29 18:23:59.179     9     9 I         : (5)[9:kworker/u24:0][    2.030351]@5 msm_vidc_v4l2 aa00000.qcom,vidc:non_secure_cb: Adding to iommu group 2
09-29 18:23:59.179     9     9 I         : (5)[9:kworker/u24:0][    2.031229]@5 msm_vidc_v4l2 aa00000.qcom,vidc:secure_non_pixel_cb: Adding to iommu group 3
09-29 18:23:59.180     9     9 I         : (5)[9:kworker/u24:0][    2.031992]@5 msm_vidc_v4l2 aa00000.qcom,vidc:secure_bitstream_cb: Adding to iommu group 4
09-29 18:23:59.180     9     9 I         : (5)[9:kworker/u24:0][    2.032800]@5 msm_vidc_v4l2 aa00000.qcom,vidc:secure_pixel_cb: Adding to iommu group 5
09-29 18:23:59.180     9     9 E         : (5)[9:kworker/u24:0][    2.033138]@5 spmi_pmic_arb_debug 6b12000.qcom,spmi-debug: SPMI PMIC arbiter debug bus disabled by fuse
09-29 18:23:59.180     9     9 I         : (5)[9:kworker/u24:0][    2.033548]@5 coresight-tmc 6048000.tmc: Adding to iommu group 6
09-29 18:23:59.180     9     9 I (5)[9:kworker/u24:0][    2.033833]@5 sps: BAM 0x0000000006064000 is registered
09-29 18:23:59.180     9     9 I         : (5)[9:kworker/u24:0][    2.034025]@5 coresight-stm 6002000.stm: STM32 initialized
09-29 18:23:59.180     9     9 I         : (5)[9:kworker/u24:0][    2.035193]@5 kgsl-3d 3d00000.qcom,kgsl-3d0: bound 3d6a000.qcom,gmu (ops a6xx_gmu_component_ops)
09-29 18:23:59.180     9     9 I         : (5)[9:kworker/u24:0][    2.037068]@5 platform 3da0000.qcom,kgsl-iommu:gfx3d_user: Adding to iommu group 7
09-29 18:23:59.180     9     9 I         : (5)[9:kworker/u24:0][    2.037885]@5 platform 3da0000.qcom,kgsl-iommu:gfx3d_lpac: Adding to iommu group 8
09-29 18:23:59.180     9     9 I         : (5)[9:kworker/u24:0][    2.038555]@5 platform 3da0000.qcom,kgsl-iommu:gfx3d_secure: Adding to iommu group 9
09-29 18:23:59.180     9     9 I (5)[9:kworker/u24:0][    2.040599]@5 msm_cvp: err: Failed to create debugfs for msm_cvp
09-29 18:23:59.180     9     9 I         : (5)[9:kworker/u24:0][    2.042012]@5 msm_cvp ab00000.qcom,cvp:cvp_non_secure_cb: Adding to iommu group 10
09-29 18:23:59.180     9     9 I         : (5)[9:kworker/u24:0][    2.042792]@5 msm_cvp ab00000.qcom,cvp:cvp_secure_nonpixel_cb: Adding to iommu group 11
09-29 18:23:59.180     9     9 I         : (5)[9:kworker/u24:0][    2.043547]@5 msm_cvp ab00000.qcom,cvp:cvp_secure_pixel_cb: Adding to iommu group 12
09-29 18:23:59.180     9     9 I         : (5)[9:kworker/u24:0][    2.043988]@5 msm_cvp ab00000.qcom,cvp:qcom,msm-cvp,mem_cdsp: assigned reserved memory node cdsp_region
09-29 18:23:59.180     9     9 W         : (5)[9:kworker/u24:0][    2.044238]@5 sdpm-clk-notify 636000.mx_sdpm: 636000.mx_sdpm supply gcc_gp1 not found, using dummy regulator
09-29 18:23:59.180     9     9 W         : (5)[9:kworker/u24:0][    2.044340]@5 sdpm-clk-notify 634000.cx_sdpm: 634000.cx_sdpm supply ufs_phy not found, using dummy regulator
09-29 18:23:59.180     9     9 I         : (5)[9:kworker/u24:0][    2.045469]@5 gpi_dma 900000.qcom,gpi-dma: Adding to iommu group 13
09-29 18:23:59.180     9     9 I         : (5)[9:kworker/u24:0][    2.045984]@5 gpi_dma a00000.qcom,gpi-dma: Adding to iommu group 14
09-29 18:23:59.180     9     9 I         : (5)[9:kworker/u24:0][    2.046539]@5 gpi_dma 800000.qcom,gpi-dma: Adding to iommu group 15
09-29 18:23:59.180     9     9 W         : (5)[9:kworker/u24:0][    2.046957]@5 minidump-id not found for ipa_fws
09-29 18:23:59.180     9     9 I         : (5)[9:kworker/u24:0][    2.046979]@5 subsys-pil-tz soc:qcom,ipa_fws: for ipa_fws segments only will be dumped.
09-29 18:23:59.180     9     9 I         : (5)[9:kworker/u24:0][    2.046998]@5 subsys-pil-tz soc:qcom,ipa_fws: for md_ipa_fws segments only will be dumped.
09-29 18:23:59.180     9     9 W         : (5)[9:kworker/u24:0][    2.047082]@5 minidump-id not found for evass
09-29 18:23:59.180     9     9 I         : (5)[9:kworker/u24:0][    2.047094]@5 subsys-pil-tz abb0000.qcom,evass: for evass segments only will be dumped.
09-29 18:23:59.180     9     9 I         : (5)[9:kworker/u24:0][    2.047107]@5 subsys-pil-tz abb0000.qcom,evass: for md_evass segments only will be dumped.
09-29 18:23:59.180     9     9 W         : (5)[9:kworker/u24:0][    2.047175]@5 minidump-id not found for trustedvm
09-29 18:23:59.180     9     9 I         : (5)[9:kworker/u24:0][    2.047187]@5 subsys-pil-tz soc:qcom,trustedvm@d0800000: for trustedvm segments only will be dumped.
09-29 18:23:59.180     9     9 I         : (5)[9:kworker/u24:0][    2.047200]@5 subsys-pil-tz soc:qcom,trustedvm@d0800000: for md_trustedvm segments only will be dumped.
09-29 18:23:59.180     9     9 W         : (5)[9:kworker/u24:0][    2.047269]@5 minidump-id not found for a660_zap
09-29 18:23:59.180     9     9 I         : (5)[9:kworker/u24:0][    2.047281]@5 subsys-pil-tz soc:qcom,kgsl-hyp: for a660_zap segments only will be dumped.
09-29 18:23:59.180     9     9 I         : (5)[9:kworker/u24:0][    2.047293]@5 subsys-pil-tz soc:qcom,kgsl-hyp: for md_a660_zap segments only will be dumped.
09-29 18:23:59.180     9     9 I (5)[9:kworker/u24:0][    2.047608]@5 hh_msgq: Registered client for label: 1
09-29 18:23:59.180     9     9 I         : (5)[9:kworker/u24:0][    2.047840]@5 fastrpc soc:qcom,msm_fastrpc:qcom,msm_fastrpc_compute_cb1: Adding to iommu group 16
09-29 18:23:59.180     9     9 I         : (5)[9:kworker/u24:0][    2.048126]@5 fastrpc soc:qcom,msm_fastrpc:qcom,msm_fastrpc_compute_cb2: Adding to iommu group 17
09-29 18:23:59.180     9     9 I         : (5)[9:kworker/u24:0][    2.048385]@5 fastrpc soc:qcom,msm_fastrpc:qcom,msm_fastrpc_compute_cb3: Adding to iommu group 18
09-29 18:23:59.180     9     9 I         : (5)[9:kworker/u24:0][    2.048628]@5 fastrpc soc:qcom,msm_fastrpc:qcom,msm_fastrpc_compute_cb4: Adding to iommu group 19
09-29 18:23:59.180     9     9 I         : (5)[9:kworker/u24:0][    2.048858]@5 fastrpc soc:qcom,msm_fastrpc:qcom,msm_fastrpc_compute_cb5: Adding to iommu group 20
09-29 18:23:59.180     9     9 I         : (5)[9:kworker/u24:0][    2.049102]@5 fastrpc soc:qcom,msm_fastrpc:qcom,msm_fastrpc_compute_cb6: Adding to iommu group 21
09-29 18:23:59.180     9     9 I         : (5)[9:kworker/u24:0][    2.049333]@5 fastrpc soc:qcom,msm_fastrpc:qcom,msm_fastrpc_compute_cb7: Adding to iommu group 22
09-29 18:23:59.180     9     9 I         : (5)[9:kworker/u24:0][    2.049564]@5 fastrpc soc:qcom,msm_fastrpc:qcom,msm_fastrpc_compute_cb8: Adding to iommu group 23
09-29 18:23:59.180     9     9 I         : (5)[9:kworker/u24:0][    2.050059]@5 fastrpc soc:qcom,msm_fastrpc:qcom,msm_fastrpc_compute_cb9: Adding to iommu group 24
09-29 18:23:59.180     9     9 I         : (5)[9:kworker/u24:0][    2.050287]@5 fastrpc soc:qcom,msm_fastrpc:qcom,msm_fastrpc_compute_cb10: Adding to iommu group 25
09-29 18:23:59.180     9     9 I         : (5)[9:kworker/u24:0][    2.050539]@5 fastrpc soc:qcom,msm_fastrpc:qcom,msm_fastrpc_compute_cb11: Adding to iommu group 26
09-29 18:23:59.180     9     9 I         : (5)[9:kworker/u24:0][    2.050766]@5 fastrpc soc:qcom,msm_fastrpc:qcom,msm_fastrpc_compute_cb12: Adding to iommu group 27
09-29 18:23:59.180     9     9 I         : (5)[9:kworker/u24:0][    2.051026]@5 fastrpc soc:qcom,msm_fastrpc:qcom,msm_fastrpc_compute_cb13: Adding to iommu group 28
09-29 18:23:59.180     9     9 I         : (5)[9:kworker/u24:0][    2.051244]@5 fastrpc soc:qcom,msm_fastrpc:qcom,msm_fastrpc_compute_cb14: Adding to iommu group 29
09-29 18:23:59.180     9     9 I         : (5)[9:kworker/u24:0][    2.051465]@5 fastrpc soc:qcom,msm_fastrpc:qcom,msm_fastrpc_compute_cb15: Adding to iommu group 30
09-29 18:23:59.180     9     9 I         : (5)[9:kworker/u24:0][    2.051694]@5 fastrpc soc:qcom,msm_fastrpc:qcom,msm_fastrpc_compute_cb16: Adding to iommu group 31
09-29 18:23:59.180     9     9 I         : (5)[9:kworker/u24:0][    2.051924]@5 fastrpc soc:qcom,msm_fastrpc:qcom,msm_fastrpc_compute_cb17: Adding to iommu group 32
09-29 18:23:59.180     9     9 I         : (5)[9:kworker/u24:0][    2.052206]@5 fastrpc soc:qcom,msm_fastrpc:qcom,msm_fastrpc_compute_cb18: Adding to iommu group 33
09-29 18:23:59.180     9     9 I         : (5)[9:kworker/u24:0][    2.052440]@5 fastrpc soc:qcom,msm_fastrpc:qcom,msm_fastrpc_compute_cb19: Adding to iommu group 34
09-29 18:23:59.180     9     9 E         : (5)[9:kworker/u24:0][    2.052913]@5 spmi-temp-alarm c440000.qcom,spmi:qcom,pm8350@1:qcom,temp-alarm@a00: need to check ref_byp
09-29 18:23:59.180     9     9 E         : (5)[9:kworker/u24:0][    2.054495]@5 spmi-temp-alarm c440000.qcom,spmi:qcom,pm8350b@3:qcom,temp-alarm@a00: need to check ref_byp
09-29 18:23:59.180     9     9 E         : (5)[9:kworker/u24:0][    2.055925]@5 spmi-temp-alarm c440000.qcom,spmi:qcom,pmr735a@4:qcom,temp-alarm@a00: need to check ref_byp
09-29 18:23:59.180     9     9 E         : (5)[9:kworker/u24:0][    2.057296]@5 spmi spmi-0: pmic_arb_wait_for_done: transaction failed (0x3)
09-29 18:23:59.180     9     9 E         : (5)[9:kworker/u24:0][    2.057300]@5 spmi-temp-alarm c440000.qcom,spmi:qcom,pmr735b@5:qcom,temp-alarm@a00: could not read type
09-29 18:23:59.180     9     9 W (5)[9:kworker/u24:0][    2.057305]@5 spmi-temp-alarm: probe of c440000.qcom,spmi:qcom,pmr735b@5:qcom,temp-alarm@a00 failed with error -5
09-29 18:23:59.180     9     9 E         : (5)[9:kworker/u24:0][    2.063848]@5 Error registering TZ zone:-19 for dt_ch:72
09-29 18:23:59.180     9     9 I         : (5)[9:kworker/u24:0][    2.072190]@5 qce 1de0000.qcedev: Adding to iommu group 35
09-29 18:23:59.180     9     9 I (5)[9:kworker/u24:0][    2.072334]@5 QCE50: __qce_get_device_tree_data: CE operating frequency is not defined, setting to default 100MHZ
09-29 18:23:59.180     9     9 I         : (5)[9:kworker/u24:0][    2.072426]@5 qce 1de0000.qcedev: QTI Crypto 5.6.0 device found @0x1de0000
09-29 18:23:59.180     9     9 I (5)[9:kworker/u24:0][    2.072469]@5 sps: BAM 0x0000000001dc4000 is registered
09-29 18:23:59.180     9     9 I (5)[9:kworker/u24:0][    2.072501]@5 sps: BAM 0x0000000001dc4000 (va:0x000000004c40344b) enabled: ver:0x27, number of pipes:16
09-29 18:23:59.180     9     9 I (5)[9:kworker/u24:0][    2.072554]@5 QCE50: qce_sps_init:  QTI MSM CE-BAM at 0x0000000001dc4000 irq 40
09-29 18:23:59.180     9     9 I         : (5)[9:kworker/u24:0][    2.073371]@5 qce 1de0000.qcedev:qcom_cedev_ns_cb: Adding to iommu group 36
09-29 18:23:59.180     9     9 I         : (5)[9:kworker/u24:0][    2.074269]@5 qce 1de0000.qcedev:qcom_cedev_s_cb: Adding to iommu group 37
09-29 18:23:59.180     9     9 I         : (5)[9:kworker/u24:0][    2.074511]@5 qcrypto 1de0000.qcrypto: Adding to iommu group 38
09-29 18:23:59.180     9     9 I (5)[9:kworker/u24:0][    2.074622]@5 QCE50: __qce_get_device_tree_data: CE operating frequency is not defined, setting to default 100MHZ
09-29 18:23:59.180     9     9 I         : (5)[9:kworker/u24:0][    2.074711]@5 qcrypto 1de0000.qcrypto: QTI Crypto 5.6.0 device found @0x1de0000
09-29 18:23:59.180     9     9 I (5)[9:kworker/u24:0][    2.074772]@5 QCE50: qce_sps_init:  QTI MSM CE-BAM at 0x0000000001dc4000 irq 40
09-29 18:23:59.180     9     9 I         : (5)[9:kworker/u24:0][    2.074949]@5 qcrypto 1de0000.qcrypto: qcrypto-ecb-aes
09-29 18:23:59.180     9     9 I         : (5)[9:kworker/u24:0][    2.075071]@5 qcrypto 1de0000.qcrypto: qcrypto-cbc-aes
09-29 18:23:59.180     9     9 I         : (5)[9:kworker/u24:0][    2.075192]@5 qcrypto 1de0000.qcrypto: qcrypto-ctr-aes
09-29 18:23:59.180     9     9 I         : (5)[9:kworker/u24:0][    2.075308]@5 qcrypto 1de0000.qcrypto: qcrypto-ecb-des
09-29 18:23:59.180   343   343 I         : (2)[343:cryptomgr_test][    2.075322]@2 cryptomgr_test (343) used greatest stack depth: 14240 bytes left
09-29 18:23:59.180     9     9 I         : (5)[9:kworker/u24:0][    2.075415]@5 qcrypto 1de0000.qcrypto: qcrypto-cbc-des
09-29 18:23:59.180     9     9 I         : (5)[9:kworker/u24:0][    2.075525]@5 qcrypto 1de0000.qcrypto: qcrypto-ecb-3des
09-29 18:23:59.180     9     9 I         : (5)[9:kworker/u24:0][    2.075630]@5 qcrypto 1de0000.qcrypto: qcrypto-cbc-3des
09-29 18:23:59.180     9     9 I         : (5)[9:kworker/u24:0][    2.075762]@5 qcrypto 1de0000.qcrypto: qcrypto-xts-aes
09-29 18:23:59.180     9     9 I         : (5)[9:kworker/u24:0][    2.075878]@5 qcrypto 1de0000.qcrypto: qcrypto-sha1
09-29 18:23:59.180     9     9 I         : (5)[9:kworker/u24:0][    2.075983]@5 qcrypto 1de0000.qcrypto: qcrypto-sha256
09-29 18:23:59.180     9     9 I         : (5)[9:kworker/u24:0][    2.076119]@5 qcrypto 1de0000.qcrypto: qcrypto-aead-hmac-sha1-cbc-aes
09-29 18:23:59.180     9     9 I         : (5)[9:kworker/u24:0][    2.076225]@5 qcrypto 1de0000.qcrypto: qcrypto-aead-hmac-sha1-cbc-des
09-29 18:23:59.180     9     9 I         : (5)[9:kworker/u24:0][    2.076330]@5 qcrypto 1de0000.qcrypto: qcrypto-aead-hmac-sha1-cbc-3des
09-29 18:23:59.180     9     9 I         : (5)[9:kworker/u24:0][    2.076435]@5 qcrypto 1de0000.qcrypto: qcrypto-aead-hmac-sha256-cbc-aes
09-29 18:23:59.180     9     9 I         : (5)[9:kworker/u24:0][    2.076547]@5 qcrypto 1de0000.qcrypto: qcrypto-aead-hmac-sha256-cbc-des
09-29 18:23:59.180     9     9 I         : (5)[9:kworker/u24:0][    2.076655]@5 qcrypto 1de0000.qcrypto: qcrypto-aead-hmac-sha256-cbc-3des
09-29 18:23:59.180     9     9 I         : (5)[9:kworker/u24:0][    2.076763]@5 qcrypto 1de0000.qcrypto: qcrypto-hmac-sha1
09-29 18:23:59.180     9     9 I         : (5)[9:kworker/u24:0][    2.076868]@5 qcrypto 1de0000.qcrypto: qcrypto-hmac-sha256
09-29 18:23:59.180     9     9 I         : (5)[9:kworker/u24:0][    2.076973]@5 qcrypto 1de0000.qcrypto: qcrypto-aes-ccm
09-29 18:23:59.180     9     9 I         : (5)[9:kworker/u24:0][    2.077106]@5 qcrypto 1de0000.qcrypto: qcrypto-rfc4309-aes-ccm
09-29 18:23:59.180     9     9 I         : (5)[9:kworker/u24:0][    2.077547]@5 uaudio-qmi soc:usb_audio_qmi_dev: Adding to iommu group 39
09-29 18:23:59.180     9     9 I         : (5)[9:kworker/u24:0][    2.077936]@5 spss_utils [spss_parse_dt]: iar_buf_addr [0x8b600000].
09-29 18:23:59.180     9     9 I         : (5)[9:kworker/u24:0][    2.078589]@5 qupv3_geni_se 9c0000.qcom,qupv3_0_geni_se: Adding to iommu group 40
09-29 18:23:59.180     9     9 I         : (5)[9:kworker/u24:0][    2.078877]@5 qupv3_geni_se ac0000.qcom,qupv3_1_geni_se: Adding to iommu group 41
09-29 18:23:59.180     9     9 I         : (5)[9:kworker/u24:0][    2.079157]@5 qupv3_geni_se 8c0000.qcom,qupv3_2_geni_se: Adding to iommu group 42
09-29 18:23:59.180     9     9 W         : (5)[9:kworker/u24:0][    2.079556]@5 minidump-id not found for spss
09-29 18:23:59.180     9     9 I         : (5)[9:kworker/u24:0][    2.081027]@5 ufshcd-qcom 1d84000.ufshc: Adding to iommu group 43
09-29 18:23:59.180     9     9 I         : (5)[9:kworker/u24:0][    2.081248]@5 ufshcd-qcom 1d84000.ufshc: ufshcd_populate_vreg: unable to find vdd-hba-max-microamp
09-29 18:23:59.180     9     9 I         : (5)[9:kworker/u24:0][    2.081259]@5 ufshcd-qcom 1d84000.ufshc: ufshcd_populate_vreg: Unable to find vccq2-supply regulator, assuming enabled
09-29 18:23:59.180     9     9 I         : (5)[9:kworker/u24:0][    2.081637]@5 ufshcd-qcom 1d84000.ufshc: -- Registered bus voting! (0) --
09-29 18:23:59.180     9     9 I         : (5)[9:kworker/u24:0][    2.082300]@5 scsi host0: ufshcd
09-29 18:23:59.180     9     9 E (5)[9:kworker/u24:0][    2.082374]@5 crypto_qti_disable: vops ice data is invalid
09-29 18:23:59.180    76    76 E         : (2)[76:kworker/u24:1][    2.089039]@2 ufshcd-qcom 1d84000.ufshc: *** This is drivers/scsi/ufs/ufshcd.c ***
09-29 18:23:59.180     9     9 W         : (5)[9:kworker/u24:0][    2.089523]@5 minidump-id not found for slpi
09-29 18:23:59.180     9     9 I         : (5)[9:kworker/u24:0][    2.089767]@5 pci-msm 1c00000.qcom,pcie: PCIe: msm_pcie_probe
09-29 18:23:59.180     9     9 W         : (5)[9:kworker/u24:0][    2.089912]@5 pci-msm 1c00000.qcom,pcie: 1c00000.qcom,pcie supply vreg-3p3 not found, using dummy regulator
09-29 18:23:59.180     9     9 W         : (5)[9:kworker/u24:0][    2.089977]@5 pci-msm 1c00000.qcom,pcie: 1c00000.qcom,pcie supply vreg-mx not found, using dummy regulator
09-29 18:23:59.180     9     9 I         : (5)[9:kworker/u24:0][    2.090031]@5 gpio gpiochip0: (f000000.pinctrl): allocate IRQ 348, hwirq 96
09-29 18:23:59.180     9     9 I         : (5)[9:kworker/u24:0][    2.090035]@5 gpio gpiochip0: (f000000.pinctrl): found parent hwirq 148
09-29 18:23:59.180     9     9 I         : (5)[9:kworker/u24:0][    2.090038]@5 gpio gpiochip0: (f000000.pinctrl): alloc_irqs_parent for 348 parent hwirq 148
09-29 18:23:59.180     9     9 E (5)[9:kworker/u24:0][    2.090065]@5 msm_pcie_get_reg: PCIe: RC0: no mhi resource found.
09-29 18:23:59.180     9     9 E (5)[9:kworker/u24:0][    2.090068]@5 msm_pcie_get_reg: PCIe: RC0: no tcsr resource found.
09-29 18:23:59.180     9     9 E (5)[9:kworker/u24:0][    2.090071]@5 msm_pcie_get_reg: PCIe: RC0: no rumi resource found.
09-29 18:23:59.180     9     9 E         : (5)[9:kworker/u24:0][    2.091113]@5 i2c_geni 990000.i2c: No pulldown config specified
09-29 18:23:59.180     9     9 E         : (5)[9:kworker/u24:0][    2.091117]@5 i2c_geni 990000.i2c: No pullup config specified
09-29 18:23:59.180     9     9 I         : (5)[9:kworker/u24:0][    2.091120]@5 i2c_geni 990000.i2c: Bus frequency is set to 400000Hz.
09-29 18:23:59.180     9     9 I         : (5)[9:kworker/u24:0][    2.092675]@5 i2c_geni 990000.i2c: I2C probed
09-29 18:23:59.180     9     9 E         : (5)[9:kworker/u24:0][    2.092853]@5 i2c_geni a80000.i2c: No pulldown config specified
09-29 18:23:59.180     9     9 E         : (5)[9:kworker/u24:0][    2.092856]@5 i2c_geni a80000.i2c: No pullup config specified
09-29 18:23:59.180     9     9 I         : (5)[9:kworker/u24:0][    2.092858]@5 i2c_geni a80000.i2c: Bus frequency is set to 400000Hz.
09-29 18:23:59.180     9     9 E         : (5)[9:kworker/u24:0][    2.092976]@5 i2c_geni a80000.i2c: Invalid proto 4
09-29 18:23:59.180     9     9 E         : (5)[9:kworker/u24:0][    2.093064]@5 i2c_geni a80000.i2c: I2C prepare failed
09-29 18:23:59.180     9     9 I         : (5)[9:kworker/u24:0][    2.093781]@5 i2c_geni a80000.i2c: I2C probed
09-29 18:23:59.180     9     9 I         : (5)[9:kworker/u24:0][    2.093883]@5 i2c_geni a94000.i2c: Multi-EE usecase
09-29 18:23:59.180     9     9 E         : (5)[9:kworker/u24:0][    2.093886]@5 i2c_geni a94000.i2c: No pulldown config specified
09-29 18:23:59.180     9     9 E         : (5)[9:kworker/u24:0][    2.093888]@5 i2c_geni a94000.i2c: No pullup config specified
09-29 18:23:59.180     9     9 I         : (5)[9:kworker/u24:0][    2.093890]@5 i2c_geni a94000.i2c: Bus frequency is set to 100000Hz.
09-29 18:23:59.180     9     9 I         : (5)[9:kworker/u24:0][    2.096328]@5 I2C PMIC: i2c_pmic_probe: I2C PMIC probe successful
09-29 18:23:59.180    76    76 E         : (2)[76:kworker/u24:1][    2.100650]@2 ufshcd-qcom 1d84000.ufshc: ufshcd_print_pwr_info:[RX, TX]: gear=[1, 1], lane[1, 1], pwr[SLOWAUTO_MODE, SLOWAUTO_MODE], rate = 0
09-29 18:23:59.180     9     9 E (5)[9:kworker/u24:0][    2.102447]@5 PM8008: pm8008_parse_regulator: read 0x51F2 register = 6
09-29 18:23:59.180     9     9 E (5)[9:kworker/u24:0][    2.103085]@5 PM8008: pm8008_parse_regulator: read 0x1F1 register = 23
09-29 18:23:59.180     9     9 I (5)[9:kworker/u24:0][    2.105942]@5 pm8010j_l1: supplied by pm8350_s12
09-29 18:23:59.180     9     9 I (5)[9:kworker/u24:0][    2.110135]@5 pm8010j_l2: supplied by pm8350_s12
09-29 18:23:59.180   268   268 E         : (3)[268:op_kernel_log][    2.112145]@3 [op_kernel_log] Failed to get dev block, retry 48
09-29 18:23:59.180     9     9 I (5)[9:kworker/u24:0][    2.115326]@5 pm8010j_l3: supplied by pm8350c_bob
09-29 18:23:59.180     9     9 I (5)[9:kworker/u24:0][    2.120480]@5 pm8010j_l4: supplied by pm8350c_bob
09-29 18:23:59.180     9     9 I (5)[9:kworker/u24:0][    2.124141]@5 pm8010j_l5: Bringing 2800000uV into 1800000-1800000uV
09-29 18:23:59.180     9     9 I (2)[9:kworker/u24:0][    2.128572]@2 pm8010j_l5: supplied by pm8350c_s1
09-29 18:23:59.180     9     9 I (2)[9:kworker/u24:0][    2.134018]@2 pm8010j_l6: supplied by pm8350c_bob
09-29 18:23:59.180   270   270 D (3)[270:kworker/u24:2][    2.135102]@3 cnss: Assert WLAN_EN GPIO successfully
09-29 18:23:59.180   270   270 D (3)[270:kworker/u24:2][    2.135122]@3 cnss: Trying to enumerate with PCIe RC0
09-29 18:23:59.180     9     9 I (2)[9:kworker/u24:0][    2.139417]@2 pm8010j_l7: supplied by pm8350c_bob
09-29 18:23:59.180     9     9 I         : (2)[9:kworker/u24:0][    2.140861]@2 I2C PMIC: i2c_pmic_probe: I2C PMIC probe successful
09-29 18:23:59.180     9     9 I         : (2)[9:kworker/u24:0][    2.141008]@2 i2c_geni a94000.i2c: I2C probed
09-29 18:23:59.180     9     9 I         : (2)[9:kworker/u24:0][    2.141751]@2 msm_geni_serial 890000.qcom,qup_uart: Wakeup byte 0xfd
09-29 18:23:59.180     9     9 I         : (2)[9:kworker/u24:0][    2.141802]@2 gpio gpiochip0: (f000000.pinctrl): allocate IRQ 354, hwirq 71
09-29 18:23:59.180     9     9 I         : (2)[9:kworker/u24:0][    2.141810]@2 gpio gpiochip0: (f000000.pinctrl): found parent hwirq 134
09-29 18:23:59.180     9     9 I         : (2)[9:kworker/u24:0][    2.141818]@2 gpio gpiochip0: (f000000.pinctrl): alloc_irqs_parent for 354 parent hwirq 134
09-29 18:23:59.180     9     9 I         : (2)[9:kworker/u24:0][    2.141903]@2 msm_geni_serial 890000.qcom,qup_uart: Serial port0 added.FifoSize 64 is_console0
09-29 18:23:59.180     9     9 E         : (2)[9:kworker/u24:0][    2.141917]@2 msm_geni_serial 890000.qcom,qup_uart: Failed to create dbg dir
09-29 18:23:59.180     9     9 I (2)[9:kworker/u24:0][    2.142402]@2 890000.qcom,qup_uart: ttyHS0 at MMIO 0x890000 (irq = 195, base_baud = 0) is a MSM
09-29 18:23:59.180     9     9 E         : (2)[9:kworker/u24:0][    2.142839]@2 i2c_geni 884000.i2c: No pulldown config specified
09-29 18:23:59.180     9     9 E         : (2)[9:kworker/u24:0][    2.142847]@2 i2c_geni 884000.i2c: No pullup config specified
09-29 18:23:59.180     9     9 I         : (2)[9:kworker/u24:0][    2.142853]@2 i2c_geni 884000.i2c: Bus frequency is set to 400000Hz.
09-29 18:23:59.180     9     9 E         : (2)[9:kworker/u24:0][    2.143319]@2 i2c i2c-8: Failed to register i2c client nq-nci at 0x28 (-16)
09-29 18:23:59.180     9     9 E         : (2)[9:kworker/u24:0][    2.143329]@2 i2c i2c-8: of_i2c: Failure registering /soc/i2c@884000/sn-nci@28
09-29 18:23:59.180     9     9 E         : (2)[9:kworker/u24:0][    2.143336]@2 i2c i2c-8: Failed to create I2C device for /soc/i2c@884000/sn-nci@28
09-29 18:23:59.180     9     9 I         : (2)[9:kworker/u24:0][    2.143348]@2 i2c_geni 884000.i2c: I2C probed
09-29 18:23:59.180   290   290 I         : (1)[290:kworker/u24:3][    2.143674]@1 gpio gpiochip0: (f000000.pinctrl): allocate IRQ 355, hwirq 87
09-29 18:23:59.180   290   290 I         : (1)[290:kworker/u24:3][    2.143683]@1 gpio gpiochip0: (f000000.pinctrl): found parent hwirq 138
09-29 18:23:59.180   290   290 I         : (1)[290:kworker/u24:3][    2.143691]@1 gpio gpiochip0: (f000000.pinctrl): alloc_irqs_parent for 355 parent hwirq 138
09-29 18:23:59.180   290   290 E (1)[290:kworker/u24:3][    2.143705]@1 nqx_probe: enter
09-29 18:23:59.180   290   290 E         : (1)[290:kworker/u24:3][    2.143711]@1 oplus_nfc target_chipset = SN100T|SN110T, current_chipset = SN100T
09-29 18:23:59.180   290   290 W         : (1)[290:kworker/u24:3][    2.143736]@1 nq-nci 8-0028: ese GPIO <OPTIONAL> error getting from OF node
09-29 18:23:59.180   290   290 E         : (1)[290:kworker/u24:3][    2.143743]@1 nq-nci 8-0028: error reading NFC VDDIO min and max value
09-29 18:23:59.180   290   290 E         : (1)[290:kworker/u24:3][    2.143750]@1 nq-nci 8-0028: error reading NFC current value
09-29 18:23:59.180   290   290 E         : (1)[290:kworker/u24:3][    2.143779]@1 nq-nci 8-0028: nqx_probe: ese gpio not provided
09-29 18:23:59.180     9     9 E         : (2)[9:kworker/u24:0][    2.143808]@2 i2c_geni 894000.i2c: No pulldown config specified
09-29 18:23:59.180     9     9 E         : (2)[9:kworker/u24:0][    2.143817]@2 i2c_geni 894000.i2c: No pullup config specified
09-29 18:23:59.180     9     9 I         : (2)[9:kworker/u24:0][    2.143823]@2 i2c_geni 894000.i2c: Bus frequency is set to 400000Hz.
09-29 18:23:59.180   290   290 E         : (1)[290:kworker/u24:3][    2.143897]@1 nq-nci 8-0028: nfc_ldo_config: regulator entry not present
09-29 18:23:59.180     9     9 E         : (2)[9:kworker/u24:0][    2.144594]@2 fsa4480_probe enter fsa4480_probe
09-29 18:23:59.180     9     9 I         : (2)[9:kworker/u24:0][    2.144859]@2 fsa4480-driver 4-0042: fsa4480_probe: device id reg value: 0x9
09-29 18:23:59.180     9     9 I         : (2)[9:kworker/u24:0][    2.144868]@2 fsa4480-driver 4-0042: fsa4480_probe: switch chip is FSA4480
09-29 18:23:59.180     9     9 I         : (2)[9:kworker/u24:0][    2.146547]@2 fsa4480-driver 4-0042: fsa4480_probe: Looking up qcom,use-power-supply property failed or disabled
09-29 18:23:59.180     9     9 I         : (2)[9:kworker/u24:0][    2.146846]@2 i2c_geni 894000.i2c: I2C probed
09-29 18:23:59.180     9     9 I         : (2)[9:kworker/u24:0][    2.149717]@2 ipa 1e00000.qcom,ipa:ipa_smmu_ap: Adding to iommu group 44
09-29 18:23:59.180     9     9 I         : (2)[9:kworker/u24:0][    2.150183]@2 ipa 1e00000.qcom,ipa:ipa_smmu_wlan: Adding to iommu group 45
09-29 18:23:59.180     9     9 I         : (2)[9:kworker/u24:0][    2.150621]@2 ipa 1e00000.qcom,ipa:ipa_smmu_uc: Adding to iommu group 46
09-29 18:23:59.180     9     9 I         : (2)[9:kworker/u24:0][    2.151060]@2 ipa 1e00000.qcom,ipa:ipa_smmu_11ad: Adding to iommu group 47
09-29 18:23:59.180     9     9 W         : (2)[9:kworker/u24:0][    2.153082]@2 minidump-id not found for venus
09-29 18:23:59.180     9     9 I         : (2)[9:kworker/u24:0][    2.153897]@2 spss_utils [spss_parse_dt]: iar_buf_addr [0x8b600000].
09-29 18:23:59.180     9     9 I         : (2)[9:kworker/u24:0][    2.153993]@2 spss_utils [spss_probe]: Probe completed successfully, [spss1p].
09-29 18:23:59.180     1     1 I (7)[1:swapper/0][    2.155994]@7 BOOTPROF: 2155.994016:initcall: deferred_probe_initcall   144.649532ms
09-29 18:23:59.180     1     1 I         : (7)[1:swapper/0][    2.155998]@7 [tri_state_key]  ist8801_up_init : call
09-29 18:23:59.180     1     1 I         : (7)[1:swapper/0][    2.156030]@7 [tri_state_key]  ist8801_down_init : call
09-29 18:23:59.180     1     1 I         : (7)[1:swapper/0][    2.156037]@7 [tri_state_key]  tri_key_m1120_driver_init_up : log tri_key_m1120_driver_init_up
09-29 18:23:59.180     1     1 I         : (7)[1:swapper/0][    2.156044]@7 [tri_state_key]  tri_key_m1120_driver_init_up : log tri_key_m1120_driver_init_up, res : 0
09-29 18:23:59.180     1     1 I         : (7)[1:swapper/0][    2.156047]@7 [tri_state_key]  tri_key_m1120_driver_init_down : log tri_key_m1120_driver_init_down
09-29 18:23:59.180     1     1 I         : (7)[1:swapper/0][    2.156053]@7 [tri_state_key]  tri_key_m1120_driver_init_down : log tri_key_m1120_driver_init_down, res : 0
09-29 18:23:59.180     1     1 E         : (7)[1:swapper/0][    2.156224]@7 op_rf_cable_probe enter!
09-29 18:23:59.180     1     1 E (7)[1:swapper/0][    2.156226]@7 op_rf_cable_probe: get rf_pds__support_num error.
09-29 18:23:59.180     1     1 I         : (7)[1:swapper/0][    2.161278]@7 gpio gpiochip0: (f000000.pinctrl): allocate IRQ 356, hwirq 99
09-29 18:23:59.180     1     1 I         : (7)[1:swapper/0][    2.161281]@7 gpio gpiochip0: (f000000.pinctrl): found parent hwirq 150
09-29 18:23:59.180     1     1 I         : (7)[1:swapper/0][    2.161284]@7 gpio gpiochip0: (f000000.pinctrl): alloc_irqs_parent for 356 parent hwirq 150
09-29 18:23:59.180     1     1 E (7)[1:swapper/0][    2.161450]@7 op_rf_cable_probe: probe ok, rf_cable, SMEM_RF_INFO:136, sts:-256, [0_gpio:407, 0_val:0], [1_gpio:-2, 1_val:255], [2_gpio:-2, 2_val:255], [3_gpio:-2, 3_val:255], 0_irq:356, 1_irq:0, 2_irq:0, 3_irq:0.
09-29 18:23:59.180     1     1 E (7)[1:swapper/0][    2.161453]@7 op_rf_cable_probe: probe ok, rf_pds, SMEM_RF_INFO:136, sts:-1, [0_gpio:-2, 0_val:255], [1_gpio:-2, 1_val:255], [2_gpio:-2, 2_val:255], [3_gpio:-2, 3_val:255], 0_irq:0, 1_irq:0, 2_irq:0, 3_irq:0.
09-29 18:23:59.180     1     1 I (7)[1:swapper/0][    2.161585]@7 op_rf_cable_init: enter
09-29 18:23:59.180     1     1 I         : (7)[1:swapper/0][    2.162006]@7 gpio gpiochip2: (c440000.qcom,spmi:qcom,pm8350@1:pinctrl@8800): allocate IRQ 357, hwirq 5
09-29 18:23:59.180     1     1 I         : (7)[1:swapper/0][    2.162009]@7 gpio gpiochip2: (c440000.qcom,spmi:qcom,pm8350@1:pinctrl@8800): found parent hwirq 141
09-29 18:23:59.180     1     1 I         : (7)[1:swapper/0][    2.162011]@7 gpio gpiochip2: (c440000.qcom,spmi:qcom,pm8350@1:pinctrl@8800): alloc_irqs_parent for 357 parent hwirq 141
09-29 18:23:59.180     1     1 I (7)[1:swapper/0][    2.162104]@7 input: gpio-keys as /devices/platform/soc/soc:gpio_keys/input/input2
09-29 18:23:59.180     1     1 E (7)[1:swapper/0][    2.162206]@7 [TP]synaptics-s3908: tp_driver_init_syna_tcm is called
09-29 18:23:59.180     1     1 E         : (7)[1:swapper/0][    2.162208]@7 [TP] tp_ic_name = synaptics-s3908
09-29 18:23:59.180     1     1 E         : (7)[1:swapper/0][    2.162210]@7 [TP] tp_dsi_display_primary = qcom,mdss_dsi_oplus21617samsung_ams662zs01_1080_2400_cmd_dvt:focaltech,ft3658u
09-29 18:23:59.180     1     1 E         : (7)[1:swapper/0][    2.162212]@7 [TP] tp_dsi_display_secondary =
09-29 18:23:59.180     1     1 E         : (7)[1:swapper/0][    2.162214]@7 [TP] tp_judge_ic_match not match ok
09-29 18:23:59.180     1     1 E (7)[1:swapper/0][    2.162215]@7 [TP]synaptics-s3908: tp_driver_init_syna_tcm syna not match ic.
09-29 18:23:59.180     1     1 E (7)[1:swapper/0][    2.162217]@7 [TP]synaptics-s3910: tp_driver_init_syna_tcm is called
09-29 18:23:59.180     1     1 E         : (7)[1:swapper/0][    2.162219]@7 [TP] tp_ic_name = synaptics-s3910
09-29 18:23:59.180     1     1 E         : (7)[1:swapper/0][    2.162221]@7 [TP] tp_dsi_display_primary = qcom,mdss_dsi_oplus21617samsung_ams662zs01_1080_2400_cmd_dvt:focaltech,ft3658u
09-29 18:23:59.180     1     1 E         : (7)[1:swapper/0][    2.162222]@7 [TP] tp_dsi_display_secondary =
09-29 18:23:59.180     1     1 E         : (7)[1:swapper/0][    2.162224]@7 [TP] tp_judge_ic_match not match ok
09-29 18:23:59.180     1     1 E (7)[1:swapper/0][    2.162226]@7 [TP]synaptics-s3910: tp_driver_init_syna_tcm: tp_judge_ic_match fail
09-29 18:23:59.180     1     1 E (7)[1:swapper/0][    2.162227]@7 [TP]focaltech,fts: tp_driver_init_ft3518 is called
09-29 18:23:59.180     1     1 E         : (7)[1:swapper/0][    2.162229]@7 [TP] tp_ic_name = focaltech,fts
09-29 18:23:59.180     1     1 E         : (7)[1:swapper/0][    2.162231]@7 [TP] tp_dsi_display_primary = qcom,mdss_dsi_oplus21617samsung_ams662zs01_1080_2400_cmd_dvt:focaltech,ft3658u
09-29 18:23:59.180     1     1 E         : (7)[1:swapper/0][    2.162233]@7 [TP] tp_dsi_display_secondary =
09-29 18:23:59.180     1     1 E         : (7)[1:swapper/0][    2.162234]@7 [TP] tp_judge_ic_match not match ok
09-29 18:23:59.180     1     1 E (7)[1:swapper/0][    2.162236]@7 [TP]focaltech,ft3658u: tp_driver_init_ft3658u is called
09-29 18:23:59.180     1     1 E         : (7)[1:swapper/0][    2.162238]@7 [TP] tp_ic_name = focaltech,ft3658u
09-29 18:23:59.180     1     1 E         : (7)[1:swapper/0][    2.162240]@7 [TP] tp_dsi_display_primary = qcom,mdss_dsi_oplus21617samsung_ams662zs01_1080_2400_cmd_dvt:focaltech,ft3658u
09-29 18:23:59.180     1     1 E         : (7)[1:swapper/0][    2.162241]@7 [TP] tp_dsi_display_secondary =
09-29 18:23:59.180     1     1 E         : (7)[1:swapper/0][    2.162243]@7 [TP] display_primary:tp_judge_ic_match match ok
09-29 18:23:59.180     1     1 I         : (7)[1:swapper/0][    2.162333]@7 gpio gpiochip0: (f000000.pinctrl): allocate IRQ 358, hwirq 23
09-29 18:23:59.180     1     1 I         : (7)[1:swapper/0][    2.162335]@7 gpio gpiochip0: (f000000.pinctrl): found parent hwirq 84
09-29 18:23:59.180     1     1 I         : (7)[1:swapper/0][    2.162337]@7 gpio gpiochip0: (f000000.pinctrl): alloc_irqs_parent for 358 parent hwirq 84
09-29 18:23:59.180     1     1 E (7)[1:swapper/0][    2.162342]@7 [TP]focaltech,ft3658u: fts3658u_tp_probe  is called
09-29 18:23:59.180     1     1 E (7)[1:swapper/0][    2.162438]@7 [TP]focaltech,ft3658u: point check init
09-29 18:23:59.180     1     1 E (7)[1:swapper/0][TP]focaltech,ft3658u: ft3658u_parse_dts:high_resolution_support is:1 1
09-29 18:23:59.180     1     1 E (7)[1:swapper/0][    2.162447]@7 [TP]focaltech,ft3658u: default game value 1
09-29 18:23:59.180     1     1 I (7)[1:swapper/0][    2.162449]@7 [TP]touchpanel: register_common_touch_device  is called
09-29 18:23:59.180     1     1 I (7)[1:swapper/0][    2.162452]@7 [TP]touchpanel: ts->tp_index not specified
09-29 18:23:59.180     1     1 I (7)[1:swapper/0][    2.162453]@7 [TP]touchpanel: ts->tp_index is 0
09-29 18:23:59.180     1     1 I (7)[1:swapper/0][    2.162467]@7 [TP0]touchpanel: vdd_1v8_volt not defined
09-29 18:23:59.180     1     1 I (7)[1:swapper/0][    2.162477]@7 [TP0]touchpanel: init_parse_dts : irq_gpio = 331, irq_flags = 0x2002, reset_gpio = 330
09-29 18:23:59.180     1     1 I (7)[1:swapper/0][    2.162479]@7 [TP0]touchpanel: ts->cs-gpio not specified
09-29 18:23:59.180     1     1 I (7)[1:swapper/0][    2.162481]@7 [TP0]touchpanel: Failed to get the high state pinctrl handle
09-29 18:23:59.180     1     1 I (7)[1:swapper/0][    2.162483]@7 [TP0]touchpanel: Failed to get the low state pinctrl handle
09-29 18:23:59.180     1     1 I (7)[1:swapper/0][    2.162485]@7 [TP0]touchpanel: Failed to get the cs-gpio high state pinctrl
09-29 18:23:59.180     1     1 I (7)[1:swapper/0][    2.162486]@7 [TP0]touchpanel: Failed to get the cs-gpio low state pinctrl
09-29 18:23:59.180     1     1 I (7)[1:swapper/0][    2.162488]@7 [TP0]touchpanel: Failed to get the input state pinctrl handle
09-29 18:23:59.180     1     1 I (7)[1:swapper/0][    2.162490]@7 [TP]touchpanel: Failed to get pinctrl state:oplus_spi_active, r:-19
09-29 18:23:59.180     1     1 I (7)[1:swapper/0][TP]touchpanel: Failed to get pinctrl state:oplus_int_active, r:-19
09-29 18:23:59.180     1     1 I (7)[1:swapper/0][TP]touchpanel: Failed to get pinctrl state:oplus_reset_active, r:-19
09-29 18:23:59.180     1     1 I (7)[1:swapper/0][TP]touchpanel: success get avtive pinctrl state
09-29 18:23:59.180     1     1 I (7)[1:swapper/0][TP]touchpanel: Failed to get pinctrl state:oplus_spi_suspend, r:-19
09-29 18:23:59.180     1     1 I (7)[1:swapper/0][TP]touchpanel: Failed to get pinctrl state:oplus_int_suspend, r:-19
09-29 18:23:59.180     1     1 I (7)[1:swapper/0][TP]touchpanel: Failed to get pinctrl state:oplus_reset_suspend, r:-19
09-29 18:23:59.180     1     1 I (7)[1:swapper/0][TP]touchpanel: success get suspend pinctrl state
09-29 18:23:59.180     1     1 I (7)[1:swapper/0][TP0]touchpanel: ts->hw_res.enable2v8_gpio not specified
09-29 18:23:59.180     1     1 I (7)[1:swapper/0][    2.162504]@7 [TP0]touchpanel: ts->hw_res.enable1v8_gpio not specified
09-29 18:23:59.180     1     1 I (7)[1:swapper/0][    2.162506]@7 [TP0]touchpanel: int-mode not specified
09-29 18:23:59.180     1     1 I (7)[1:swapper/0][    2.162510]@7 [TP0]touchpanel: panel_type not specified, need to default 1
09-29 18:23:59.180     1     1 I (7)[1:swapper/0][TP0]touchpanel: find 1 num chip in dts
09-29 18:23:59.180     1     1 I (7)[1:swapper/0][TP0]touchpanel: panel_data.chip_name = FT3658U
09-29 18:23:59.180     1     1 I (7)[1:swapper/0][    2.162514]@7 [TP0]touchpanel: now has 1 num panel in dts
09-29 18:23:59.180     1     1 E         : (7)[1:swapper/0][    2.162518]@7 [TP] Driver match support project [136883]
09-29 18:23:59.180     1     1 E         : (7)[1:swapper/0][    2.162520]@7 [TP] match panel type OK , panel type is [8]
09-29 18:23:59.180     1     1 I (7)[1:swapper/0][    2.162522]@7 [TP0]touchpanel: read firmware-data-0 firmware in dts
09-29 18:23:59.180     1     1 I (7)[1:swapper/0][TP0]touchpanel: No firmware in dts !
09-29 18:23:59.180     1     1 I (7)[1:swapper/0][    2.162526]@7 [TP0]touchpanel: ts->irq_need_dev_resume_time not specified
09-29 18:23:59.180     1     1 E (7)[1:swapper/0][    2.162527]@7 [TP0]touchpanel: ts->irq_need_dev_resume_time = 50 ms
09-29 18:23:59.180     1     1 I (7)[1:swapper/0][    2.162530]@7 [TP0]touchpanel: tx_num = 16, rx_num = 35
09-29 18:23:59.180     1     1 I (7)[1:swapper/0][    2.162532]@7 [TP0]touchpanel: LCD_WIDTH = 1080, LCD_HEIGHT = 2400, max_x = 8640, max_y = 19200, limit_witdh = 0, limit_height = 54
09-29 18:23:59.180     1     1 I (7)[1:swapper/0][    2.162534]@7 [TP0]touchpanel: error:button-type should be setting in dts!
09-29 18:23:59.180     1     1 I (7)[1:swapper/0][TP0]touchpanel: key_tx is 0, key_rx is 0
09-29 18:23:59.180     1     1 E (7)[1:swapper/0][    2.162539]@7 [TP0]touchpanel: smooth_level_charging_array not specified -22
09-29 18:23:59.180     1     1 I (7)[1:swapper/0][    2.162541]@7 [TP0]touchpanel: sensitive_charging_array not specified -22
09-29 18:23:59.180     1     1 I (7)[1:swapper/0][    2.162543]@7 [TP0]touchpanel: error:game_perf_para_default should be setting in dts!
09-29 18:23:59.180     1     1 I (7)[1:swapper/0][    2.162545]@7 [TP0]touchpanel: panel is oncell!
09-29 18:23:59.180     1     1 I (7)[1:swapper/0][    2.162547]@7 [TP0]touchpanel: tp_ic_type not specified
09-29 18:23:59.180     1     1 I (7)[1:swapper/0][    2.162549]@7 [TP0]touchpanel: ts->single_optimized_time not specified
09-29 18:23:59.180     1     1 I (7)[1:swapper/0][    2.162551]@7 [TP]touchpanel: report_rate_limit not specified,we will set it 60hz
09-29 18:23:59.180     1     1 W         : (7)[1:swapper/0][    2.162553]@7 focaltech,ft3658u 5-0038: init_parse_dts: No trusted touch mode environment
09-29 18:23:59.180     1     1 E (7)[1:swapper/0][    2.162556]@7 [TP]touchpanel: is_support_child_node: panel_node = FT3658U_PANEL8.
09-29 18:23:59.181     1     1 E (7)[1:swapper/0][    2.162558]@7 [TP0]touchpanel: child_node not defined.
09-29 18:23:59.181     1     1 I (7)[1:swapper/0][    2.162970]@7 [TP0]touchpanel: ts_check_panel_dt: [oplus,dsi-display-dev] is missing, try to find [panel] node
09-29 18:23:59.181     1     1 I (7)[1:swapper/0][    2.162976]@7 [TP0]touchpanel: ts_check_panel_dt: panel[0] IS_ERR =1
09-29 18:23:59.181     1     1 I (7)[1:swapper/0][    2.162980]@7 [TP0]touchpanel: ts_check_panel_dt: panel[1] IS_ERR =1
09-29 18:23:59.181     1     1 E (7)[1:swapper/0][    2.162982]@7 [TP0]touchpanel: register_common_touch_device: ts_check_panel_dt failed.
09-29 18:23:59.181     1     1 E (7)[1:swapper/0][    2.162984]@7 [TP]focaltech,ft3658u: fts3658u_tp_probe, probe error
09-29 18:23:59.181     1     1 E (7)[1:swapper/0][    2.163012]@7 [TP]focaltech-FT3681: tp_driver_init_ft3681 is called
09-29 18:23:59.181     1     1 E         : (7)[1:swapper/0][    2.163014]@7 [TP] tp_ic_name = focaltech-FT3681
09-29 18:23:59.181     1     1 E         : (7)[1:swapper/0][    2.163016]@7 [TP] tp_dsi_display_primary = qcom,mdss_dsi_oplus21617samsung_ams662zs01_1080_2400_cmd_dvt:focaltech,ft3658u
09-29 18:23:59.181     1     1 E         : (7)[1:swapper/0][    2.163018]@7 [TP] tp_dsi_display_secondary =
09-29 18:23:59.181     1     1 E         : (7)[1:swapper/0][    2.163019]@7 [TP] tp_judge_ic_match not match ok
09-29 18:23:59.181     1     1 E (7)[1:swapper/0][    2.163021]@7 [TP]sec-s6sy791: tp_driver_init_y791 is called
09-29 18:23:59.181     1     1 E         : (7)[1:swapper/0][    2.163023]@7 [TP] tp_ic_name = sec-s6sy791
09-29 18:23:59.181     1     1 E         : (7)[1:swapper/0][    2.163024]@7 [TP] tp_dsi_display_primary = qcom,mdss_dsi_oplus21617samsung_ams662zs01_1080_2400_cmd_dvt:focaltech,ft3658u
09-29 18:23:59.181     1     1 E         : (7)[1:swapper/0][    2.163026]@7 [TP] tp_dsi_display_secondary =
09-29 18:23:59.181     1     1 E         : (7)[1:swapper/0][    2.163028]@7 [TP] tp_judge_ic_match not match ok
09-29 18:23:59.181     1     1 E (7)[1:swapper/0][    2.163030]@7 [TP]sec-s6sy792: tp_driver_init_y792 is called
09-29 18:23:59.181     1     1 E         : (7)[1:swapper/0][    2.163032]@7 [TP] tp_ic_name = sec-s6sy792
09-29 18:23:59.181     1     1 E         : (7)[1:swapper/0][    2.163034]@7 [TP] tp_dsi_display_primary = qcom,mdss_dsi_oplus21617samsung_ams662zs01_1080_2400_cmd_dvt:focaltech,ft3658u
09-29 18:23:59.181     1     1 E         : (7)[1:swapper/0][    2.163035]@7 [TP] tp_dsi_display_secondary =
09-29 18:23:59.181     1     1 E         : (7)[1:swapper/0][    2.163037]@7 [TP] tp_judge_ic_match not match ok
09-29 18:23:59.181     1     1 I (7)[1:swapper/0][    2.163039]@7 [TP]ILITEK: [INFO](tp_driver_init_ili_7807s, 3963): tp_driver_init_ili_7807s is called
09-29 18:23:59.181     1     1 E         : (7)[1:swapper/0][    2.163041]@7 [TP] tp_ic_name = ili7807s
09-29 18:23:59.181     1     1 E         : (7)[1:swapper/0][    2.163042]@7 [TP] tp_dsi_display_primary = qcom,mdss_dsi_oplus21617samsung_ams662zs01_1080_2400_cmd_dvt:focaltech,ft3658u
09-29 18:23:59.181     1     1 E         : (7)[1:swapper/0][    2.163044]@7 [TP] tp_dsi_display_secondary =
09-29 18:23:59.181     1     1 E         : (7)[1:swapper/0][    2.163046]@7 [TP] tp_judge_ic_match not match ok
09-29 18:23:59.181     1     1 E (7)[1:swapper/0][    2.163047]@7 [TP]ILITEK: [ERR](tp_driver_init_ili_7807s, 3966): TP driver is already register
09-29 18:23:59.179   455   455 D hw-ProcessState: Binder ioctl to enable oneway spam detection failed: Invalid argument
09-29 18:23:59.181     1     1 E (7)[1:swapper/0][    2.163049]@7 [TP]st-st80y: st80y_driver_init is called
09-29 18:23:59.180   455   455 E SELinux : avc:  denied  { add } for interface=android.hidl.base::IBase sid=u:r:recovery:s0 pid=455 scontext=u:r:recovery:s0 tcontext=u:object_r:hidl_base_hwservice:s0 tclass=hwservice_manager permissive=1
09-29 18:23:59.180   455   455 E SELinux : avc:  denied  { add } for interface=android.hidl.manager::IServiceManager sid=u:r:recovery:s0 pid=455 scontext=u:r:recovery:s0 tcontext=u:object_r:hidl_manager_hwservice:s0 tclass=hwservice_manager permissive=1
09-29 18:23:59.180   455   455 I hwservicemanager: getFrameworkHalManifest: Reading VINTF information.
09-29 18:23:59.181     1     1 E         : (7)[1:swapper/0][    2.163051]@7 [TP] tp_ic_name = st-st80y
09-29 18:23:59.180   455   455 I hwservicemanager: getDeviceHalManifest: Reading VINTF information.
09-29 18:23:59.181     1     1 E         : (7)[1:swapper/0][    2.163053]@7 [TP] tp_dsi_display_primary = qcom,mdss_dsi_oplus21617samsung_ams662zs01_1080_2400_cmd_dvt:focaltech,ft3658u
09-29 18:23:59.181     1     1 E         : (7)[1:swapper/0][    2.163054]@7 [TP] tp_dsi_display_secondary =
09-29 18:23:59.180   455   455 I hwservicemanager: getDeviceHalManifest: Successfully processed VINTF information
09-29 18:23:59.181     1     1 E         : (7)[1:swapper/0][    2.163056]@7 [TP] tp_judge_ic_match not match ok
09-29 18:23:59.181     1     1 E         : (7)[1:swapper/0][    2.163105]@7 [NVT-ts] nvt_driver_init 3337: start
09-29 18:23:59.180   455   455 I hwservicemanager: getFrameworkHalManifest: Successfully processed VINTF information
09-29 18:23:59.181     1     1 E         : (7)[1:swapper/0][    2.163113]@7 [NVT-ts] nvt_driver_init 3345: finished
09-29 18:23:59.181     1     1 W         : (7)[1:swapper/0][    2.163115]@7 [+silead_fp-] SILEAD_FP Driver, Version: v0.3.5.
09-29 18:23:59.180   455   455 E SELinux : avc:  denied  { add } for interface=android.hidl.token::ITokenManager sid=u:r:recovery:s0 pid=455 scontext=u:r:recovery:s0 tcontext=u:object_r:hidl_token_hwservice:s0 tclass=hwservice_manager permissive=1
09-29 18:23:59.181     1     1 E (7)[1:swapper/0][    2.163388]@7 gf_qcom: gf_probe, found not goodix sensor
09-29 18:23:59.181     1     1 I (7)[1:swapper/0][    2.163425]@7 gf_qcom: status = 0x0
09-29 18:23:59.181     1     1 I         : (7)[1:swapper/0][    2.163495]@7 jiiov_fp soc:jiiov_fp: Anc Probe
09-29 18:23:59.181     1     1 W         : (7)[1:swapper/0][    2.163498]@7 anc_netlink_init
09-29 18:23:59.181     1     1 I         : (7)[1:swapper/0][    2.163500]@7 register tp event handler
09-29 18:23:59.181   458   458 D hw-ProcessState: Binder ioctl to enable oneway spam detection failed: Invalid argument
09-29 18:23:59.181     1     1 I (7)[1:swapper/0]jiiov_fp soc: jiiov_fp: anc_probe: Major number of device = 479
09-29 18:23:59.181     1     1 I         : (7)[1:swapper/0][    2.163519]@7 jiiov_fp soc:jiiov_fp: anc,gpio_rst 336
09-29 18:23:59.181     1     1 I         : (7)[1:swapper/0][    2.163537]@7 jiiov_fp soc:jiiov_fp: found pin control anc_reset_reset
09-29 18:23:59.181   455   455 I hwservicemanager: hwservicemanager is ready now.
09-29 18:23:59.181     1     1 I         : (7)[1:swapper/0][    2.163539]@7 jiiov_fp soc:jiiov_fp: found pin control anc_reset_active
09-29 18:23:59.181     1     1 I         : (7)[1:swapper/0][    2.163540]@7 jiiov_fp soc:jiiov_fp: anc_probe, Enabling hardware
09-29 18:23:59.181   458   458 E cutils-trace: Error opening trace file: No such file or directory (2)
09-29 18:23:59.181     1     1 I         : (7)[1:swapper/0][    2.163542]@7 device power up
09-29 18:23:59.181     1     1 I (7)[1:swapper/0][    2.163544]@7 anc_power_onoff: power_onoff = 1
09-29 18:23:59.181     1     1 I         : (7)[1:swapper/0][    2.163971]@7 jiiov_fp soc:jiiov_fp: anc_probe: Create sysfs path = soc:jiiov_fp
09-29 18:23:59.181   455   455 E cutils-trace: Error opening trace file: No such file or directory (2)
09-29 18:23:59.181     1     1 I         : (7)[1:swapper/0][    2.163977]@7 jiiov_fp soc:jiiov_fp: anc_probe: Probe Success
09-29 18:23:59.181     1     1 I         : (7)[1:swapper/0][    2.164024]@7 ancfp_init OK
09-29 18:23:59.181   461   461 E cutils-trace: Error opening trace file: No such file or directory (2)
09-29 18:23:59.181     9     9 E (1)[9:kworker/u24:0][    2.164445]@1 [TP]focaltech,ft3658u: fts3658u_tp_probe  is called
09-29 18:23:59.181     9     9 E (3)[9:kworker/u24:0][    2.164604]@3 [TP]focaltech,ft3658u: point check init
09-29 18:23:59.181   459   459 E cutils-trace: Error opening trace file: No such file or directory (2)
09-29 18:23:59.181     9     9 E (3)[9:kworker/u24:0][TP]focaltech,ft3658u: ft3658u_parse_dts:high_resolution_support is:1 1
09-29 18:23:59.182     9     9 E (3)[9:kworker/u24:0][    2.164622]@3 [TP]focaltech,ft3658u: default game value 1
09-29 18:23:59.181   455   455 E SELinux : avc:  denied  { find } for interface=android.hardware.vibrator::IVibrator sid=u:r:recovery:s0 pid=461 scontext=u:r:recovery:s0 tcontext=u:object_r:hal_vibrator_hwservice:s0 tclass=hwservice_manager permissive=1
09-29 18:23:59.182     9     9 I (3)[9:kworker/u24:0][    2.164627]@3 [TP]touchpanel: register_common_touch_device  is called
09-29 18:23:59.182     9     9 I (3)[9:kworker/u24:0][    2.164633]@3 [TP]touchpanel: ts->tp_index not specified
09-29 18:23:59.182     9     9 I (3)[9:kworker/u24:0][    2.164638]@3 [TP]touchpanel: ts->tp_index is 0
09-29 18:23:59.182     9     9 I (3)[9:kworker/u24:0][    2.164674]@3 [TP0]touchpanel: vdd_1v8_volt not defined
09-29 18:23:59.181   455   455 I hwservicemanager: getTransport: Cannot find entry android.hardware.vibrator@1.2::IVibrator/default in either framework or device VINTF manifest.
09-29 18:23:59.182     9     9 I (3)[9:kworker/u24:0][    2.164701]@3 [TP0]touchpanel: init_parse_dts : irq_gpio = 331, irq_flags = 0x2002, reset_gpio = 330
09-29 18:23:59.182     9     9 I (3)[9:kworker/u24:0][    2.164712]@3 [TP0]touchpanel: ts->cs-gpio not specified
09-29 18:23:59.181   455   455 E SELinux : avc:  denied  { find } for interface=android.hardware.keymaster::IKeymasterDevice sid=u:r:recovery:s0 pid=458 scontext=u:r:recovery:s0 tcontext=u:object_r:hal_keymaster_hwservice:s0 tclass=hwservice_manager permissive=1
09-29 18:23:59.182     9     9 I (3)[9:kworker/u24:0][    2.164718]@3 [TP0]touchpanel: Failed to get the high state pinctrl handle
09-29 18:23:59.182     9     9 I (3)[9:kworker/u24:0][    2.164723]@3 [TP0]touchpanel: Failed to get the low state pinctrl handle
09-29 18:23:59.182     9     9 I (3)[9:kworker/u24:0][    2.164728]@3 [TP0]touchpanel: Failed to get the cs-gpio high state pinctrl
09-29 18:23:59.182     9     9 I (3)[9:kworker/u24:0][    2.164733]@3 [TP0]touchpanel: Failed to get the cs-gpio low state pinctrl
09-29 18:23:59.181   461   461 E HidlServiceManagement: Service android.hardware.vibrator@1.2::IVibrator/default must be in VINTF manifest in order to register/get.
09-29 18:23:59.182     9     9 I (3)[9:kworker/u24:0][    2.164738]@3 [TP0]touchpanel: Failed to get the input state pinctrl handle
09-29 18:23:59.182     9     9 I (3)[9:kworker/u24:0][    2.164742]@3 [TP]touchpanel: Failed to get pinctrl state:oplus_spi_active, r:-19
09-29 18:23:59.182     9     9 I (3)[9:kworker/u24:0][TP]touchpanel: Failed to get pinctrl state:oplus_int_active, r:-19
09-29 18:23:59.182     9     9 I (3)[9:kworker/u24:0][TP]touchpanel: Failed to get pinctrl state:oplus_reset_active, r:-19
09-29 18:23:59.182     9     9 I (3)[9:kworker/u24:0][TP]touchpanel: success get avtive pinctrl state
09-29 18:23:59.182     9     9 I (3)[9:kworker/u24:0][TP]touchpanel: Failed to get pinctrl state:oplus_spi_suspend, r:-19
